Archive member included to satisfy reference by file (symbol)

c:/program files (x86)/gnu arm embedded toolchain/10 2021.10/bin/../lib/gcc/arm-none-eabi/10.3.1/../../../../arm-none-eabi/lib/thumb/v7e-m/nofp\libc.a(lib_a-exit.o)
                              c:/program files (x86)/gnu arm embedded toolchain/10 2021.10/bin/../lib/gcc/arm-none-eabi/10.3.1/../../../../arm-none-eabi/lib/thumb/v7e-m/nofp/crt0.o (exit)
c:/program files (x86)/gnu arm embedded toolchain/10 2021.10/bin/../lib/gcc/arm-none-eabi/10.3.1/../../../../arm-none-eabi/lib/thumb/v7e-m/nofp\libc.a(lib_a-impure.o)
                              c:/program files (x86)/gnu arm embedded toolchain/10 2021.10/bin/../lib/gcc/arm-none-eabi/10.3.1/../../../../arm-none-eabi/lib/thumb/v7e-m/nofp\libc.a(lib_a-exit.o) (_global_impure_ptr)
c:/program files (x86)/gnu arm embedded toolchain/10 2021.10/bin/../lib/gcc/arm-none-eabi/10.3.1/../../../../arm-none-eabi/lib/thumb/v7e-m/nofp\libc.a(lib_a-init.o)
                              c:/program files (x86)/gnu arm embedded toolchain/10 2021.10/bin/../lib/gcc/arm-none-eabi/10.3.1/../../../../arm-none-eabi/lib/thumb/v7e-m/nofp/crt0.o (__libc_init_array)
c:/program files (x86)/gnu arm embedded toolchain/10 2021.10/bin/../lib/gcc/arm-none-eabi/10.3.1/../../../../arm-none-eabi/lib/thumb/v7e-m/nofp\libc.a(lib_a-memset.o)
                              c:/program files (x86)/gnu arm embedded toolchain/10 2021.10/bin/../lib/gcc/arm-none-eabi/10.3.1/../../../../arm-none-eabi/lib/thumb/v7e-m/nofp/crt0.o (memset)
c:/program files (x86)/gnu arm embedded toolchain/10 2021.10/bin/../lib/gcc/arm-none-eabi/10.3.1/../../../../arm-none-eabi/lib/thumb/v7e-m/nofp\libc.a(lib_a-sprintf.o)
                              obj/code.c.o (sprintf)
c:/program files (x86)/gnu arm embedded toolchain/10 2021.10/bin/../lib/gcc/arm-none-eabi/10.3.1/../../../../arm-none-eabi/lib/thumb/v7e-m/nofp\libc.a(lib_a-strlen.o)
                              obj/code.c.o (strlen)
c:/program files (x86)/gnu arm embedded toolchain/10 2021.10/bin/../lib/gcc/arm-none-eabi/10.3.1/../../../../arm-none-eabi/lib/thumb/v7e-m/nofp\libc.a(lib_a-svfprintf.o)
                              c:/program files (x86)/gnu arm embedded toolchain/10 2021.10/bin/../lib/gcc/arm-none-eabi/10.3.1/../../../../arm-none-eabi/lib/thumb/v7e-m/nofp\libc.a(lib_a-sprintf.o) (_svfprintf_r)
c:/program files (x86)/gnu arm embedded toolchain/10 2021.10/bin/../lib/gcc/arm-none-eabi/10.3.1/../../../../arm-none-eabi/lib/thumb/v7e-m/nofp\libc.a(lib_a-__call_atexit.o)
                              c:/program files (x86)/gnu arm embedded toolchain/10 2021.10/bin/../lib/gcc/arm-none-eabi/10.3.1/../../../../arm-none-eabi/lib/thumb/v7e-m/nofp\libc.a(lib_a-exit.o) (__call_exitprocs)
c:/program files (x86)/gnu arm embedded toolchain/10 2021.10/bin/../lib/gcc/arm-none-eabi/10.3.1/../../../../arm-none-eabi/lib/thumb/v7e-m/nofp\libc.a(lib_a-atexit.o)
                              c:/program files (x86)/gnu arm embedded toolchain/10 2021.10/bin/../lib/gcc/arm-none-eabi/10.3.1/../../../../arm-none-eabi/lib/thumb/v7e-m/nofp\libc.a(lib_a-__call_atexit.o) (atexit)
c:/program files (x86)/gnu arm embedded toolchain/10 2021.10/bin/../lib/gcc/arm-none-eabi/10.3.1/../../../../arm-none-eabi/lib/thumb/v7e-m/nofp\libc.a(lib_a-dtoa.o)
                              c:/program files (x86)/gnu arm embedded toolchain/10 2021.10/bin/../lib/gcc/arm-none-eabi/10.3.1/../../../../arm-none-eabi/lib/thumb/v7e-m/nofp\libc.a(lib_a-svfprintf.o) (_dtoa_r)
c:/program files (x86)/gnu arm embedded toolchain/10 2021.10/bin/../lib/gcc/arm-none-eabi/10.3.1/../../../../arm-none-eabi/lib/thumb/v7e-m/nofp\libc.a(lib_a-fini.o)
                              c:/program files (x86)/gnu arm embedded toolchain/10 2021.10/bin/../lib/gcc/arm-none-eabi/10.3.1/../../../../arm-none-eabi/lib/thumb/v7e-m/nofp\libc.a(lib_a-__call_atexit.o) (__libc_fini_array)
c:/program files (x86)/gnu arm embedded toolchain/10 2021.10/bin/../lib/gcc/arm-none-eabi/10.3.1/../../../../arm-none-eabi/lib/thumb/v7e-m/nofp\libc.a(lib_a-freer.o)
                              c:/program files (x86)/gnu arm embedded toolchain/10 2021.10/bin/../lib/gcc/arm-none-eabi/10.3.1/../../../../arm-none-eabi/lib/thumb/v7e-m/nofp\libc.a(lib_a-svfprintf.o) (_free_r)
c:/program files (x86)/gnu arm embedded toolchain/10 2021.10/bin/../lib/gcc/arm-none-eabi/10.3.1/../../../../arm-none-eabi/lib/thumb/v7e-m/nofp\libc.a(lib_a-localeconv.o)
                              c:/program files (x86)/gnu arm embedded toolchain/10 2021.10/bin/../lib/gcc/arm-none-eabi/10.3.1/../../../../arm-none-eabi/lib/thumb/v7e-m/nofp\libc.a(lib_a-svfprintf.o) (_localeconv_r)
c:/program files (x86)/gnu arm embedded toolchain/10 2021.10/bin/../lib/gcc/arm-none-eabi/10.3.1/../../../../arm-none-eabi/lib/thumb/v7e-m/nofp\libc.a(lib_a-lock.o)
[...]
Memory Configuration

Name             Origin             Length             Attributes
m_interrupts     0x1ffe0000         0x00000400         xr
m_text           0x1ffe0400         0x0001fc00         xr
m_data           0x20000000         0x0001f000         rw
*default*        0x00000000         0xffffffff

Linker script and memory map

LOAD c:/program files (x86)/gnu arm embedded toolchain/10 2021.10/bin/../lib/gcc/arm-none-eabi/10.3.1/thumb/v7e-m/nofp/crti.o
LOAD c:/program files (x86)/gnu arm embedded toolchain/10 2021.10/bin/../lib/gcc/arm-none-eabi/10.3.1/thumb/v7e-m/nofp/crtbegin.o
LOAD c:/program files (x86)/gnu arm embedded toolchain/10 2021.10/bin/../lib/gcc/arm-none-eabi/10.3.1/../../../../arm-none-eabi/lib/thumb/v7e-m/nofp/crt0.o
LOAD obj/code.c.o
LOAD obj/ee_applcfg.c.o
LOAD obj/hal.c.o
LOAD obj/platform/devices/S32K148/startup/gcc/startup_S32K148.S.o
START GROUP
LOAD c:/program files (x86)/gnu arm embedded toolchain/10 2021.10/bin/../lib/gcc/arm-none-eabi/10.3.1/../../../../arm-none-eabi/lib/thumb/v7e-m/nofp\libstdc++.a
LOAD c:/program files (x86)/gnu arm embedded toolchain/10 2021.10/bin/../lib/gcc/arm-none-eabi/10.3.1/../../../../arm-none-eabi/lib/thumb/v7e-m/nofp\libsupc++.a
LOAD c:/program files (x86)/gnu arm embedded toolchain/10 2021.10/bin/../lib/gcc/arm-none-eabi/10.3.1/../../../../arm-none-eabi/lib/thumb/v7e-m/nofp\libm.a
LOAD c:/program files (x86)/gnu arm embedded toolchain/10 2021.10/bin/../lib/gcc/arm-none-eabi/10.3.1/../../../../arm-none-eabi/lib/thumb/v7e-m/nofp\libc.a
LOAD c:/program files (x86)/gnu arm embedded toolchain/10 2021.10/bin/../lib/gcc/arm-none-eabi/10.3.1/thumb/v7e-m/nofp\libgcc.a
LOAD D:\RTOS_PROJEKT\erica\workspace\s32_test\erika\lib\libs32sdk.a
LOAD D:\RTOS_PROJEKT\erica\workspace\s32_test\erika\lib\libee.a
END GROUP
START GROUP
LOAD c:/program files (x86)/gnu arm embedded toolchain/10 2021.10/bin/../lib/gcc/arm-none-eabi/10.3.1/thumb/v7e-m/nofp\libgcc.a
LOAD c:/program files (x86)/gnu arm embedded toolchain/10 2021.10/bin/../lib/gcc/arm-none-eabi/10.3.1/../../../../arm-none-eabi/lib/thumb/v7e-m/nofp\libc.a
END GROUP
LOAD c:/program files (x86)/gnu arm embedded toolchain/10 2021.10/bin/../lib/gcc/arm-none-eabi/10.3.1/thumb/v7e-m/nofp/crtend.o
LOAD c:/program files (x86)/gnu arm embedded toolchain/10 2021.10/bin/../lib/gcc/arm-none-eabi/10.3.1/thumb/v7e-m/nofp/crtn.o
                0x00000400                HEAP_SIZE = DEFINED (__heap_size__)?__heap_size__:0x400
                0x00000400                STACK_SIZE = DEFINED (__stack_size__)?__stack_size__:0x400

.interrupts     0x1ffe0000      0x400
                0x1ffe0000                __VECTOR_TABLE = .
                0x1ffe0000                . = ALIGN (0x4)
 *(.isr_vector)
 .isr_vector    0x1ffe0000      0x400 obj/platform/devices/S32K148/startup/gcc/startup_S32K148.S.o
                0x1ffe0000                __isr_vector
                0x1ffe0400                . = ALIGN (0x4)
                0x1ffe0000                __VECTOR_RAM = __VECTOR_TABLE
                0x00000000                __RAM_VECTOR_TABLE_SIZE = 0x0

.text           0x1ffe0400     0x26d0
                0x1ffe0400                . = ALIGN (0x4)
 *(.text)
 .text          0x1ffe0400       0x40 c:/program files (x86)/gnu arm embedded toolchain/10 2021.10/bin/../lib/gcc/arm-none-eabi/10.3.1/thumb/v7e-m/nofp/crtbegin.o
 .text          0x1ffe0440       0x4c obj/platform/devices/S32K148/startup/gcc/startup_S32K148.S.o
                0x1ffe0440                Reset_Handler
                0x1ffe0488                FTM5_Ch2_Ch3_IRQHandler
                0x1ffe0488                DebugMon_Handler
                0x1ffe0488                CAN0_ORed_IRQHandler
                0x1ffe0488                HardFault_Handler
                0x1ffe0488                FTM7_Ch2_Ch3_IRQHandler
                0x1ffe0488                Reserved103_IRQHandler
                0x1ffe0488                FTM7_Ch6_Ch7_IRQHandler
                0x1ffe0488                FTM2_Ovf_Reload_IRQHandler
                0x1ffe0488                Reserved50_IRQHandler
                0x1ffe0488                FTFC_Fault_IRQHandler
                0x1ffe0488                FTM0_Ch6_Ch7_IRQHandler
                0x1ffe0488                Reserved114_IRQHandler
                0x1ffe0488                NMI_Handler
                0x1ffe0488                ERM_double_fault_IRQHandler
                0x1ffe0488                DMA2_IRQHandler
                0x1ffe0488                Reserved59_IRQHandler
                0x1ffe0488                LPIT0_Ch0_IRQHandler
                0x1ffe0488                Reserved99_IRQHandler
                0x1ffe0488                FTM7_Ch4_Ch5_IRQHandler
                0x1ffe0488                FTM3_Ch6_Ch7_IRQHandler
                0x1ffe0488                CAN2_ORed_0_15_MB_IRQHandler
                0x1ffe0488                LPIT0_Ch3_IRQHandler
                0x1ffe0488                LPI2C1_Master_IRQHandler
                0x1ffe0488                FTM0_Ch4_Ch5_IRQHandler
                0x1ffe0488                CAN1_Error_IRQHandler
                0x1ffe0488                FTM4_Ch6_Ch7_IRQHandler
                0x1ffe0488                FTM3_Ch0_Ch1_IRQHandler
                0x1ffe0488                SWI_IRQHandler
                0x1ffe0488                ADC0_IRQHandler
                0x1ffe0488                FTM2_Ch4_Ch5_IRQHandler
                0x1ffe0488                UsageFault_Handler
                0x1ffe0488                FTM0_Ovf_Reload_IRQHandler
                0x1ffe0488                FTM4_Fault_IRQHandler
                0x1ffe0488                DefaultISR
                0x1ffe0488                DMA9_IRQHandler
                0x1ffe0488                Reserved58_IRQHandler
                0x1ffe0488                FTM7_Fault_IRQHandler
                0x1ffe0488                LPI2C1_Slave_IRQHandler
                0x1ffe0488                CAN1_ORed_0_15_MB_IRQHandler
                0x1ffe0488                FTM1_Ch2_Ch3_IRQHandler
                0x1ffe0488                DMA14_IRQHandler
                0x1ffe0488                Reserved82_IRQHandler
                0x1ffe0488                CAN0_ORed_16_31_MB_IRQHandler
                0x1ffe0488                LPI2C0_Slave_IRQHandler
                0x1ffe0488                PORTD_IRQHandler
                0x1ffe0488                SAI1_Rx_IRQHandler
                0x1ffe0488                Reserved69_IRQHandler
                0x1ffe0488                PORTB_IRQHandler
                0x1ffe0488                Reserved70_IRQHandler
                0x1ffe0488                ADC1_IRQHandler
                0x1ffe0488                FTM2_Ch2_Ch3_IRQHandler
                0x1ffe0488                FTM5_Ch0_Ch1_IRQHandler
                0x1ffe0488                Reserved53_IRQHandler
                0x1ffe0488                DMA5_IRQHandler
                0x1ffe0488                RTC_IRQHandler
                0x1ffe0488                PDB0_IRQHandler
                0x1ffe0488                Reserved54_IRQHandler
                0x1ffe0488                FTM6_Fault_IRQHandler
                0x1ffe0488                FTM2_Ch6_Ch7_IRQHandler
                0x1ffe0488                FTM6_Ch4_Ch5_IRQHandler
                0x1ffe0488                FTM3_Ch2_Ch3_IRQHandler
                0x1ffe0488                FTM6_Ch2_Ch3_IRQHandler
                0x1ffe0488                FTM2_Ch0_Ch1_IRQHandler
                0x1ffe0488                LPSPI1_IRQHandler
                0x1ffe0488                LPUART1_RxTx_IRQHandler
                0x1ffe0488                FTM4_Ovf_Reload_IRQHandler
                0x1ffe0488                RTC_Seconds_IRQHandler
                0x1ffe0488                FTM7_Ch0_Ch1_IRQHandler
                0x1ffe0488                CAN2_ORed_IRQHandler
                0x1ffe0488                Reserved110_IRQHandler
                0x1ffe0488                DMA11_IRQHandler
                0x1ffe0488                Reserved107_IRQHandler
                0x1ffe0488                ENET_TIMER_IRQHandler
                0x1ffe0488                Read_Collision_IRQHandler
                0x1ffe0488                CAN2_Error_IRQHandler
                0x1ffe0488                FTFC_IRQHandler
                0x1ffe0488                DMA7_IRQHandler
                0x1ffe0488                FTM1_Ch6_Ch7_IRQHandler
                0x1ffe0488                FTM5_Fault_IRQHandler
                0x1ffe0488                FTM6_Ovf_Reload_IRQHandler
                0x1ffe0488                LPIT0_Ch1_IRQHandler
                0x1ffe0488                FTM4_Ch0_Ch1_IRQHandler
                0x1ffe0488                FTM1_Ch4_Ch5_IRQHandler
                0x1ffe0488                FTM3_Ovf_Reload_IRQHandler
                0x1ffe0488                SAI0_Tx_IRQHandler
                0x1ffe0488                LPUART2_RxTx_IRQHandler
                0x1ffe0488                FTM5_Ch4_Ch5_IRQHandler
                0x1ffe0488                LPSPI0_IRQHandler
                0x1ffe0488                WDOG_EWM_IRQHandler
                0x1ffe0488                MemManage_Handler
                0x1ffe0488                Reserved83_IRQHandler
                0x1ffe0488                FTM0_Fault_IRQHandler
                0x1ffe0488                FTM6_Ch6_Ch7_IRQHandler
                0x1ffe0488                Reserved48_IRQHandler
                0x1ffe0488                ENET_TX_IRQHandler
                0x1ffe0488                ERM_single_fault_IRQHandler
                0x1ffe0488                FTM2_Fault_IRQHandler
                0x1ffe0488                FTM0_Ch2_Ch3_IRQHandler
                0x1ffe0488                DMA13_IRQHandler
                0x1ffe0488                FTM4_Ch2_Ch3_IRQHandler
                0x1ffe0488                FTM0_Ch0_Ch1_IRQHandler
                0x1ffe0488                FTM4_Ch4_Ch5_IRQHandler
                0x1ffe0488                FTM5_Ovf_Reload_IRQHandler
                0x1ffe0488                FTM3_Fault_IRQHandler
                0x1ffe0488                RCM_IRQHandler
                0x1ffe0488                DMA3_IRQHandler
                0x1ffe0488                Reserved100_IRQHandler
                0x1ffe0488                DMA0_IRQHandler
                0x1ffe0488                CAN1_ORed_IRQHandler
                0x1ffe0488                SAI0_Rx_IRQHandler
                0x1ffe0488                DMA15_IRQHandler
                0x1ffe0488                SCG_IRQHandler
                0x1ffe0488                PDB1_IRQHandler
                0x1ffe0488                CAN2_ORed_16_31_MB_IRQHandler
                0x1ffe0488                CAN0_Error_IRQHandler
                0x1ffe0488                LPI2C0_Master_IRQHandler
                0x1ffe0488                ENET_WAKE_IRQHandler
                0x1ffe0488                DMA4_IRQHandler
                0x1ffe0488                FTM1_Fault_IRQHandler
                0x1ffe0488                Reserved106_IRQHandler
                0x1ffe0488                ENET_ERR_IRQHandler
                0x1ffe0488                DMA_Error_IRQHandler
                0x1ffe0488                LVD_LVW_IRQHandler
                0x1ffe0488                ENET_STOP_IRQHandler
                0x1ffe0488                ENET_RX_IRQHandler
                0x1ffe0488                LPIT0_Ch2_IRQHandler
                0x1ffe0488                PORTA_IRQHandler
                0x1ffe0488                FTM5_Ch6_Ch7_IRQHandler
                0x1ffe0488                CAN1_ORed_16_31_MB_IRQHandler
                0x1ffe0488                MCM_IRQHandler
                0x1ffe0488                LPSPI2_IRQHandler
                0x1ffe0488                DMA12_IRQHandler
                0x1ffe0488                FTM7_Ovf_Reload_IRQHandler
                0x1ffe0488                FTM3_Ch4_Ch5_IRQHandler
                0x1ffe0488                CAN0_ORed_0_15_MB_IRQHandler
                0x1ffe0488                PORTE_IRQHandler
                0x1ffe0488                LPUART0_RxTx_IRQHandler
                0x1ffe0488                FTM6_Ch0_Ch1_IRQHandler
                0x1ffe0488                LPTMR0_IRQHandler
                0x1ffe0488                BusFault_Handler
                0x1ffe0488                FTM1_Ovf_Reload_IRQHandler
                0x1ffe0488                DMA8_IRQHandler
                0x1ffe0488                DMA10_IRQHandler
                0x1ffe0488                CAN0_Wake_Up_IRQHandler
                0x1ffe0488                QSPI_IRQHandler
                0x1ffe0488                CMP0_IRQHandler
                0x1ffe0488                Reserved52_IRQHandler
                0x1ffe0488                PORTC_IRQHandler
                0x1ffe0488                DMA6_IRQHandler
                0x1ffe0488                FTM1_Ch0_Ch1_IRQHandler
                0x1ffe0488                FLEXIO_IRQHandler
                0x1ffe0488                SAI1_Tx_IRQHandler
                0x1ffe0488                DMA1_IRQHandler
                0x1ffe0488                Reserved113_IRQHandler
 *fill*         0x1ffe048c       0x34 
 .text          0x1ffe04c0       0xdc c:/program files (x86)/gnu arm embedded toolchain/10 2021.10/bin/../lib/gcc/arm-none-eabi/10.3.1/../../../../arm-none-eabi/lib/thumb/v7e-m/nofp\libc.a(lib_a-strlen.o)
                0x1ffe04c0                strlen
 .text          0x1ffe059c       0x8c D:\RTOS_PROJEKT\erica\workspace\s32_test\erika\lib\libee.a(ee_cortex_m_asm.S.o)
                0x1ffe059c                osEE_hal_save_ctx_and_restore_ctx
                0x1ffe05b8                osEE_hal_restore_ctx
                0x1ffe05d8                osEE_hal_ready2stacked
                0x1ffe05e4                osEE_hal_save_ctx_and_ready2stacked
                0x1ffe0600                osEE_hal_terminate_ctx
                0x1ffe0608                osEE_cortex_m_restore_ctx
 .text          0x1ffe0628       0x60 D:\RTOS_PROJEKT\erica\workspace\s32_test\erika\lib\libee.a(ee_cortex_m_irq_asm.S.o)
                0x1ffe0628                osEE_set_switch_context_pri
                0x1ffe0644                osEE_cortex_m_trigger_pend_sv
                0x1ffe0650                PendSV_Handler
                0x1ffe066c                osEE_cortex_m_thread_end
                0x1ffe0670                SVC_Handler
 *(.text*)
 .text.StartupHook
                0x1ffe0688        0x2 obj/code.c.o
                0x1ffe0688                StartupHook
 .text.serial_print
                0x1ffe068a       0x1c obj/code.c.o
                0x1ffe068a                serial_print
 *fill*         0x1ffe06a6        0x2 
 .text.free_task1
                0x1ffe06a8       0x14 obj/code.c.o
                0x1ffe06a8                free_task1
 .text.idle_hook
                0x1ffe06bc       0x74 obj/code.c.o
                0x1ffe06bc                idle_hook
 .text.main     0x1ffe0730       0x10 obj/code.c.o
                0x1ffe0730                main
 .text.FuncTask1
                0x1ffe0740       0xa0 obj/code.c.o
                0x1ffe0740                FuncTask1
 .text.FuncTask2
                0x1ffe07e0       0x6c obj/code.c.o
                0x1ffe07e0                FuncTask2
 .text.FuncTask3
                0x1ffe084c       0x2c obj/code.c.o
                0x1ffe084c                FuncTask3
 .text.FuncTask4
                0x1ffe0878       0x20 obj/code.c.o
                0x1ffe0878                FuncTask4
 .text.FuncTask5
                0x1ffe0898       0x1c obj/code.c.o
                0x1ffe0898                FuncTask5
 .text.DemoHAL_MainFunction
                0x1ffe08b4        0x2 obj/hal.c.o
                0x1ffe08b4                DemoHAL_MainFunction
 *fill*         0x1ffe08b6        0x2 
 .text.DemoHAL_LedInit
                0x1ffe08b8       0x14 obj/hal.c.o
                0x1ffe08b8                DemoHAL_LedInit
 .text.DemoHAL_Init
                0x1ffe08cc       0x30 obj/hal.c.o
                0x1ffe08cc                DemoHAL_Init
 .text.DemoHAL_LedOn
                0x1ffe08fc       0x38 obj/hal.c.o
                0x1ffe08fc                DemoHAL_LedOn
 .text.DemoHAL_LedToggle
                0x1ffe0934       0x38 obj/hal.c.o
                0x1ffe0934                DemoHAL_LedToggle
 .text.DemoHAL_SerialWrite
                0x1ffe096c        0x2 obj/hal.c.o
                0x1ffe096c                DemoHAL_SerialWrite
 *fill*         0x1ffe096e        0x2 
 .text.startup.register_fini
                0x1ffe0970       0x14 c:/program files (x86)/gnu arm embedded toolchain/10 2021.10/bin/../lib/gcc/arm-none-eabi/10.3.1/../../../../arm-none-eabi/lib/thumb/v7e-m/nofp\libc.a(lib_a-__call_atexit.o)
 .text.atexit   0x1ffe0984        0xc c:/program files (x86)/gnu arm embedded toolchain/10 2021.10/bin/../lib/gcc/arm-none-eabi/10.3.1/../../../../arm-none-eabi/lib/thumb/v7e-m/nofp\libc.a(lib_a-atexit.o)
                0x1ffe0984                atexit
 .text.__libc_fini_array
                0x1ffe0990       0x2c c:/program files (x86)/gnu arm embedded toolchain/10 2021.10/bin/../lib/gcc/arm-none-eabi/10.3.1/../../../../arm-none-eabi/lib/thumb/v7e-m/nofp\libc.a(lib_a-fini.o)
                0x1ffe0990                __libc_fini_array
 .text.__retarget_lock_acquire_recursive
                0x1ffe09bc        0x4 c:/program files (x86)/gnu arm embedded toolchain/10 2021.10/bin/../lib/gcc/arm-none-eabi/10.3.1/../../../../arm-none-eabi/lib/thumb/v7e-m/nofp\libc.a(lib_a-lock.o)
                0x1ffe09bc                __retarget_lock_acquire_recursive
 .text.__retarget_lock_release_recursive
                0x1ffe09c0        0x4 c:/program files (x86)/gnu arm embedded toolchain/10 2021.10/bin/../lib/gcc/arm-none-eabi/10.3.1/../../../../arm-none-eabi/lib/thumb/v7e-m/nofp\libc.a(lib_a-lock.o)
                0x1ffe09c0                __retarget_lock_release_recursive
 .text.__register_exitproc
                0x1ffe09c4       0x8c c:/program files (x86)/gnu arm embedded toolchain/10 2021.10/bin/../lib/gcc/arm-none-eabi/10.3.1/../../../../arm-none-eabi/lib/thumb/v7e-m/nofp\libc.a(lib_a-__atexit.o)
                0x1ffe09c4                __register_exitproc
 .text.CLOCK_SYS_SetPccConfiguration
                0x1ffe0a50       0x84 D:\RTOS_PROJEKT\erica\workspace\s32_test\erika\lib\libs32sdk.a(clock_S32K1xx.c.o)
 .text.CLOCK_SYS_SetSimConfiguration
                0x1ffe0ad4      0x24c D:\RTOS_PROJEKT\erica\workspace\s32_test\erika\lib\libs32sdk.a(clock_S32K1xx.c.o)
 .text.CLOCK_SYS_SetPmcConfiguration
                0x1ffe0d20       0x40 D:\RTOS_PROJEKT\erica\workspace\s32_test\erika\lib\libs32sdk.a(clock_S32K1xx.c.o)
 .text.CLOCK_SYS_GetDefaultConfiguration
                0x1ffe0d60      0x13c D:\RTOS_PROJEKT\erica\workspace\s32_test\erika\lib\libs32sdk.a(clock_S32K1xx.c.o)
 .text.CLOCK_SYS_GetCurrentRunMode
                0x1ffe0e9c       0x28 D:\RTOS_PROJEKT\erica\workspace\s32_test\erika\lib\libs32sdk.a(clock_S32K1xx.c.o)
 .text.CLOCK_SYS_GetSysOscFreq
                0x1ffe0ec4       0x1c D:\RTOS_PROJEKT\erica\workspace\s32_test\erika\lib\libs32sdk.a(clock_S32K1xx.c.o)
 .text.CLOCK_SYS_ConfigureSOSC
                0x1ffe0ee0      0x12c D:\RTOS_PROJEKT\erica\workspace\s32_test\erika\lib\libs32sdk.a(clock_S32K1xx.c.o)
 .text.CLOCK_SYS_GetSircFreq
                0x1ffe100c       0x24 D:\RTOS_PROJEKT\erica\workspace\s32_test\erika\lib\libs32sdk.a(clock_S32K1xx.c.o)
 .text.CLOCK_SYS_ConfigureSIRC
                0x1ffe1030       0xc0 D:\RTOS_PROJEKT\erica\workspace\s32_test\erika\lib\libs32sdk.a(clock_S32K1xx.c.o)
 .text.CLOCK_SYS_GetFircFreq
                0x1ffe10f0       0x20 D:\RTOS_PROJEKT\erica\workspace\s32_test\erika\lib\libs32sdk.a(clock_S32K1xx.c.o)
 .text.CLOCK_SYS_ConfigureFIRC
                0x1ffe1110       0xac D:\RTOS_PROJEKT\erica\workspace\s32_test\erika\lib\libs32sdk.a(clock_S32K1xx.c.o)
 .text.CLOCK_SYS_GetSysPllFreq
                0x1ffe11bc       0x40 D:\RTOS_PROJEKT\erica\workspace\s32_test\erika\lib\libs32sdk.a(clock_S32K1xx.c.o)
 .text.CLOCK_SYS_ConfigureSPLL
                0x1ffe11fc      0x114 D:\RTOS_PROJEKT\erica\workspace\s32_test\erika\lib\libs32sdk.a(clock_S32K1xx.c.o)
 .text.CLOCK_SYS_GetSrcFreq
                0x1ffe1310       0x2e D:\RTOS_PROJEKT\erica\workspace\s32_test\erika\lib\libs32sdk.a(clock_S32K1xx.c.o)
 *fill*         0x1ffe133e        0x2 
 .text.CLOCK_SYS_SetSystemClockConfig
                0x1ffe1340      0x1a8 D:\RTOS_PROJEKT\erica\workspace\s32_test\erika\lib\libs32sdk.a(clock_S32K1xx.c.o)
 .text.CLOCK_SYS_TransitionSystemClock
                0x1ffe14e8       0x34 D:\RTOS_PROJEKT\erica\workspace\s32_test\erika\lib\libs32sdk.a(clock_S32K1xx.c.o)
 .text.CLOCK_SYS_ConfigureTemporarySystemClock
                0x1ffe151c       0x4c D:\RTOS_PROJEKT\erica\workspace\s32_test\erika\lib\libs32sdk.a(clock_S32K1xx.c.o)
 .text.CLOCK_SYS_ConfigureModulesFromScg
                0x1ffe1568      0x13c D:\RTOS_PROJEKT\erica\workspace\s32_test\erika\lib\libs32sdk.a(clock_S32K1xx.c.o)
 .text.CLOCK_SYS_SetScgConfiguration
                0x1ffe16a4       0x7c D:\RTOS_PROJEKT\erica\workspace\s32_test\erika\lib\libs32sdk.a(clock_S32K1xx.c.o)
 .text.CLOCK_DRV_Init
                0x1ffe1720       0x3c D:\RTOS_PROJEKT\erica\workspace\s32_test\erika\lib\libs32sdk.a(clock_S32K1xx.c.o)
                0x1ffe1720                CLOCK_DRV_Init
 .text.CLOCK_SYS_Init
                0x1ffe175c       0x18 D:\RTOS_PROJEKT\erica\workspace\s32_test\erika\lib\libs32sdk.a(clock_S32K1xx.c.o)
                0x1ffe175c                CLOCK_SYS_Init
 .text.CLOCK_SYS_SetConfiguration
                0x1ffe1774        0x8 D:\RTOS_PROJEKT\erica\workspace\s32_test\erika\lib\libs32sdk.a(clock_S32K1xx.c.o)
                0x1ffe1774                CLOCK_SYS_SetConfiguration
 .text.CLOCK_SYS_UpdateConfiguration
                0x1ffe177c      0x104 D:\RTOS_PROJEKT\erica\workspace\s32_test\erika\lib\libs32sdk.a(clock_S32K1xx.c.o)
                0x1ffe177c                CLOCK_SYS_UpdateConfiguration
 .text.INT_SYS_EnableIRQGlobal
                0x1ffe1880       0x1c D:\RTOS_PROJEKT\erica\workspace\s32_test\erika\lib\libs32sdk.a(interrupt_manager.c.o)
                0x1ffe1880                INT_SYS_EnableIRQGlobal
 .text.INT_SYS_DisableIRQGlobal
                0x1ffe189c       0x10 D:\RTOS_PROJEKT\erica\workspace\s32_test\erika\lib\libs32sdk.a(interrupt_manager.c.o)
                0x1ffe189c                INT_SYS_DisableIRQGlobal
 .text.PINS_DRV_Init
                0x1ffe18ac       0x20 D:\RTOS_PROJEKT\erica\workspace\s32_test\erika\lib\libs32sdk.a(pins_driver.c.o)
                0x1ffe18ac                PINS_DRV_Init
 .text.PINS_DRV_SetPinsDirection
                0x1ffe18cc        0x4 D:\RTOS_PROJEKT\erica\workspace\s32_test\erika\lib\libs32sdk.a(pins_driver.c.o)
                0x1ffe18cc                PINS_DRV_SetPinsDirection
 .text.PINS_DRV_WritePin
                0x1ffe18d0       0x18 D:\RTOS_PROJEKT\erica\workspace\s32_test\erika\lib\libs32sdk.a(pins_driver.c.o)
                0x1ffe18d0                PINS_DRV_WritePin
 .text.PINS_DRV_TogglePins
                0x1ffe18e8        0x4 D:\RTOS_PROJEKT\erica\workspace\s32_test\erika\lib\libs32sdk.a(pins_driver.c.o)
                0x1ffe18e8                PINS_DRV_TogglePins
 .text.PINS_GetAdcInterleaveVal
                0x1ffe18ec       0x70 D:\RTOS_PROJEKT\erica\workspace\s32_test\erika\lib\libs32sdk.a(pins_port_hw_access.c.o)
 .text.PINS_Init
                0x1ffe195c      0x11c D:\RTOS_PROJEKT\erica\workspace\s32_test\erika\lib\libs32sdk.a(pins_port_hw_access.c.o)
                0x1ffe195c                PINS_Init
 .text.init_data_bss
                0x1ffe1a78       0xc0 D:\RTOS_PROJEKT\erica\workspace\s32_test\erika\lib\libs32sdk.a(startup.c.o)
                0x1ffe1a78                init_data_bss
 .text.SystemInit
                0x1ffe1b38       0x30 D:\RTOS_PROJEKT\erica\workspace\s32_test\erika\lib\libs32sdk.a(system_S32K148.c.o)
                0x1ffe1b38                SystemInit
 .text.osEE_cortex_m_system_timer_init
                0x1ffe1b68       0x1c D:\RTOS_PROJEKT\erica\workspace\s32_test\erika\lib\libee.a(ee_cortex_m_system_timer.c.o)
                0x1ffe1b68                osEE_cortex_m_system_timer_init
 .text.osEE_cortex_m_system_timer_handler
                0x1ffe1b84       0x10 D:\RTOS_PROJEKT\erica\workspace\s32_test\erika\lib\libee.a(ee_cortex_m_system_timer.c.o)
                0x1ffe1b84                osEE_cortex_m_system_timer_handler
 .text.WaitSem  0x1ffe1b94       0x6c D:\RTOS_PROJEKT\erica\workspace\s32_test\erika\lib\libee.a(ee_oo_api_extension.c.o)
                0x1ffe1b94                WaitSem
 .text.PostSem  0x1ffe1c00       0x4c D:\RTOS_PROJEKT\erica\workspace\s32_test\erika\lib\libee.a(ee_oo_api_extension.c.o)
                0x1ffe1c00                PostSem
 .text.osEE_shutdown_os
                0x1ffe1c4c       0x10 D:\RTOS_PROJEKT\erica\workspace\s32_test\erika\lib\libee.a(ee_oo_api_osek.c.o)
 .text.osEE_suspend_all_interrupts
                0x1ffe1c5c       0x2a D:\RTOS_PROJEKT\erica\workspace\s32_test\erika\lib\libee.a(ee_oo_api_osek.c.o)
 *fill*         0x1ffe1c86        0x2 
 .text.DisableAllInterrupts
                0x1ffe1c88       0x14 D:\RTOS_PROJEKT\erica\workspace\s32_test\erika\lib\libee.a(ee_oo_api_osek.c.o)
                0x1ffe1c88                DisableAllInterrupts
 .text.SuspendAllInterrupts
                0x1ffe1c9c       0x10 D:\RTOS_PROJEKT\erica\workspace\s32_test\erika\lib\libee.a(ee_oo_api_osek.c.o)
                0x1ffe1c9c                SuspendAllInterrupts
 .text.ResumeAllInterrupts
                0x1ffe1cac       0x20 D:\RTOS_PROJEKT\erica\workspace\s32_test\erika\lib\libee.a(ee_oo_api_osek.c.o)
                0x1ffe1cac                ResumeAllInterrupts
 .text.StartOS  0x1ffe1ccc       0xc8 D:\RTOS_PROJEKT\erica\workspace\s32_test\erika\lib\libee.a(ee_oo_api_osek.c.o)
                0x1ffe1ccc                StartOS
 .text.ActivateTask
                0x1ffe1d94       0x58 D:\RTOS_PROJEKT\erica\workspace\s32_test\erika\lib\libee.a(ee_oo_api_osek.c.o)
                0x1ffe1d94                ActivateTask
 .text.osEE_scheduler_task_not_terminated
                0x1ffe1dec       0x50 D:\RTOS_PROJEKT\erica\workspace\s32_test\erika\lib\libee.a(ee_oo_sched_entry_points.c.o)
 .text.osEE_scheduler_task_wrapper_restore
                0x1ffe1e3c        0x8 D:\RTOS_PROJEKT\erica\workspace\s32_test\erika\lib\libee.a(ee_oo_sched_entry_points.c.o)
                0x1ffe1e3c                osEE_scheduler_task_wrapper_restore
 .text.osEE_scheduler_task_wrapper_run
                0x1ffe1e44       0x36 D:\RTOS_PROJEKT\erica\workspace\s32_test\erika\lib\libee.a(ee_oo_sched_entry_points.c.o)
                0x1ffe1e44                osEE_scheduler_task_wrapper_run
 *fill*         0x1ffe1e7a        0x2 
 .text.osEE_idle_hook_wrapper
                0x1ffe1e7c       0x2c D:\RTOS_PROJEKT\erica\workspace\s32_test\erika\lib\libee.a(ee_oo_sched_entry_points.c.o)
                0x1ffe1e7c                osEE_idle_hook_wrapper
 .text.osEE_scheduler_stk_next
                0x1ffe1ea8       0x1c D:\RTOS_PROJEKT\erica\workspace\s32_test\erika\lib\libee.a(ee_oo_scheduler.c.o)
 .text.osEE_scheduler_rq_insert
                0x1ffe1ec4       0x56 D:\RTOS_PROJEKT\erica\workspace\s32_test\erika\lib\libee.a(ee_oo_scheduler.c.o)
                0x1ffe1ec4                osEE_scheduler_rq_insert
 .text.osEE_scheduler_core_rq_preempt_stk
                0x1ffe1f1a       0x98 D:\RTOS_PROJEKT\erica\workspace\s32_test\erika\lib\libee.a(ee_oo_scheduler.c.o)
                0x1ffe1f1a                osEE_scheduler_core_rq_preempt_stk
 .text.osEE_sn_priority_insert
                0x1ffe1fb2       0x44 D:\RTOS_PROJEKT\erica\workspace\s32_test\erika\lib\libee.a(ee_oo_scheduler.c.o)
                0x1ffe1fb2                osEE_sn_priority_insert
 .text.osEE_scheduler_core_pop_running
                0x1ffe1ff6       0x24 D:\RTOS_PROJEKT\erica\workspace\s32_test\erika\lib\libee.a(ee_oo_scheduler.c.o)
                0x1ffe1ff6                osEE_scheduler_core_pop_running
 .text.osEE_task_activated
                0x1ffe201a       0x16 D:\RTOS_PROJEKT\erica\workspace\s32_test\erika\lib\libee.a(ee_oo_kernel.c.o)
                0x1ffe201a                osEE_task_activated
 .text.osEE_task_end
                0x1ffe2030       0x1a D:\RTOS_PROJEKT\erica\workspace\s32_test\erika\lib\libee.a(ee_oo_kernel.c.o)
                0x1ffe2030                osEE_task_end
 .text.osEE_task_event_set_mask
                0x1ffe204a       0x20 D:\RTOS_PROJEKT\erica\workspace\s32_test\erika\lib\libee.a(ee_oo_kernel.c.o)
                0x1ffe204a                osEE_task_event_set_mask
 *fill*         0x1ffe206a        0x2 
 .text.osEE_activate_isr2
                0x1ffe206c       0x20 D:\RTOS_PROJEKT\erica\workspace\s32_test\erika\lib\libee.a(ee_oo_kernel.c.o)
                0x1ffe206c                osEE_activate_isr2
 .text.osEE_scheduler_task_insert_rq
                0x1ffe208c       0x24 D:\RTOS_PROJEKT\erica\workspace\s32_test\erika\lib\libee.a(ee_oo_sched_partitioned.c.o)
 .text.osEE_scheduler_task_activated
                0x1ffe20b0       0x50 D:\RTOS_PROJEKT\erica\workspace\s32_test\erika\lib\libee.a(ee_oo_sched_partitioned.c.o)
                0x1ffe20b0                osEE_scheduler_task_activated
 .text.osEE_scheduler_task_insert
                0x1ffe2100       0x14 D:\RTOS_PROJEKT\erica\workspace\s32_test\erika\lib\libee.a(ee_oo_sched_partitioned.c.o)
                0x1ffe2100                osEE_scheduler_task_insert
 .text.osEE_scheduler_task_block_current
                0x1ffe2114       0x24 D:\RTOS_PROJEKT\erica\workspace\s32_test\erika\lib\libee.a(ee_oo_sched_partitioned.c.o)
                0x1ffe2114                osEE_scheduler_task_block_current
 .text.osEE_scheduler_task_unblocked
                0x1ffe2138       0x38 D:\RTOS_PROJEKT\erica\workspace\s32_test\erika\lib\libee.a(ee_oo_sched_partitioned.c.o)
                0x1ffe2138                osEE_scheduler_task_unblocked
 .text.osEE_scheduler_task_terminated
                0x1ffe2170       0x84 D:\RTOS_PROJEKT\erica\workspace\s32_test\erika\lib\libee.a(ee_oo_sched_partitioned.c.o)
                0x1ffe2170                osEE_scheduler_task_terminated
 .text.osEE_scheduler_task_preemption_point
                0x1ffe21f4       0x20 D:\RTOS_PROJEKT\erica\workspace\s32_test\erika\lib\libee.a(ee_oo_sched_partitioned.c.o)
                0x1ffe21f4                osEE_scheduler_task_preemption_point
 .text.osEE_scheduler_task_set_running
                0x1ffe2214       0x58 D:\RTOS_PROJEKT\erica\workspace\s32_test\erika\lib\libee.a(ee_oo_sched_partitioned.c.o)
                0x1ffe2214                osEE_scheduler_task_set_running
 .text.osEE_counter_insert_abs_trigger
                0x1ffe226c       0x5e D:\RTOS_PROJEKT\erica\workspace\s32_test\erika\lib\libee.a(ee_oo_counter.c.o)
                0x1ffe226c                osEE_counter_insert_abs_trigger
 .text.osEE_counter_insert_rel_trigger
                0x1ffe22ca       0x20 D:\RTOS_PROJEKT\erica\workspace\s32_test\erika\lib\libee.a(ee_oo_counter.c.o)
                0x1ffe22ca                osEE_counter_insert_rel_trigger
 .text.osEE_counter_increment
                0x1ffe22ea       0x56 D:\RTOS_PROJEKT\erica\workspace\s32_test\erika\lib\libee.a(ee_oo_counter.c.o)
                0x1ffe22ea                osEE_counter_increment
 .text.osEE_handle_action
                0x1ffe2340       0x6c D:\RTOS_PROJEKT\erica\workspace\s32_test\erika\lib\libee.a(ee_oo_counter.c.o)
 .text.osEE_counter_handle_alarm
                0x1ffe23ac       0x4e D:\RTOS_PROJEKT\erica\workspace\s32_test\erika\lib\libee.a(ee_oo_counter.c.o)
 .text.osEE_alarm_set_rel
                0x1ffe23fa       0x44 D:\RTOS_PROJEKT\erica\workspace\s32_test\erika\lib\libee.a(ee_oo_alarm.c.o)
                0x1ffe23fa                osEE_alarm_set_rel
 .text.osEE_change_context_from_running
                0x1ffe243e       0x22 D:\RTOS_PROJEKT\erica\workspace\s32_test\erika\lib\libee.a(ee_std_change_context.c.o)
                0x1ffe243e                osEE_change_context_from_running
 .text.osEE_change_context_from_task_end
                0x1ffe2460       0x1c D:\RTOS_PROJEKT\erica\workspace\s32_test\erika\lib\libee.a(ee_std_change_context.c.o)
                0x1ffe2460                osEE_change_context_from_task_end
 .text.osEE_idle_task_terminate
                0x1ffe247c       0x1c D:\RTOS_PROJEKT\erica\workspace\s32_test\erika\lib\libee.a(ee_std_change_context.c.o)
                0x1ffe247c                osEE_idle_task_terminate
 .text.osEE_cortex_m_system_init
                0x1ffe2498       0x1c D:\RTOS_PROJEKT\erica\workspace\s32_test\erika\lib\libee.a(ee_cortex_m_system.c.o)
                0x1ffe2498                osEE_cortex_m_system_init
 .text.SysTick_Handler
                0x1ffe24b4        0xa D:\RTOS_PROJEKT\erica\workspace\s32_test\erika\lib\libee.a(ee_cortex_m_system.c.o)
                0x1ffe24b4                SysTick_Handler
 *fill*         0x1ffe24be        0x2 
 .text.osEE_cortex_m_scheduler_task_end
                0x1ffe24c0       0x5c D:\RTOS_PROJEKT\erica\workspace\s32_test\erika\lib\libee.a(ee_cortex_m_change_context.c.o)
                0x1ffe24c0                osEE_cortex_m_scheduler_task_end
 .text.osEE_cortex_m_mcu_system_init
                0x1ffe251c        0x2 D:\RTOS_PROJEKT\erica\workspace\s32_test\erika\lib\libee.a(ee_s32k1xx_intvect.c.o)
                0x1ffe251c                osEE_cortex_m_mcu_system_init
 *fill*         0x1ffe251e        0x2 
 .text.osEE_cortex_m_change_context_from_task_end
                0x1ffe2520       0x44 D:\RTOS_PROJEKT\erica\workspace\s32_test\erika\lib\libee.a(ee_cortex_m_irqstub.c.o)
                0x1ffe2520                osEE_cortex_m_change_context_from_task_end
 .text.osEE_cortex_m_isr2_stub
                0x1ffe2564       0x30 D:\RTOS_PROJEKT\erica\workspace\s32_test\erika\lib\libee.a(ee_cortex_m_irqstub.c.o)
                0x1ffe2564                osEE_cortex_m_isr2_stub
 *(.rodata)
 *(.rodata*)
 .rodata.idle_hook.str1.4
                0x1ffe2594       0x23 obj/code.c.o
 *fill*         0x1ffe25b7        0x1 
 .rodata.FuncTask1.str1.4
                0x1ffe25b8       0x48 obj/code.c.o
                                 0x50 (size before relaxing)
 .rodata.FuncTask2.str1.4
                0x1ffe2600       0x24 obj/code.c.o
 .rodata.FuncTask3.str1.4
                0x1ffe2624        0x8 obj/code.c.o
 .rodata.FuncTask4.str1.4
                0x1ffe262c        0x8 obj/code.c.o
 .rodata.FuncTask5.str1.4
                0x1ffe2634        0x8 obj/code.c.o
 .rodata.osEE_alarm_db_array
                0x1ffe263c       0x38 obj/ee_applcfg.c.o
 .rodata.osEE_alarm_db_ptr_array
                0x1ffe2674        0x8 obj/ee_applcfg.c.o
 .rodata.osEE_autostart_trigger_db
                0x1ffe267c        0x8 obj/ee_applcfg.c.o
 .rodata.osEE_cdb_var
                0x1ffe2684       0x18 obj/ee_applcfg.c.o
                0x1ffe2684                osEE_cdb_var
 .rodata.osEE_counter_db_array
                0x1ffe269c        0xc obj/ee_applcfg.c.o
 .rodata.osEE_counter_db_ptr_array
                0x1ffe26a8        0x4 obj/ee_applcfg.c.o
 .rodata.osEE_kdb_var
                0x1ffe26ac       0x1c obj/ee_applcfg.c.o
                0x1ffe26ac                osEE_kdb_var
 .rodata.osEE_sdb_array
                0x1ffe26c8       0x18 obj/ee_applcfg.c.o
 .rodata.osEE_tdb_array
                0x1ffe26e0       0xc4 obj/ee_applcfg.c.o
 .rodata.osEE_tdb_ptr_array
                0x1ffe27a4       0x1c obj/ee_applcfg.c.o
 .rodata.osEE_trigger_autostart_info_OSDEFAULTAPPMODE
                0x1ffe27c0       0x18 obj/ee_applcfg.c.o
 .rodata.clockMan_InitConfig
                0x1ffe27d8       0x98 obj/hal.c.o
                0x1ffe27d8                clockMan_InitConfig
 .rodata.g_clockManCallbacksArr
                0x1ffe2870        0x4 obj/hal.c.o
                0x1ffe2870                g_clockManCallbacksArr
 .rodata.g_clockManConfigsArr
                0x1ffe2874        0x4 obj/hal.c.o
                0x1ffe2874                g_clockManConfigsArr
 .rodata.g_pin_mux_InitConfigArr
                0x1ffe2878       0x78 obj/hal.c.o
                0x1ffe2878                g_pin_mux_InitConfigArr
 .rodata.peripheralClockConfig
                0x1ffe28f0        0xf obj/hal.c.o
                0x1ffe28f0                peripheralClockConfig
 *fill*         0x1ffe28ff        0x1 
 .rodata._global_impure_ptr
                0x1ffe2900        0x4 c:/program files (x86)/gnu arm embedded toolchain/10 2021.10/bin/../lib/gcc/arm-none-eabi/10.3.1/../../../../arm-none-eabi/lib/thumb/v7e-m/nofp\libc.a(lib_a-impure.o)
                0x1ffe2900                _global_impure_ptr
 .rodata.clockNameMappings
                0x1ffe2904       0xb8 D:\RTOS_PROJEKT\erica\workspace\s32_test\erika\lib\libs32sdk.a(clock_S32K1xx.c.o)
                0x1ffe2904                clockNameMappings
 .rodata.maxSysClksInHSRUN.4
                0x1ffe29bc       0x54 D:\RTOS_PROJEKT\erica\workspace\s32_test\erika\lib\libs32sdk.a(clock_S32K1xx.c.o)
 .rodata.maxSysClksInRUN.6
                0x1ffe2a10       0x54 D:\RTOS_PROJEKT\erica\workspace\s32_test\erika\lib\libs32sdk.a(clock_S32K1xx.c.o)
 .rodata.maxSysClksInVLPR.5
                0x1ffe2a64       0x54 D:\RTOS_PROJEKT\erica\workspace\s32_test\erika\lib\libs32sdk.a(clock_S32K1xx.c.o)
 *(.glue_7)
 .glue_7        0x1ffe2ab8        0x0 linker stubs
 *(.glue_7t)
 .glue_7t       0x1ffe2ab8        0x0 linker stubs
 *(.eh_frame)
 .eh_frame      0x1ffe2ab8        0x0 c:/program files (x86)/gnu arm embedded toolchain/10 2021.10/bin/../lib/gcc/arm-none-eabi/10.3.1/thumb/v7e-m/nofp/crtbegin.o
 *(.init)
 .init          0x1ffe2ab8        0x4 c:/program files (x86)/gnu arm embedded toolchain/10 2021.10/bin/../lib/gcc/arm-none-eabi/10.3.1/thumb/v7e-m/nofp/crti.o
                0x1ffe2ab8                _init
 .init          0x1ffe2abc        0x8 c:/program files (x86)/gnu arm embedded toolchain/10 2021.10/bin/../lib/gcc/arm-none-eabi/10.3.1/thumb/v7e-m/nofp/crtn.o
 *(.fini)
 .fini          0x1ffe2ac4        0x4 c:/program files (x86)/gnu arm embedded toolchain/10 2021.10/bin/../lib/gcc/arm-none-eabi/10.3.1/thumb/v7e-m/nofp/crti.o
                0x1ffe2ac4                _fini
 .fini          0x1ffe2ac8        0x8 c:/program files (x86)/gnu arm embedded toolchain/10 2021.10/bin/../lib/gcc/arm-none-eabi/10.3.1/thumb/v7e-m/nofp/crtn.o
                0x1ffe2ad0                . = ALIGN (0x4)

.vfp11_veneer   0x1ffe2ad0        0x0
 .vfp11_veneer  0x1ffe2ad0        0x0 linker stubs

.v4_bx          0x1ffe2ad0        0x0
 .v4_bx         0x1ffe2ad0        0x0 linker stubs

.iplt           0x1ffe2ad0        0x0
 .iplt          0x1ffe2ad0        0x0 c:/program files (x86)/gnu arm embedded toolchain/10 2021.10/bin/../lib/gcc/arm-none-eabi/10.3.1/thumb/v7e-m/nofp/crtbegin.o

.rel.dyn        0x1ffe2ad0        0x0
 .rel.iplt      0x1ffe2ad0        0x0 c:/program files (x86)/gnu arm embedded toolchain/10 2021.10/bin/../lib/gcc/arm-none-eabi/10.3.1/thumb/v7e-m/nofp/crtbegin.o

.code_ram       0x1ffe2ad0        0x0
                0x1ffe2ad0                . = ALIGN (0x4)
                0x1ffe2ad0                __CODE_RAM = .
 *(.code_ram)
                0x1ffe2ad0                __CODE_ROM = .
                0x1ffe2ad0                __CODE_END = .
                0x1ffe2ad0                . = ALIGN (0x4)

.ARM.extab
 *(.ARM.extab* .gnu.linkonce.armextab.*)

.ARM            0x1ffe2ad0        0x0
                0x1ffe2ad0                __exidx_start = .
 *(.ARM.exidx*)
                0x1ffe2ad0                __exidx_end = .

.ctors          0x1ffe2ad0        0x0
                0x1ffe2ad0                __CTOR_LIST__ = .
 *crtbegin.o(.ctors)
 *crtbegin?.o(.ctors)
 *(EXCLUDE_FILE(*crtend.o *crtend?.o) .ctors)
 *(SORT_BY_NAME(.ctors.*))
 *(.ctors)
                0x1ffe2ad0                __CTOR_END__ = .

.dtors          0x1ffe2ad0        0x0
                0x1ffe2ad0                __DTOR_LIST__ = .
 *crtbegin.o(.dtors)
 *crtbegin?.o(.dtors)
 *(EXCLUDE_FILE(*crtend.o *crtend?.o) .dtors)
 *(SORT_BY_NAME(.dtors.*))
 *(.dtors)
                0x1ffe2ad0                __DTOR_END__ = .

.preinit_array  0x1ffe2ad0        0x0
                0x1ffe2ad0                PROVIDE (__preinit_array_start = .)
 *(.preinit_array*)
                0x1ffe2ad0                PROVIDE (__preinit_array_end = .)

.init_array     0x1ffe2ad0        0x8
                0x1ffe2ad0                PROVIDE (__init_array_start = .)
 *(SORT_BY_NAME(.init_array.*))
 .init_array.00000
                0x1ffe2ad0        0x4 c:/program files (x86)/gnu arm embedded toolchain/10 2021.10/bin/../lib/gcc/arm-none-eabi/10.3.1/../../../../arm-none-eabi/lib/thumb/v7e-m/nofp\libc.a(lib_a-__call_atexit.o)
 *(.init_array*)
 .init_array    0x1ffe2ad4        0x4 c:/program files (x86)/gnu arm embedded toolchain/10 2021.10/bin/../lib/gcc/arm-none-eabi/10.3.1/thumb/v7e-m/nofp/crtbegin.o
                0x1ffe2ad8                PROVIDE (__init_array_end = .)

.fini_array     0x1ffe2ad8        0x4
                0x1ffe2ad8                PROVIDE (__fini_array_start = .)
 *(SORT_BY_NAME(.fini_array.*))
 *(.fini_array*)
 .fini_array    0x1ffe2ad8        0x4 c:/program files (x86)/gnu arm embedded toolchain/10 2021.10/bin/../lib/gcc/arm-none-eabi/10.3.1/thumb/v7e-m/nofp/crtbegin.o
                0x1ffe2adc                PROVIDE (__fini_array_end = .)
                0x1ffe2adc                __etext = .
                0x1ffe2adc                __DATA_ROM = .
                0x1ffe2adc                __DATA_END = __DATA_ROM

.customSectionBlock
 *(.customSection)

.data           0x20000000      0x61c
                0x20000000                . = ALIGN (0x4)
                0x20000000                __DATA_RAM = .
                0x20000000                __data_start__ = .
 *(.data)
 *(.data*)
 .data.osEE_ccb_var
                0x20000000       0x70 obj/ee_applcfg.c.o
                0x20000000                osEE_ccb_var
 .data.osEE_scb_array
                0x20000070        0xc obj/ee_applcfg.c.o
 .data.osEE_sn_array
                0x2000007c       0x30 obj/ee_applcfg.c.o
 .data.osEE_tcb_array
                0x200000ac       0x70 obj/ee_applcfg.c.o
 *fill*         0x2000011c        0x4 
 .data.impure_data
                0x20000120      0x428 c:/program files (x86)/gnu arm embedded toolchain/10 2021.10/bin/../lib/gcc/arm-none-eabi/10.3.1/../../../../arm-none-eabi/lib/thumb/v7e-m/nofp\libc.a(lib_a-impure.o)
 .data.__atexit_recursive_mutex
                0x20000548        0x4 c:/program files (x86)/gnu arm embedded toolchain/10 2021.10/bin/../lib/gcc/arm-none-eabi/10.3.1/../../../../arm-none-eabi/lib/thumb/v7e-m/nofp\libc.a(lib_a-__call_atexit.o)
                0x20000548                __atexit_recursive_mutex
 .data.peripheralClockConfig.10
                0x2000054c       0xcd D:\RTOS_PROJEKT\erica\workspace\s32_test\erika\lib\libs32sdk.a(clock_S32K1xx.c.o)
 *(.jcr*)
                0x2000061c                . = ALIGN (0x4)
 *fill*         0x20000619        0x3 
                0x2000061c                __data_end__ = .

.igot.plt       0x2000061c        0x0
 .igot.plt      0x2000061c        0x0 c:/program files (x86)/gnu arm embedded toolchain/10 2021.10/bin/../lib/gcc/arm-none-eabi/10.3.1/thumb/v7e-m/nofp/crtbegin.o

.bss            0x20000620      0x4c0
                0x20000620                . = ALIGN (0x4)
                0x20000620                __BSS_START = .
                0x20000620                __bss_start__ = .
 *(.bss)
 .bss           0x20000620       0x1c c:/program files (x86)/gnu arm embedded toolchain/10 2021.10/bin/../lib/gcc/arm-none-eabi/10.3.1/thumb/v7e-m/nofp/crtbegin.o
 *(.bss*)
 .bss.idle_cnt  0x2000063c        0x4 obj/code.c.o
                0x2000063c                idle_cnt
 .bss.isr2_armed
                0x20000640        0x4 obj/code.c.o
                0x20000640                isr2_armed
 .bss.main_sp   0x20000644        0x4 obj/code.c.o
                0x20000644                main_sp
 .bss.task1_ended
                0x20000648        0x4 obj/code.c.o
                0x20000648                task1_ended
 .bss.task1_fired
                0x2000064c        0x4 obj/code.c.o
                0x2000064c                task1_fired
 .bss.task1_sp  0x20000650        0x4 obj/code.c.o
                0x20000650                task1_sp
 .bss.task2_ended
                0x20000654        0x4 obj/code.c.o
                0x20000654                task2_ended
 .bss.task2_fired
                0x20000658        0x4 obj/code.c.o
                0x20000658                task2_fired
 .bss.task2_sp  0x2000065c        0x4 obj/code.c.o
                0x2000065c                task2_sp
 .bss.task3_ended
                0x20000660        0x4 obj/code.c.o
                0x20000660                task3_ended
 .bss.task3_fired
                0x20000664        0x4 obj/code.c.o
                0x20000664                task3_fired
 .bss.task4_fired
                0x20000668        0x4 obj/code.c.o
                0x20000668                task4_fired
 .bss.task5_fired
                0x2000066c        0x4 obj/code.c.o
                0x2000066c                task5_fired
 .bss.V         0x20000670        0x8 obj/ee_applcfg.c.o
                0x20000670                V
 .bss.osEE_alarm_cb_array
                0x20000678       0x20 obj/ee_applcfg.c.o
 .bss.osEE_counter_cb_array
                0x20000698        0x8 obj/ee_applcfg.c.o
 .bss.osEE_kcb_var
                0x200006a0        0x4 obj/ee_applcfg.c.o
                0x200006a0                osEE_kcb_var
 *fill*         0x200006a4        0x4 
 .bss.osEE_task_stack_1
                0x200006a8      0x204 obj/ee_applcfg.c.o
 *fill*         0x200008ac        0x4 
 .bss.osEE_task_stack_2
                0x200008b0      0x204 obj/ee_applcfg.c.o
 .bss.__lock___atexit_recursive_mutex
                0x20000ab4        0x1 c:/program files (x86)/gnu arm embedded toolchain/10 2021.10/bin/../lib/gcc/arm-none-eabi/10.3.1/../../../../arm-none-eabi/lib/thumb/v7e-m/nofp\libc.a(lib_a-lock.o)
                0x20000ab4                __lock___atexit_recursive_mutex
 *fill*         0x20000ab5        0x3 
 .bss.g_RtcClkInFreq
                0x20000ab8        0x4 D:\RTOS_PROJEKT\erica\workspace\s32_test\erika\lib\libs32sdk.a(clock_S32K1xx.c.o)
                0x20000ab8                g_RtcClkInFreq
 .bss.g_TClkFreq
                0x20000abc        0xc D:\RTOS_PROJEKT\erica\workspace\s32_test\erika\lib\libs32sdk.a(clock_S32K1xx.c.o)
                0x20000abc                g_TClkFreq
 .bss.g_clockState
                0x20000ac8       0x10 D:\RTOS_PROJEKT\erica\workspace\s32_test\erika\lib\libs32sdk.a(clock_S32K1xx.c.o)
 .bss.g_xtal0ClkFreq
                0x20000ad8        0x4 D:\RTOS_PROJEKT\erica\workspace\s32_test\erika\lib\libs32sdk.a(clock_S32K1xx.c.o)
                0x20000ad8                g_xtal0ClkFreq
 .bss.g_interruptDisableCount
                0x20000adc        0x4 D:\RTOS_PROJEKT\erica\workspace\s32_test\erika\lib\libs32sdk.a(interrupt_manager.c.o)
 *(COMMON)
                0x20000ae0                . = ALIGN (0x4)
                0x20000ae0                __bss_end__ = .
                0x20000ae0                __BSS_END = .

.heap           0x20000ae0      0x400
                0x20000ae0                . = ALIGN (0x8)
                0x20000ae0                __end__ = .
                [!provide]                PROVIDE (end = .)
                [!provide]                PROVIDE (_end = .)
                [!provide]                PROVIDE (__end = .)
                0x20000ae0                __HeapBase = .
                0x20000ee0                . = (. + HEAP_SIZE)
 *fill*         0x20000ae0      0x400 
                0x20000ee0                __HeapLimit = .
                0x20000ee0                __heap_limit = .

.stack          0x20000ee0      0x400
                0x20000ee0                . = ALIGN (0x8)
                0x200012e0                . = (. + STACK_SIZE)
 *fill*         0x20000ee0      0x400 
                0x2001f000                __StackTop = (ORIGIN (m_data) + LENGTH (m_data))
                0x2001ec00                __StackLimit = (__StackTop - STACK_SIZE)
                0x2001f000                PROVIDE (__stack = __StackTop)

.ARM.attributes
                0x00000000       0x2a
 *(.ARM.attributes)
 .ARM.attributes
                0x00000000       0x1e c:/program files (x86)/gnu arm embedded toolchain/10 2021.10/bin/../lib/gcc/arm-none-eabi/10.3.1/thumb/v7e-m/nofp/crti.o
 .ARM.attributes
                0x0000001e       0x2e c:/program files (x86)/gnu arm embedded toolchain/10 2021.10/bin/../lib/gcc/arm-none-eabi/10.3.1/thumb/v7e-m/nofp/crtbegin.o
 .ARM.attributes
                0x0000004c       0x2e obj/code.c.o
 .ARM.attributes
                0x0000007a       0x2e obj/ee_applcfg.c.o
 .ARM.attributes
                0x000000a8       0x2e obj/hal.c.o
 .ARM.attributes
                0x000000d6       0x1b obj/platform/devices/S32K148/startup/gcc/startup_S32K148.S.o
 .ARM.attributes
                0x000000f1       0x2e c:/program files (x86)/gnu arm embedded toolchain/10 2021.10/bin/../lib/gcc/arm-none-eabi/10.3.1/../../../../arm-none-eabi/lib/thumb/v7e-m/nofp\libc.a(lib_a-impure.o)
 .ARM.attributes
                0x0000011f       0x1c c:/program files (x86)/gnu arm embedded toolchain/10 2021.10/bin/../lib/gcc/arm-none-eabi/10.3.1/../../../../arm-none-eabi/lib/thumb/v7e-m/nofp\libc.a(lib_a-strlen.o)
 .ARM.attributes
                0x0000013b       0x2e c:/program files (x86)/gnu arm embedded toolchain/10 2021.10/bin/../lib/gcc/arm-none-eabi/10.3.1/../../../../arm-none-eabi/lib/thumb/v7e-m/nofp\libc.a(lib_a-__call_atexit.o)
 .ARM.attributes
                0x00000169       0x2e c:/program files (x86)/gnu arm embedded toolchain/10 2021.10/bin/../lib/gcc/arm-none-eabi/10.3.1/../../../../arm-none-eabi/lib/thumb/v7e-m/nofp\libc.a(lib_a-atexit.o)
 .ARM.attributes
                0x00000197       0x2e c:/program files (x86)/gnu arm embedded toolchain/10 2021.10/bin/../lib/gcc/arm-none-eabi/10.3.1/../../../../arm-none-eabi/lib/thumb/v7e-m/nofp\libc.a(lib_a-fini.o)
 .ARM.attributes
                0x000001c5       0x2e c:/program files (x86)/gnu arm embedded toolchain/10 2021.10/bin/../lib/gcc/arm-none-eabi/10.3.1/../../../../arm-none-eabi/lib/thumb/v7e-m/nofp\libc.a(lib_a-lock.o)
 .ARM.attributes
                0x000001f3       0x2e c:/program files (x86)/gnu arm embedded toolchain/10 2021.10/bin/../lib/gcc/arm-none-eabi/10.3.1/../../../../arm-none-eabi/lib/thumb/v7e-m/nofp\libc.a(lib_a-__atexit.o)
 .ARM.attributes
                0x00000221       0x2e D:\RTOS_PROJEKT\erica\workspace\s32_test\erika\lib\libs32sdk.a(clock_S32K1xx.c.o)
 .ARM.attributes
                0x0000024f       0x2e D:\RTOS_PROJEKT\erica\workspace\s32_test\erika\lib\libs32sdk.a(interrupt_manager.c.o)
 .ARM.attributes
                0x0000027d       0x2e D:\RTOS_PROJEKT\erica\workspace\s32_test\erika\lib\libs32sdk.a(pins_driver.c.o)
 .ARM.attributes
                0x000002ab       0x2e D:\RTOS_PROJEKT\erica\workspace\s32_test\erika\lib\libs32sdk.a(pins_port_hw_access.c.o)
 .ARM.attributes
                0x000002d9       0x2e D:\RTOS_PROJEKT\erica\workspace\s32_test\erika\lib\libs32sdk.a(startup.c.o)
 .ARM.attributes
                0x00000307       0x2e D:\RTOS_PROJEKT\erica\workspace\s32_test\erika\lib\libs32sdk.a(system_S32K148.c.o)
 .ARM.attributes
                0x00000335       0x2e D:\RTOS_PROJEKT\erica\workspace\s32_test\erika\lib\libee.a(ee_cortex_m_system_timer.c.o)
 .ARM.attributes
                0x00000363       0x2e D:\RTOS_PROJEKT\erica\workspace\s32_test\erika\lib\libee.a(ee_oo_api_extension.c.o)
 .ARM.attributes
                0x00000391       0x2e D:\RTOS_PROJEKT\erica\workspace\s32_test\erika\lib\libee.a(ee_oo_api_osek.c.o)
 .ARM.attributes
                0x000003bf       0x2e D:\RTOS_PROJEKT\erica\workspace\s32_test\erika\lib\libee.a(ee_oo_sched_entry_points.c.o)
 .ARM.attributes
                0x000003ed       0x2e D:\RTOS_PROJEKT\erica\workspace\s32_test\erika\lib\libee.a(ee_oo_scheduler.c.o)
 .ARM.attributes
                0x0000041b       0x2e D:\RTOS_PROJEKT\erica\workspace\s32_test\erika\lib\libee.a(ee_oo_kernel.c.o)
 .ARM.attributes
                0x00000449       0x2e D:\RTOS_PROJEKT\erica\workspace\s32_test\erika\lib\libee.a(ee_oo_sched_partitioned.c.o)
 .ARM.attributes
                0x00000477       0x2e D:\RTOS_PROJEKT\erica\workspace\s32_test\erika\lib\libee.a(ee_oo_counter.c.o)
 .ARM.attributes
                0x000004a5       0x2e D:\RTOS_PROJEKT\erica\workspace\s32_test\erika\lib\libee.a(ee_oo_alarm.c.o)
 .ARM.attributes
                0x000004d3       0x2e D:\RTOS_PROJEKT\erica\workspace\s32_test\erika\lib\libee.a(ee_std_change_context.c.o)
 .ARM.attributes
                0x00000501       0x21 D:\RTOS_PROJEKT\erica\workspace\s32_test\erika\lib\libee.a(ee_cortex_m_asm.S.o)
 .ARM.attributes
                0x00000522       0x2e D:\RTOS_PROJEKT\erica\workspace\s32_test\erika\lib\libee.a(ee_cortex_m_system.c.o)
 .ARM.attributes
                0x00000550       0x2e D:\RTOS_PROJEKT\erica\workspace\s32_test\erika\lib\libee.a(ee_cortex_m_change_context.c.o)
 .ARM.attributes
                0x0000057e       0x2e D:\RTOS_PROJEKT\erica\workspace\s32_test\erika\lib\libee.a(ee_s32k1xx_intvect.c.o)
 .ARM.attributes
                0x000005ac       0x21 D:\RTOS_PROJEKT\erica\workspace\s32_test\erika\lib\libee.a(ee_cortex_m_irq_asm.S.o)
 .ARM.attributes
                0x000005cd       0x2e D:\RTOS_PROJEKT\erica\workspace\s32_test\erika\lib\libee.a(ee_cortex_m_irqstub.c.o)
 .ARM.attributes
                0x000005fb       0x1e c:/program files (x86)/gnu arm embedded toolchain/10 2021.10/bin/../lib/gcc/arm-none-eabi/10.3.1/thumb/v7e-m/nofp/crtn.o
                0x00000001                ASSERT ((__StackLimit >= __HeapLimit), region m_data overflowed with stack and heap)

/DISCARD/
 *(.FlashConfig)
OUTPUT(erika3app.elf elf32-littlearm)
LOAD linker stubs

.debug_info     0x00000000    0x1a486
 .debug_info    0x00000000      0x8bf obj/code.c.o
 .debug_info    0x000008bf      0xe5f obj/ee_applcfg.c.o
 .debug_info    0x0000171e     0x2231 obj/hal.c.o
 .debug_info    0x0000394f       0x26 obj/platform/devices/S32K148/startup/gcc/startup_S32K148.S.o
 .debug_info    0x00003975     0x7085 D:\RTOS_PROJEKT\erica\workspace\s32_test\erika\lib\libs32sdk.a(clock_S32K1xx.c.o)
 .debug_info    0x0000a9fa      0xa8d D:\RTOS_PROJEKT\erica\workspace\s32_test\erika\lib\libs32sdk.a(interrupt_manager.c.o)
 .debug_info    0x0000b487     0x15ef D:\RTOS_PROJEKT\erica\workspace\s32_test\erika\lib\libs32sdk.a(pins_driver.c.o)
 .debug_info    0x0000ca76      0x95e D:\RTOS_PROJEKT\erica\workspace\s32_test\erika\lib\libs32sdk.a(pins_port_hw_access.c.o)
 .debug_info    0x0000d3d4      0x26c D:\RTOS_PROJEKT\erica\workspace\s32_test\erika\lib\libs32sdk.a(startup.c.o)
 .debug_info    0x0000d640      0x6bc D:\RTOS_PROJEKT\erica\workspace\s32_test\erika\lib\libs32sdk.a(system_S32K148.c.o)
 .debug_info    0x0000dcfc      0xba6 D:\RTOS_PROJEKT\erica\workspace\s32_test\erika\lib\libee.a(ee_cortex_m_system_timer.c.o)
 .debug_info    0x0000e8a2      0xf60 D:\RTOS_PROJEKT\erica\workspace\s32_test\erika\lib\libee.a(ee_oo_api_extension.c.o)
 .debug_info    0x0000f802     0x3027 D:\RTOS_PROJEKT\erica\workspace\s32_test\erika\lib\libee.a(ee_oo_api_osek.c.o)
 .debug_info    0x00012829      0xe70 D:\RTOS_PROJEKT\erica\workspace\s32_test\erika\lib\libee.a(ee_oo_sched_entry_points.c.o)
 .debug_info    0x00013699      0xf80 D:\RTOS_PROJEKT\erica\workspace\s32_test\erika\lib\libee.a(ee_oo_scheduler.c.o)
 .debug_info    0x00014619      0xa28 D:\RTOS_PROJEKT\erica\workspace\s32_test\erika\lib\libee.a(ee_oo_kernel.c.o)
 .debug_info    0x00015041     0x14a1 D:\RTOS_PROJEKT\erica\workspace\s32_test\erika\lib\libee.a(ee_oo_sched_partitioned.c.o)
 .debug_info    0x000164e2     0x122b D:\RTOS_PROJEKT\erica\workspace\s32_test\erika\lib\libee.a(ee_oo_counter.c.o)
 .debug_info    0x0001770d      0xcbb D:\RTOS_PROJEKT\erica\workspace\s32_test\erika\lib\libee.a(ee_oo_alarm.c.o)
 .debug_info    0x000183c8      0x61a D:\RTOS_PROJEKT\erica\workspace\s32_test\erika\lib\libee.a(ee_std_change_context.c.o)
 .debug_info    0x000189e2       0x26 D:\RTOS_PROJEKT\erica\workspace\s32_test\erika\lib\libee.a(ee_cortex_m_asm.S.o)
 .debug_info    0x00018a08       0xf8 D:\RTOS_PROJEKT\erica\workspace\s32_test\erika\lib\libee.a(ee_cortex_m_system.c.o)
 .debug_info    0x00018b00      0xc8c D:\RTOS_PROJEKT\erica\workspace\s32_test\erika\lib\libee.a(ee_cortex_m_change_context.c.o)
 .debug_info    0x0001978c       0x7e D:\RTOS_PROJEKT\erica\workspace\s32_test\erika\lib\libee.a(ee_s32k1xx_intvect.c.o)
 .debug_info    0x0001980a       0x26 D:\RTOS_PROJEKT\erica\workspace\s32_test\erika\lib\libee.a(ee_cortex_m_irq_asm.S.o)
 .debug_info    0x00019830      0xc56 D:\RTOS_PROJEKT\erica\workspace\s32_test\erika\lib\libee.a(ee_cortex_m_irqstub.c.o)

.debug_abbrev   0x00000000     0x36ff
 .debug_abbrev  0x00000000      0x211 obj/code.c.o
 .debug_abbrev  0x00000211      0x1c3 obj/ee_applcfg.c.o
 .debug_abbrev  0x000003d4      0x263 obj/hal.c.o
 .debug_abbrev  0x00000637       0x14 obj/platform/devices/S32K148/startup/gcc/startup_S32K148.S.o
 .debug_abbrev  0x0000064b      0x422 D:\RTOS_PROJEKT\erica\workspace\s32_test\erika\lib\libs32sdk.a(clock_S32K1xx.c.o)
 .debug_abbrev  0x00000a6d      0x218 D:\RTOS_PROJEKT\erica\workspace\s32_test\erika\lib\libs32sdk.a(interrupt_manager.c.o)
 .debug_abbrev  0x00000c85      0x346 D:\RTOS_PROJEKT\erica\workspace\s32_test\erika\lib\libs32sdk.a(pins_driver.c.o)
 .debug_abbrev  0x00000fcb      0x223 D:\RTOS_PROJEKT\erica\workspace\s32_test\erika\lib\libs32sdk.a(pins_port_hw_access.c.o)
 .debug_abbrev  0x000011ee       0xf6 D:\RTOS_PROJEKT\erica\workspace\s32_test\erika\lib\libs32sdk.a(startup.c.o)
 .debug_abbrev  0x000012e4      0x150 D:\RTOS_PROJEKT\erica\workspace\s32_test\erika\lib\libs32sdk.a(system_S32K148.c.o)
 .debug_abbrev  0x00001434      0x20c D:\RTOS_PROJEKT\erica\workspace\s32_test\erika\lib\libee.a(ee_cortex_m_system_timer.c.o)
 .debug_abbrev  0x00001640      0x331 D:\RTOS_PROJEKT\erica\workspace\s32_test\erika\lib\libee.a(ee_oo_api_extension.c.o)
 .debug_abbrev  0x00001971      0x4da D:\RTOS_PROJEKT\erica\workspace\s32_test\erika\lib\libee.a(ee_oo_api_osek.c.o)
 .debug_abbrev  0x00001e4b      0x3d1 D:\RTOS_PROJEKT\erica\workspace\s32_test\erika\lib\libee.a(ee_oo_sched_entry_points.c.o)
 .debug_abbrev  0x0000221c      0x2c0 D:\RTOS_PROJEKT\erica\workspace\s32_test\erika\lib\libee.a(ee_oo_scheduler.c.o)
 .debug_abbrev  0x000024dc      0x210 D:\RTOS_PROJEKT\erica\workspace\s32_test\erika\lib\libee.a(ee_oo_kernel.c.o)
 .debug_abbrev  0x000026ec      0x340 D:\RTOS_PROJEKT\erica\workspace\s32_test\erika\lib\libee.a(ee_oo_sched_partitioned.c.o)
 .debug_abbrev  0x00002a2c      0x361 D:\RTOS_PROJEKT\erica\workspace\s32_test\erika\lib\libee.a(ee_oo_counter.c.o)
 .debug_abbrev  0x00002d8d      0x21c D:\RTOS_PROJEKT\erica\workspace\s32_test\erika\lib\libee.a(ee_oo_alarm.c.o)
 .debug_abbrev  0x00002fa9      0x16b D:\RTOS_PROJEKT\erica\workspace\s32_test\erika\lib\libee.a(ee_std_change_context.c.o)
 .debug_abbrev  0x00003114       0x14 D:\RTOS_PROJEKT\erica\workspace\s32_test\erika\lib\libee.a(ee_cortex_m_asm.S.o)
 .debug_abbrev  0x00003128       0xa6 D:\RTOS_PROJEKT\erica\workspace\s32_test\erika\lib\libee.a(ee_cortex_m_system.c.o)
 .debug_abbrev  0x000031ce      0x206 D:\RTOS_PROJEKT\erica\workspace\s32_test\erika\lib\libee.a(ee_cortex_m_change_context.c.o)
 .debug_abbrev  0x000033d4       0x44 D:\RTOS_PROJEKT\erica\workspace\s32_test\erika\lib\libee.a(ee_s32k1xx_intvect.c.o)
 .debug_abbrev  0x00003418       0x14 D:\RTOS_PROJEKT\erica\workspace\s32_test\erika\lib\libee.a(ee_cortex_m_irq_asm.S.o)
 .debug_abbrev  0x0000342c      0x2d3 D:\RTOS_PROJEKT\erica\workspace\s32_test\erika\lib\libee.a(ee_cortex_m_irqstub.c.o)

.debug_loc      0x00000000     0xbd24
 .debug_loc     0x00000000      0x138 obj/code.c.o
 .debug_loc     0x00000138      0x395 obj/hal.c.o
 .debug_loc     0x000004cd     0x5d14 D:\RTOS_PROJEKT\erica\workspace\s32_test\erika\lib\libs32sdk.a(clock_S32K1xx.c.o)
 .debug_loc     0x000061e1      0x288 D:\RTOS_PROJEKT\erica\workspace\s32_test\erika\lib\libs32sdk.a(interrupt_manager.c.o)
 .debug_loc     0x00006469      0x86a D:\RTOS_PROJEKT\erica\workspace\s32_test\erika\lib\libs32sdk.a(pins_driver.c.o)
 .debug_loc     0x00006cd3      0x697 D:\RTOS_PROJEKT\erica\workspace\s32_test\erika\lib\libs32sdk.a(pins_port_hw_access.c.o)
 .debug_loc     0x0000736a      0x179 D:\RTOS_PROJEKT\erica\workspace\s32_test\erika\lib\libs32sdk.a(startup.c.o)
 .debug_loc     0x000074e3      0x123 D:\RTOS_PROJEKT\erica\workspace\s32_test\erika\lib\libs32sdk.a(system_S32K148.c.o)
 .debug_loc     0x00007606       0x18 D:\RTOS_PROJEKT\erica\workspace\s32_test\erika\lib\libee.a(ee_cortex_m_system_timer.c.o)
 .debug_loc     0x0000761e      0x2c6 D:\RTOS_PROJEKT\erica\workspace\s32_test\erika\lib\libee.a(ee_oo_api_extension.c.o)
 .debug_loc     0x000078e4     0x1b2f D:\RTOS_PROJEKT\erica\workspace\s32_test\erika\lib\libee.a(ee_oo_api_osek.c.o)
 .debug_loc     0x00009413      0x121 D:\RTOS_PROJEKT\erica\workspace\s32_test\erika\lib\libee.a(ee_oo_sched_entry_points.c.o)
 .debug_loc     0x00009534      0x92e D:\RTOS_PROJEKT\erica\workspace\s32_test\erika\lib\libee.a(ee_oo_scheduler.c.o)
 .debug_loc     0x00009e62      0x166 D:\RTOS_PROJEKT\erica\workspace\s32_test\erika\lib\libee.a(ee_oo_kernel.c.o)
 .debug_loc     0x00009fc8      0x862 D:\RTOS_PROJEKT\erica\workspace\s32_test\erika\lib\libee.a(ee_oo_sched_partitioned.c.o)
 .debug_loc     0x0000a82a      0x707 D:\RTOS_PROJEKT\erica\workspace\s32_test\erika\lib\libee.a(ee_oo_counter.c.o)
 .debug_loc     0x0000af31      0x91d D:\RTOS_PROJEKT\erica\workspace\s32_test\erika\lib\libee.a(ee_oo_alarm.c.o)
 .debug_loc     0x0000b84e      0x25e D:\RTOS_PROJEKT\erica\workspace\s32_test\erika\lib\libee.a(ee_std_change_context.c.o)
 .debug_loc     0x0000baac       0xb5 D:\RTOS_PROJEKT\erica\workspace\s32_test\erika\lib\libee.a(ee_cortex_m_change_context.c.o)
 .debug_loc     0x0000bb61      0x1c3 D:\RTOS_PROJEKT\erica\workspace\s32_test\erika\lib\libee.a(ee_cortex_m_irqstub.c.o)

.debug_aranges  0x00000000      0x938
 .debug_aranges
                0x00000000       0x70 obj/code.c.o
 .debug_aranges
                0x00000070       0x18 obj/ee_applcfg.c.o
 .debug_aranges
                0x00000088       0xa8 obj/hal.c.o
 .debug_aranges
                0x00000130       0x20 obj/platform/devices/S32K148/startup/gcc/startup_S32K148.S.o
 .debug_aranges
                0x00000150      0x210 D:\RTOS_PROJEKT\erica\workspace\s32_test\erika\lib\libs32sdk.a(clock_S32K1xx.c.o)
 .debug_aranges
                0x00000360       0x70 D:\RTOS_PROJEKT\erica\workspace\s32_test\erika\lib\libs32sdk.a(interrupt_manager.c.o)
 .debug_aranges
                0x000003d0       0xe0 D:\RTOS_PROJEKT\erica\workspace\s32_test\erika\lib\libs32sdk.a(pins_driver.c.o)
 .debug_aranges
                0x000004b0       0x40 D:\RTOS_PROJEKT\erica\workspace\s32_test\erika\lib\libs32sdk.a(pins_port_hw_access.c.o)
 .debug_aranges
                0x000004f0       0x20 D:\RTOS_PROJEKT\erica\workspace\s32_test\erika\lib\libs32sdk.a(startup.c.o)
 .debug_aranges
                0x00000510       0x30 D:\RTOS_PROJEKT\erica\workspace\s32_test\erika\lib\libs32sdk.a(system_S32K148.c.o)
 .debug_aranges
                0x00000540       0x38 D:\RTOS_PROJEKT\erica\workspace\s32_test\erika\lib\libee.a(ee_cortex_m_system_timer.c.o)
 .debug_aranges
                0x00000578       0x28 D:\RTOS_PROJEKT\erica\workspace\s32_test\erika\lib\libee.a(ee_oo_api_extension.c.o)
 .debug_aranges
                0x000005a0      0x108 D:\RTOS_PROJEKT\erica\workspace\s32_test\erika\lib\libee.a(ee_oo_api_osek.c.o)
 .debug_aranges
                0x000006a8       0x38 D:\RTOS_PROJEKT\erica\workspace\s32_test\erika\lib\libee.a(ee_oo_sched_entry_points.c.o)
 .debug_aranges
                0x000006e0       0x40 D:\RTOS_PROJEKT\erica\workspace\s32_test\erika\lib\libee.a(ee_oo_scheduler.c.o)
 .debug_aranges
                0x00000720       0x38 D:\RTOS_PROJEKT\erica\workspace\s32_test\erika\lib\libee.a(ee_oo_kernel.c.o)
 .debug_aranges
                0x00000758       0x58 D:\RTOS_PROJEKT\erica\workspace\s32_test\erika\lib\libee.a(ee_oo_sched_partitioned.c.o)
 .debug_aranges
                0x000007b0       0x48 D:\RTOS_PROJEKT\erica\workspace\s32_test\erika\lib\libee.a(ee_oo_counter.c.o)
 .debug_aranges
                0x000007f8       0x38 D:\RTOS_PROJEKT\erica\workspace\s32_test\erika\lib\libee.a(ee_oo_alarm.c.o)
 .debug_aranges
                0x00000830       0x30 D:\RTOS_PROJEKT\erica\workspace\s32_test\erika\lib\libee.a(ee_std_change_context.c.o)
 .debug_aranges
                0x00000860       0x20 D:\RTOS_PROJEKT\erica\workspace\s32_test\erika\lib\libee.a(ee_cortex_m_asm.S.o)
 .debug_aranges
                0x00000880       0x28 D:\RTOS_PROJEKT\erica\workspace\s32_test\erika\lib\libee.a(ee_cortex_m_system.c.o)
 .debug_aranges
                0x000008a8       0x20 D:\RTOS_PROJEKT\erica\workspace\s32_test\erika\lib\libee.a(ee_cortex_m_change_context.c.o)
 .debug_aranges
                0x000008c8       0x20 D:\RTOS_PROJEKT\erica\workspace\s32_test\erika\lib\libee.a(ee_s32k1xx_intvect.c.o)
 .debug_aranges
                0x000008e8       0x20 D:\RTOS_PROJEKT\erica\workspace\s32_test\erika\lib\libee.a(ee_cortex_m_irq_asm.S.o)
 .debug_aranges
                0x00000908       0x30 D:\RTOS_PROJEKT\erica\workspace\s32_test\erika\lib\libee.a(ee_cortex_m_irqstub.c.o)

.debug_ranges   0x00000000     0x1138
 .debug_ranges  0x00000000       0x60 obj/code.c.o
 .debug_ranges  0x00000060       0x98 obj/hal.c.o
 .debug_ranges  0x000000f8      0x3b0 D:\RTOS_PROJEKT\erica\workspace\s32_test\erika\lib\libs32sdk.a(clock_S32K1xx.c.o)
 .debug_ranges  0x000004a8       0x90 D:\RTOS_PROJEKT\erica\workspace\s32_test\erika\lib\libs32sdk.a(interrupt_manager.c.o)
 .debug_ranges  0x00000538       0xe8 D:\RTOS_PROJEKT\erica\workspace\s32_test\erika\lib\libs32sdk.a(pins_driver.c.o)
 .debug_ranges  0x00000620       0x30 D:\RTOS_PROJEKT\erica\workspace\s32_test\erika\lib\libs32sdk.a(pins_port_hw_access.c.o)
 .debug_ranges  0x00000650       0x10 D:\RTOS_PROJEKT\erica\workspace\s32_test\erika\lib\libs32sdk.a(startup.c.o)
 .debug_ranges  0x00000660       0x20 D:\RTOS_PROJEKT\erica\workspace\s32_test\erika\lib\libs32sdk.a(system_S32K148.c.o)
 .debug_ranges  0x00000680       0x28 D:\RTOS_PROJEKT\erica\workspace\s32_test\erika\lib\libee.a(ee_cortex_m_system_timer.c.o)
 .debug_ranges  0x000006a8       0xe8 D:\RTOS_PROJEKT\erica\workspace\s32_test\erika\lib\libee.a(ee_oo_api_extension.c.o)
 .debug_ranges  0x00000790      0x610 D:\RTOS_PROJEKT\erica\workspace\s32_test\erika\lib\libee.a(ee_oo_api_osek.c.o)
 .debug_ranges  0x00000da0       0x58 D:\RTOS_PROJEKT\erica\workspace\s32_test\erika\lib\libee.a(ee_oo_sched_entry_points.c.o)
 .debug_ranges  0x00000df8       0x98 D:\RTOS_PROJEKT\erica\workspace\s32_test\erika\lib\libee.a(ee_oo_scheduler.c.o)
 .debug_ranges  0x00000e90       0x40 D:\RTOS_PROJEKT\erica\workspace\s32_test\erika\lib\libee.a(ee_oo_kernel.c.o)
 .debug_ranges  0x00000ed0       0xa8 D:\RTOS_PROJEKT\erica\workspace\s32_test\erika\lib\libee.a(ee_oo_sched_partitioned.c.o)
 .debug_ranges  0x00000f78       0xf0 D:\RTOS_PROJEKT\erica\workspace\s32_test\erika\lib\libee.a(ee_oo_counter.c.o)
 .debug_ranges  0x00001068       0x58 D:\RTOS_PROJEKT\erica\workspace\s32_test\erika\lib\libee.a(ee_oo_alarm.c.o)
 .debug_ranges  0x000010c0       0x20 D:\RTOS_PROJEKT\erica\workspace\s32_test\erika\lib\libee.a(ee_std_change_context.c.o)
 .debug_ranges  0x000010e0       0x18 D:\RTOS_PROJEKT\erica\workspace\s32_test\erika\lib\libee.a(ee_cortex_m_system.c.o)
 .debug_ranges  0x000010f8       0x10 D:\RTOS_PROJEKT\erica\workspace\s32_test\erika\lib\libee.a(ee_cortex_m_change_context.c.o)
 .debug_ranges  0x00001108       0x10 D:\RTOS_PROJEKT\erica\workspace\s32_test\erika\lib\libee.a(ee_s32k1xx_intvect.c.o)
 .debug_ranges  0x00001118       0x20 D:\RTOS_PROJEKT\erica\workspace\s32_test\erika\lib\libee.a(ee_cortex_m_irqstub.c.o)

.debug_line     0x00000000     0xa7ac
 .debug_line    0x00000000      0x502 obj/code.c.o
 .debug_line    0x00000502      0x1c1 obj/ee_applcfg.c.o
 .debug_line    0x000006c3      0x52d obj/hal.c.o
 .debug_line    0x00000bf0       0x9a obj/platform/devices/S32K148/startup/gcc/startup_S32K148.S.o
 .debug_line    0x00000c8a     0x3c36 D:\RTOS_PROJEKT\erica\workspace\s32_test\erika\lib\libs32sdk.a(clock_S32K1xx.c.o)
 .debug_line    0x000048c0      0x3ea D:\RTOS_PROJEKT\erica\workspace\s32_test\erika\lib\libs32sdk.a(interrupt_manager.c.o)
 .debug_line    0x00004caa      0x700 D:\RTOS_PROJEKT\erica\workspace\s32_test\erika\lib\libs32sdk.a(pins_driver.c.o)
 .debug_line    0x000053aa      0x503 D:\RTOS_PROJEKT\erica\workspace\s32_test\erika\lib\libs32sdk.a(pins_port_hw_access.c.o)
 .debug_line    0x000058ad      0x1cf D:\RTOS_PROJEKT\erica\workspace\s32_test\erika\lib\libs32sdk.a(startup.c.o)
 .debug_line    0x00005a7c      0x244 D:\RTOS_PROJEKT\erica\workspace\s32_test\erika\lib\libs32sdk.a(system_S32K148.c.o)
 .debug_line    0x00005cc0      0x2d7 D:\RTOS_PROJEKT\erica\workspace\s32_test\erika\lib\libee.a(ee_cortex_m_system_timer.c.o)
 .debug_line    0x00005f97      0x3e0 D:\RTOS_PROJEKT\erica\workspace\s32_test\erika\lib\libee.a(ee_oo_api_extension.c.o)
 .debug_line    0x00006377     0x1b18 D:\RTOS_PROJEKT\erica\workspace\s32_test\erika\lib\libee.a(ee_oo_api_osek.c.o)
 .debug_line    0x00007e8f      0x39a D:\RTOS_PROJEKT\erica\workspace\s32_test\erika\lib\libee.a(ee_oo_sched_entry_points.c.o)
 .debug_line    0x00008229      0x577 D:\RTOS_PROJEKT\erica\workspace\s32_test\erika\lib\libee.a(ee_oo_scheduler.c.o)
 .debug_line    0x000087a0      0x2dd D:\RTOS_PROJEKT\erica\workspace\s32_test\erika\lib\libee.a(ee_oo_kernel.c.o)
 .debug_line    0x00008a7d      0x764 D:\RTOS_PROJEKT\erica\workspace\s32_test\erika\lib\libee.a(ee_oo_sched_partitioned.c.o)
 .debug_line    0x000091e1      0x63e D:\RTOS_PROJEKT\erica\workspace\s32_test\erika\lib\libee.a(ee_oo_counter.c.o)
 .debug_line    0x0000981f      0x42d D:\RTOS_PROJEKT\erica\workspace\s32_test\erika\lib\libee.a(ee_oo_alarm.c.o)
 .debug_line    0x00009c4c      0x292 D:\RTOS_PROJEKT\erica\workspace\s32_test\erika\lib\libee.a(ee_std_change_context.c.o)
 .debug_line    0x00009ede       0x8c D:\RTOS_PROJEKT\erica\workspace\s32_test\erika\lib\libee.a(ee_cortex_m_asm.S.o)
 .debug_line    0x00009f6a      0x17d D:\RTOS_PROJEKT\erica\workspace\s32_test\erika\lib\libee.a(ee_cortex_m_system.c.o)
 .debug_line    0x0000a0e7      0x28d D:\RTOS_PROJEKT\erica\workspace\s32_test\erika\lib\libee.a(ee_cortex_m_change_context.c.o)
 .debug_line    0x0000a374       0x7d D:\RTOS_PROJEKT\erica\workspace\s32_test\erika\lib\libee.a(ee_s32k1xx_intvect.c.o)
 .debug_line    0x0000a3f1       0xae D:\RTOS_PROJEKT\erica\workspace\s32_test\erika\lib\libee.a(ee_cortex_m_irq_asm.S.o)
 .debug_line    0x0000a49f      0x30d D:\RTOS_PROJEKT\erica\workspace\s32_test\erika\lib\libee.a(ee_cortex_m_irqstub.c.o)

.debug_str      0x00000000     0x834a
 .debug_str     0x00000000      0x490 obj/code.c.o
                                0x526 (size before relaxing)
 .debug_str     0x00000490      0xa94 obj/ee_applcfg.c.o
                                0xd24 (size before relaxing)
 .debug_str     0x00000f24     0x2a61 obj/hal.c.o
                               0x2d96 (size before relaxing)
 .debug_str     0x00003985       0x84 obj/platform/devices/S32K148/startup/gcc/startup_S32K148.S.o
 .debug_str     0x00003a09     0x1e5c D:\RTOS_PROJEKT\erica\workspace\s32_test\erika\lib\libs32sdk.a(clock_S32K1xx.c.o)
                               0x3db3 (size before relaxing)
 .debug_str     0x00005865      0xac3 D:\RTOS_PROJEKT\erica\workspace\s32_test\erika\lib\libs32sdk.a(interrupt_manager.c.o)
                                0xcfe (size before relaxing)
 .debug_str     0x00006328      0x54b D:\RTOS_PROJEKT\erica\workspace\s32_test\erika\lib\libs32sdk.a(pins_driver.c.o)
                               0x13d6 (size before relaxing)
 .debug_str     0x00006873      0x1a8 D:\RTOS_PROJEKT\erica\workspace\s32_test\erika\lib\libs32sdk.a(pins_port_hw_access.c.o)
                                0x8be (size before relaxing)
 .debug_str     0x00006a1b      0x14d D:\RTOS_PROJEKT\erica\workspace\s32_test\erika\lib\libs32sdk.a(startup.c.o)
                                0x32d (size before relaxing)
 .debug_str     0x00006b68       0xf7 D:\RTOS_PROJEKT\erica\workspace\s32_test\erika\lib\libs32sdk.a(system_S32K148.c.o)
                                0x40b (size before relaxing)
 .debug_str     0x00006c5f      0x19f D:\RTOS_PROJEKT\erica\workspace\s32_test\erika\lib\libee.a(ee_cortex_m_system_timer.c.o)
                                0xc54 (size before relaxing)
 .debug_str     0x00006dfe      0x1b8 D:\RTOS_PROJEKT\erica\workspace\s32_test\erika\lib\libee.a(ee_oo_api_extension.c.o)
                                0xd74 (size before relaxing)
 .debug_str     0x00006fb6      0x840 D:\RTOS_PROJEKT\erica\workspace\s32_test\erika\lib\libee.a(ee_oo_api_osek.c.o)
                               0x16f7 (size before relaxing)
 .debug_str     0x000077f6      0x117 D:\RTOS_PROJEKT\erica\workspace\s32_test\erika\lib\libee.a(ee_oo_sched_entry_points.c.o)
                                0xffa (size before relaxing)
 .debug_str     0x0000790d      0x1da D:\RTOS_PROJEKT\erica\workspace\s32_test\erika\lib\libee.a(ee_oo_scheduler.c.o)
                                0xce5 (size before relaxing)
 .debug_str     0x00007ae7       0xa6 D:\RTOS_PROJEKT\erica\workspace\s32_test\erika\lib\libee.a(ee_oo_kernel.c.o)
                                0xa03 (size before relaxing)
 .debug_str     0x00007b8d      0x1a7 D:\RTOS_PROJEKT\erica\workspace\s32_test\erika\lib\libee.a(ee_oo_sched_partitioned.c.o)
                                0xf03 (size before relaxing)
 .debug_str     0x00007d34      0x1d3 D:\RTOS_PROJEKT\erica\workspace\s32_test\erika\lib\libee.a(ee_oo_counter.c.o)
                                0xe2a (size before relaxing)
 .debug_str     0x00007f07       0x6b D:\RTOS_PROJEKT\erica\workspace\s32_test\erika\lib\libee.a(ee_oo_alarm.c.o)
                                0x9e5 (size before relaxing)
 .debug_str     0x00007f72       0xcd D:\RTOS_PROJEKT\erica\workspace\s32_test\erika\lib\libee.a(ee_std_change_context.c.o)
                                0x598 (size before relaxing)
 .debug_str     0x0000803f       0x74 D:\RTOS_PROJEKT\erica\workspace\s32_test\erika\lib\libee.a(ee_cortex_m_asm.S.o)
                                 0x82 (size before relaxing)
 .debug_str     0x000080b3       0xaa D:\RTOS_PROJEKT\erica\workspace\s32_test\erika\lib\libee.a(ee_cortex_m_system.c.o)
                                0x273 (size before relaxing)
 .debug_str     0x0000815d       0xc3 D:\RTOS_PROJEKT\erica\workspace\s32_test\erika\lib\libee.a(ee_cortex_m_change_context.c.o)
                                0xc9d (size before relaxing)
 .debug_str     0x00008220       0x48 D:\RTOS_PROJEKT\erica\workspace\s32_test\erika\lib\libee.a(ee_s32k1xx_intvect.c.o)
                                0x203 (size before relaxing)
 .debug_str     0x00008268       0x49 D:\RTOS_PROJEKT\erica\workspace\s32_test\erika\lib\libee.a(ee_cortex_m_irq_asm.S.o)
                                 0x86 (size before relaxing)
 .debug_str     0x000082b1       0x99 D:\RTOS_PROJEKT\erica\workspace\s32_test\erika\lib\libee.a(ee_cortex_m_irqstub.c.o)
                                0xc2f (size before relaxing)

.comment        0x00000000       0x49
 .comment       0x00000000       0x49 obj/code.c.o
                                 0x4a (size before relaxing)
 .comment       0x00000049       0x4a obj/ee_applcfg.c.o
 .comment       0x00000049       0x4a obj/hal.c.o
 .comment       0x00000049       0x4a D:\RTOS_PROJEKT\erica\workspace\s32_test\erika\lib\libs32sdk.a(clock_S32K1xx.c.o)
 .comment       0x00000049       0x4a D:\RTOS_PROJEKT\erica\workspace\s32_test\erika\lib\libs32sdk.a(interrupt_manager.c.o)
 .comment       0x00000049       0x4a D:\RTOS_PROJEKT\erica\workspace\s32_test\erika\lib\libs32sdk.a(pins_driver.c.o)
 .comment       0x00000049       0x4a D:\RTOS_PROJEKT\erica\workspace\s32_test\erika\lib\libs32sdk.a(pins_port_hw_access.c.o)
 .comment       0x00000049       0x4a D:\RTOS_PROJEKT\erica\workspace\s32_test\erika\lib\libs32sdk.a(startup.c.o)
 .comment       0x00000049       0x4a D:\RTOS_PROJEKT\erica\workspace\s32_test\erika\lib\libs32sdk.a(system_S32K148.c.o)
 .comment       0x00000049       0x4a D:\RTOS_PROJEKT\erica\workspace\s32_test\erika\lib\libee.a(ee_cortex_m_system_timer.c.o)
 .comment       0x00000049       0x4a D:\RTOS_PROJEKT\erica\workspace\s32_test\erika\lib\libee.a(ee_oo_api_extension.c.o)
 .comment       0x00000049       0x4a D:\RTOS_PROJEKT\erica\workspace\s32_test\erika\lib\libee.a(ee_oo_api_osek.c.o)
 .comment       0x00000049       0x4a D:\RTOS_PROJEKT\erica\workspace\s32_test\erika\lib\libee.a(ee_oo_sched_entry_points.c.o)
 .comment       0x00000049       0x4a D:\RTOS_PROJEKT\erica\workspace\s32_test\erika\lib\libee.a(ee_oo_scheduler.c.o)
 .comment       0x00000049       0x4a D:\RTOS_PROJEKT\erica\workspace\s32_test\erika\lib\libee.a(ee_oo_kernel.c.o)
 .comment       0x00000049       0x4a D:\RTOS_PROJEKT\erica\workspace\s32_test\erika\lib\libee.a(ee_oo_sched_partitioned.c.o)
 .comment       0x00000049       0x4a D:\RTOS_PROJEKT\erica\workspace\s32_test\erika\lib\libee.a(ee_oo_counter.c.o)
 .comment       0x00000049       0x4a D:\RTOS_PROJEKT\erica\workspace\s32_test\erika\lib\libee.a(ee_oo_alarm.c.o)
 .comment       0x00000049       0x4a D:\RTOS_PROJEKT\erica\workspace\s32_test\erika\lib\libee.a(ee_std_change_context.c.o)
 .comment       0x00000049       0x4a D:\RTOS_PROJEKT\erica\workspace\s32_test\erika\lib\libee.a(ee_cortex_m_system.c.o)
 .comment       0x00000049       0x4a D:\RTOS_PROJEKT\erica\workspace\s32_test\erika\lib\libee.a(ee_cortex_m_change_context.c.o)
 .comment       0x00000049       0x4a D:\RTOS_PROJEKT\erica\workspace\s32_test\erika\lib\libee.a(ee_s32k1xx_intvect.c.o)
 .comment       0x00000049       0x4a D:\RTOS_PROJEKT\erica\workspace\s32_test\erika\lib\libee.a(ee_cortex_m_irqstub.c.o)

.debug_frame    0x00000000     0x161c
 .debug_frame   0x00000000      0x11c obj/code.c.o
 .debug_frame   0x0000011c      0x190 obj/hal.c.o
 .debug_frame   0x000002ac       0x5c c:/program files (x86)/gnu arm embedded toolchain/10 2021.10/bin/../lib/gcc/arm-none-eabi/10.3.1/../../../../arm-none-eabi/lib/thumb/v7e-m/nofp\libc.a(lib_a-__call_atexit.o)
 .debug_frame   0x00000308       0x20 c:/program files (x86)/gnu arm embedded toolchain/10 2021.10/bin/../lib/gcc/arm-none-eabi/10.3.1/../../../../arm-none-eabi/lib/thumb/v7e-m/nofp\libc.a(lib_a-atexit.o)
 .debug_frame   0x00000328       0x34 c:/program files (x86)/gnu arm embedded toolchain/10 2021.10/bin/../lib/gcc/arm-none-eabi/10.3.1/../../../../arm-none-eabi/lib/thumb/v7e-m/nofp\libc.a(lib_a-fini.o)
 .debug_frame   0x0000035c       0xb0 c:/program files (x86)/gnu arm embedded toolchain/10 2021.10/bin/../lib/gcc/arm-none-eabi/10.3.1/../../../../arm-none-eabi/lib/thumb/v7e-m/nofp\libc.a(lib_a-lock.o)
 .debug_frame   0x0000040c       0x34 c:/program files (x86)/gnu arm embedded toolchain/10 2021.10/bin/../lib/gcc/arm-none-eabi/10.3.1/../../../../arm-none-eabi/lib/thumb/v7e-m/nofp\libc.a(lib_a-__atexit.o)
 .debug_frame   0x00000440      0x670 D:\RTOS_PROJEKT\erica\workspace\s32_test\erika\lib\libs32sdk.a(clock_S32K1xx.c.o)
 .debug_frame   0x00000ab0       0xcc D:\RTOS_PROJEKT\erica\workspace\s32_test\erika\lib\libs32sdk.a(interrupt_manager.c.o)
 .debug_frame   0x00000b7c      0x1c4 D:\RTOS_PROJEKT\erica\workspace\s32_test\erika\lib\libs32sdk.a(pins_driver.c.o)
 .debug_frame   0x00000d40       0x78 D:\RTOS_PROJEKT\erica\workspace\s32_test\erika\lib\libs32sdk.a(pins_port_hw_access.c.o)
 .debug_frame   0x00000db8       0x20 D:\RTOS_PROJEKT\erica\workspace\s32_test\erika\lib\libs32sdk.a(startup.c.o)
 .debug_frame   0x00000dd8       0x40 D:\RTOS_PROJEKT\erica\workspace\s32_test\erika\lib\libs32sdk.a(system_S32K148.c.o)
 .debug_frame   0x00000e18       0x58 D:\RTOS_PROJEKT\erica\workspace\s32_test\erika\lib\libee.a(ee_cortex_m_system_timer.c.o)
 .debug_frame   0x00000e70       0x50 D:\RTOS_PROJEKT\erica\workspace\s32_test\erika\lib\libee.a(ee_oo_api_extension.c.o)
 .debug_frame   0x00000ec0      0x2ac D:\RTOS_PROJEKT\erica\workspace\s32_test\erika\lib\libee.a(ee_oo_api_osek.c.o)
 .debug_frame   0x0000116c       0x6c D:\RTOS_PROJEKT\erica\workspace\s32_test\erika\lib\libee.a(ee_oo_sched_entry_points.c.o)
 .debug_frame   0x000011d8       0x94 D:\RTOS_PROJEKT\erica\workspace\s32_test\erika\lib\libee.a(ee_oo_scheduler.c.o)
 .debug_frame   0x0000126c       0x58 D:\RTOS_PROJEKT\erica\workspace\s32_test\erika\lib\libee.a(ee_oo_kernel.c.o)
 .debug_frame   0x000012c4       0xe8 D:\RTOS_PROJEKT\erica\workspace\s32_test\erika\lib\libee.a(ee_oo_sched_partitioned.c.o)
 .debug_frame   0x000013ac       0xb8 D:\RTOS_PROJEKT\erica\workspace\s32_test\erika\lib\libee.a(ee_oo_counter.c.o)
 .debug_frame   0x00001464       0x74 D:\RTOS_PROJEKT\erica\workspace\s32_test\erika\lib\libee.a(ee_oo_alarm.c.o)
 .debug_frame   0x000014d8       0x58 D:\RTOS_PROJEKT\erica\workspace\s32_test\erika\lib\libee.a(ee_std_change_context.c.o)
 .debug_frame   0x00001530       0x40 D:\RTOS_PROJEKT\erica\workspace\s32_test\erika\lib\libee.a(ee_cortex_m_system.c.o)
 .debug_frame   0x00001570       0x30 D:\RTOS_PROJEKT\erica\workspace\s32_test\erika\lib\libee.a(ee_cortex_m_change_context.c.o)
 .debug_frame   0x000015a0       0x20 D:\RTOS_PROJEKT\erica\workspace\s32_test\erika\lib\libee.a(ee_s32k1xx_intvect.c.o)
 .debug_frame   0x000015c0       0x5c D:\RTOS_PROJEKT\erica\workspace\s32_test\erika\lib\libee.a(ee_cortex_m_irqstub.c.o)
