Archive member included to satisfy reference by file (symbol)

c:/program files (x86)/gnu arm embedded toolchain/10 2021.10/bin/../lib/gcc/arm-none-eabi/10.3.1/../../../../arm-none-eabi/lib/thumb/v7e-m/nofp\libc.a(lib_a-exit.o)
                              c:/program files (x86)/gnu arm embedded toolchain/10 2021.10/bin/../lib/gcc/arm-none-eabi/10.3.1/../../../../arm-none-eabi/lib/thumb/v7e-m/nofp/crt0.o (exit)
c:/program files (x86)/gnu arm embedded toolchain/10 2021.10/bin/../lib/gcc/arm-none-eabi/10.3.1/../../../../arm-none-eabi/lib/thumb/v7e-m/nofp\libc.a(lib_a-impure.o)
                              c:/program files (x86)/gnu arm embedded toolchain/10 2021.10/bin/../lib/gcc/arm-none-eabi/10.3.1/../../../../arm-none-eabi/lib/thumb/v7e-m/nofp\libc.a(lib_a-exit.o) (_global_impure_ptr)
c:/program files (x86)/gnu arm embedded toolchain/10 2021.10/bin/../lib/gcc/arm-none-eabi/10.3.1/../../../../arm-none-eabi/lib/thumb/v7e-m/nofp\libc.a(lib_a-init.o)
                              c:/program files (x86)/gnu arm embedded toolchain/10 2021.10/bin/../lib/gcc/arm-none-eabi/10.3.1/../../../../arm-none-eabi/lib/thumb/v7e-m/nofp/crt0.o (__libc_init_array)
c:/program files (x86)/gnu arm embedded toolchain/10 2021.10/bin/../lib/gcc/arm-none-eabi/10.3.1/../../../../arm-none-eabi/lib/thumb/v7e-m/nofp\libc.a(lib_a-memset.o)
                              c:/program files (x86)/gnu arm embedded toolchain/10 2021.10/bin/../lib/gcc/arm-none-eabi/10.3.1/../../../../arm-none-eabi/lib/thumb/v7e-m/nofp/crt0.o (memset)
c:/program files (x86)/gnu arm embedded toolchain/10 2021.10/bin/../lib/gcc/arm-none-eabi/10.3.1/../../../../arm-none-eabi/lib/thumb/v7e-m/nofp\libc.a(lib_a-sprintf.o)
                              obj/code.c.o (sprintf)
c:/program files (x86)/gnu arm embedded toolchain/10 2021.10/bin/../lib/gcc/arm-none-eabi/10.3.1/../../../../arm-none-eabi/lib/thumb/v7e-m/nofp\libc.a(lib_a-strlen.o)
                              obj/code.c.o (strlen)
c:/program files (x86)/gnu arm embedded toolchain/10 2021.10/bin/../lib/gcc/arm-none-eabi/10.3.1/../../../../arm-none-eabi/lib/thumb/v7e-m/nofp\libc.a(lib_a-svfprintf.o)
                              c:/program files (x86)/gnu arm embedded toolchain/10 2021.10/bin/../lib/gcc/arm-none-eabi/10.3.1/../../../../arm-none-eabi/lib/thumb/v7e-m/nofp\libc.a(lib_a-sprintf.o) (_svfprintf_r)
c:/program files (x86)/gnu arm embedded toolchain/10 2021.10/bin/../lib/gcc/arm-none-eabi/10.3.1/../../../../arm-none-eabi/lib/thumb/v7e-m/nofp\libc.a(lib_a-__call_atexit.o)
                              c:/program files (x86)/gnu arm embedded toolchain/10 2021.10/bin/../lib/gcc/arm-none-eabi/10.3.1/../../../../arm-none-eabi/lib/thumb/v7e-m/nofp\libc.a(lib_a-exit.o) (__call_exitprocs)
c:/program files (x86)/gnu arm embedded toolchain/10 2021.10/bin/../lib/gcc/arm-none-eabi/10.3.1/../../../../arm-none-eabi/lib/thumb/v7e-m/nofp\libc.a(lib_a-atexit.o)
                              c:/program files (x86)/gnu arm embedded toolchain/10 2021.10/bin/../lib/gcc/arm-none-eabi/10.3.1/../../../../arm-none-eabi/lib/thumb/v7e-m/nofp\libc.a(lib_a-__call_atexit.o) (atexit)
c:/program files (x86)/gnu arm embedded toolchain/10 2021.10/bin/../lib/gcc/arm-none-eabi/10.3.1/../../../../arm-none-eabi/lib/thumb/v7e-m/nofp\libc.a(lib_a-dtoa.o)
                              c:/program files (x86)/gnu arm embedded toolchain/10 2021.10/bin/../lib/gcc/arm-none-eabi/10.3.1/../../../../arm-none-eabi/lib/thumb/v7e-m/nofp\libc.a(lib_a-svfprintf.o) (_dtoa_r)
c:/program files (x86)/gnu arm embedded toolchain/10 2021.10/bin/../lib/gcc/arm-none-eabi/10.3.1/../../../../arm-none-eabi/lib/thumb/v7e-m/nofp\libc.a(lib_a-fini.o)
                              c:/program files (x86)/gnu arm embedded toolchain/10 2021.10/bin/../lib/gcc/arm-none-eabi/10.3.1/../../../../arm-none-eabi/lib/thumb/v7e-m/nofp\libc.a(lib_a-__call_atexit.o) (__libc_fini_array)
c:/program files (x86)/gnu arm embedded toolchain/10 2021.10/bin/../lib/gcc/arm-none-eabi/10.3.1/../../../../arm-none-eabi/lib/thumb/v7e-m/nofp\libc.a(lib_a-freer.o)
                              c:/program files (x86)/gnu arm embedded toolchain/10 2021.10/bin/../lib/gcc/arm-none-eabi/10.3.1/../../../../arm-none-eabi/lib/thumb/v7e-m/nofp\libc.a(lib_a-svfprintf.o) (_free_r)
c:/program files (x86)/gnu arm embedded toolchain/10 2021.10/bin/../lib/gcc/arm-none-eabi/10.3.1/../../../../arm-none-eabi/lib/thumb/v7e-m/nofp\libc.a(lib_a-localeconv.o)
                              c:/program files (x86)/gnu arm embedded toolchain/10 2021.10/bin/../lib/gcc/arm-none-eabi/10.3.1/../../../../arm-none-eabi/lib/thumb/v7e-m/nofp\libc.a(lib_a-svfprintf.o) (_localeconv_r)
c:/program files (x86)/gnu arm embedded toolchain/10 2021.10/bin/../lib/gcc/arm-none-eabi/10.3.1/../../../../arm-none-eabi/lib/thumb/v7e-m/nofp\libc.a(lib_a-lock.o)
[...]
Memory Configuration

Name             Origin             Length             Attributes
m_interrupts     0x1ffe0000         0x00000400         xr
m_text           0x1ffe0400         0x0001fc00         xr
m_data           0x20000000         0x0001f000         rw
*default*        0x00000000         0xffffffff

Linker script and memory map

LOAD c:/program files (x86)/gnu arm embedded toolchain/10 2021.10/bin/../lib/gcc/arm-none-eabi/10.3.1/thumb/v7e-m/nofp/crti.o
LOAD c:/program files (x86)/gnu arm embedded toolchain/10 2021.10/bin/../lib/gcc/arm-none-eabi/10.3.1/thumb/v7e-m/nofp/crtbegin.o
LOAD c:/program files (x86)/gnu arm embedded toolchain/10 2021.10/bin/../lib/gcc/arm-none-eabi/10.3.1/../../../../arm-none-eabi/lib/thumb/v7e-m/nofp/crt0.o
LOAD obj/code.c.o
LOAD obj/ee_applcfg.c.o
LOAD obj/hal.c.o
LOAD obj/platform/devices/S32K148/startup/gcc/startup_S32K148.S.o
START GROUP
LOAD c:/program files (x86)/gnu arm embedded toolchain/10 2021.10/bin/../lib/gcc/arm-none-eabi/10.3.1/../../../../arm-none-eabi/lib/thumb/v7e-m/nofp\libstdc++.a
LOAD c:/program files (x86)/gnu arm embedded toolchain/10 2021.10/bin/../lib/gcc/arm-none-eabi/10.3.1/../../../../arm-none-eabi/lib/thumb/v7e-m/nofp\libsupc++.a
LOAD c:/program files (x86)/gnu arm embedded toolchain/10 2021.10/bin/../lib/gcc/arm-none-eabi/10.3.1/../../../../arm-none-eabi/lib/thumb/v7e-m/nofp\libm.a
LOAD c:/program files (x86)/gnu arm embedded toolchain/10 2021.10/bin/../lib/gcc/arm-none-eabi/10.3.1/../../../../arm-none-eabi/lib/thumb/v7e-m/nofp\libc.a
LOAD c:/program files (x86)/gnu arm embedded toolchain/10 2021.10/bin/../lib/gcc/arm-none-eabi/10.3.1/thumb/v7e-m/nofp\libgcc.a
LOAD D:\RTOS_PROJEKT\erica\workspace\test_compile\erika\lib\libs32sdk.a
LOAD D:\RTOS_PROJEKT\erica\workspace\test_compile\erika\lib\libee.a
END GROUP
START GROUP
LOAD c:/program files (x86)/gnu arm embedded toolchain/10 2021.10/bin/../lib/gcc/arm-none-eabi/10.3.1/thumb/v7e-m/nofp\libgcc.a
LOAD c:/program files (x86)/gnu arm embedded toolchain/10 2021.10/bin/../lib/gcc/arm-none-eabi/10.3.1/../../../../arm-none-eabi/lib/thumb/v7e-m/nofp\libc.a
END GROUP
LOAD c:/program files (x86)/gnu arm embedded toolchain/10 2021.10/bin/../lib/gcc/arm-none-eabi/10.3.1/thumb/v7e-m/nofp/crtend.o
LOAD c:/program files (x86)/gnu arm embedded toolchain/10 2021.10/bin/../lib/gcc/arm-none-eabi/10.3.1/thumb/v7e-m/nofp/crtn.o
                0x00000400                HEAP_SIZE = DEFINED (__heap_size__)?__heap_size__:0x400
                0x00000400                STACK_SIZE = DEFINED (__stack_size__)?__stack_size__:0x400

.interrupts     0x1ffe0000      0x400
                0x1ffe0000                __VECTOR_TABLE = .
                0x1ffe0000                __interrupts_start__ = .
                0x1ffe0000                . = ALIGN (0x4)
 *(.isr_vector)
 .isr_vector    0x1ffe0000      0x400 obj/platform/devices/S32K148/startup/gcc/startup_S32K148.S.o
                0x1ffe0000                __isr_vector
                0x1ffe0400                __interrupts_end__ = .
                0x1ffe0400                . = ALIGN (0x4)
                0x1ffe0000                __VECTOR_RAM = __VECTOR_TABLE
                0x00000000                __RAM_VECTOR_TABLE_SIZE = 0x0

.text           0x1ffe0400     0x3308
                0x1ffe0400                . = ALIGN (0x4)
 *(.text)
 .text          0x1ffe0400       0x4c obj/platform/devices/S32K148/startup/gcc/startup_S32K148.S.o
                0x1ffe0400                Reset_Handler
                0x1ffe0448                FTM5_Ch2_Ch3_IRQHandler
                0x1ffe0448                DebugMon_Handler
                0x1ffe0448                CAN0_ORed_IRQHandler
                0x1ffe0448                HardFault_Handler
                0x1ffe0448                FTM7_Ch2_Ch3_IRQHandler
                0x1ffe0448                Reserved103_IRQHandler
                0x1ffe0448                FTM7_Ch6_Ch7_IRQHandler
                0x1ffe0448                SysTick_Handler
                0x1ffe0448                FTM2_Ovf_Reload_IRQHandler
                0x1ffe0448                Reserved50_IRQHandler
                0x1ffe0448                FTFC_Fault_IRQHandler
                0x1ffe0448                FTM0_Ch6_Ch7_IRQHandler
                0x1ffe0448                Reserved114_IRQHandler
                0x1ffe0448                NMI_Handler
                0x1ffe0448                ERM_double_fault_IRQHandler
                0x1ffe0448                DMA2_IRQHandler
                0x1ffe0448                Reserved59_IRQHandler
                0x1ffe0448                LPIT0_Ch0_IRQHandler
                0x1ffe0448                Reserved99_IRQHandler
                0x1ffe0448                FTM7_Ch4_Ch5_IRQHandler
                0x1ffe0448                FTM3_Ch6_Ch7_IRQHandler
                0x1ffe0448                CAN2_ORed_0_15_MB_IRQHandler
                0x1ffe0448                LPIT0_Ch3_IRQHandler
                0x1ffe0448                LPI2C1_Master_IRQHandler
                0x1ffe0448                FTM0_Ch4_Ch5_IRQHandler
                0x1ffe0448                CAN1_Error_IRQHandler
                0x1ffe0448                FTM4_Ch6_Ch7_IRQHandler
                0x1ffe0448                FTM3_Ch0_Ch1_IRQHandler
                0x1ffe0448                SWI_IRQHandler
                0x1ffe0448                ADC0_IRQHandler
                0x1ffe0448                FTM2_Ch4_Ch5_IRQHandler
                0x1ffe0448                UsageFault_Handler
                0x1ffe0448                FTM4_Fault_IRQHandler
                0x1ffe0448                DefaultISR
                0x1ffe0448                DMA9_IRQHandler
                0x1ffe0448                Reserved58_IRQHandler
                0x1ffe0448                FTM7_Fault_IRQHandler
                0x1ffe0448                LPI2C1_Slave_IRQHandler
                0x1ffe0448                CAN1_ORed_0_15_MB_IRQHandler
                0x1ffe0448                FTM1_Ch2_Ch3_IRQHandler
                0x1ffe0448                DMA14_IRQHandler
                0x1ffe0448                Reserved82_IRQHandler
                0x1ffe0448                CAN0_ORed_16_31_MB_IRQHandler
                0x1ffe0448                LPI2C0_Slave_IRQHandler
                0x1ffe0448                PORTD_IRQHandler
                0x1ffe0448                SAI1_Rx_IRQHandler
                0x1ffe0448                Reserved69_IRQHandler
                0x1ffe0448                PORTB_IRQHandler
                0x1ffe0448                Reserved70_IRQHandler
                0x1ffe0448                ADC1_IRQHandler
                0x1ffe0448                FTM2_Ch2_Ch3_IRQHandler
                0x1ffe0448                FTM5_Ch0_Ch1_IRQHandler
                0x1ffe0448                Reserved53_IRQHandler
                0x1ffe0448                DMA5_IRQHandler
                0x1ffe0448                RTC_IRQHandler
                0x1ffe0448                PDB0_IRQHandler
                0x1ffe0448                Reserved54_IRQHandler
                0x1ffe0448                FTM6_Fault_IRQHandler
                0x1ffe0448                FTM2_Ch6_Ch7_IRQHandler
                0x1ffe0448                FTM6_Ch4_Ch5_IRQHandler
                0x1ffe0448                FTM3_Ch2_Ch3_IRQHandler
                0x1ffe0448                FTM6_Ch2_Ch3_IRQHandler
                0x1ffe0448                FTM2_Ch0_Ch1_IRQHandler
                0x1ffe0448                LPSPI1_IRQHandler
                0x1ffe0448                LPUART1_RxTx_IRQHandler
                0x1ffe0448                FTM4_Ovf_Reload_IRQHandler
                0x1ffe0448                RTC_Seconds_IRQHandler
                0x1ffe0448                FTM7_Ch0_Ch1_IRQHandler
                0x1ffe0448                CAN2_ORed_IRQHandler
                0x1ffe0448                Reserved110_IRQHandler
                0x1ffe0448                DMA11_IRQHandler
                0x1ffe0448                Reserved107_IRQHandler
                0x1ffe0448                ENET_TIMER_IRQHandler
                0x1ffe0448                Read_Collision_IRQHandler
                0x1ffe0448                CAN2_Error_IRQHandler
                0x1ffe0448                FTFC_IRQHandler
                0x1ffe0448                DMA7_IRQHandler
                0x1ffe0448                FTM1_Ch6_Ch7_IRQHandler
                0x1ffe0448                FTM5_Fault_IRQHandler
                0x1ffe0448                FTM6_Ovf_Reload_IRQHandler
                0x1ffe0448                LPIT0_Ch1_IRQHandler
                0x1ffe0448                FTM4_Ch0_Ch1_IRQHandler
                0x1ffe0448                FTM1_Ch4_Ch5_IRQHandler
                0x1ffe0448                FTM3_Ovf_Reload_IRQHandler
                0x1ffe0448                SAI0_Tx_IRQHandler
                0x1ffe0448                LPUART2_RxTx_IRQHandler
                0x1ffe0448                FTM5_Ch4_Ch5_IRQHandler
                0x1ffe0448                LPSPI0_IRQHandler
                0x1ffe0448                WDOG_EWM_IRQHandler
                0x1ffe0448                MemManage_Handler
                0x1ffe0448                Reserved83_IRQHandler
                0x1ffe0448                FTM0_Fault_IRQHandler
                0x1ffe0448                FTM6_Ch6_Ch7_IRQHandler
                0x1ffe0448                Reserved48_IRQHandler
                0x1ffe0448                ENET_TX_IRQHandler
                0x1ffe0448                ERM_single_fault_IRQHandler
                0x1ffe0448                FTM2_Fault_IRQHandler
                0x1ffe0448                FTM0_Ch2_Ch3_IRQHandler
                0x1ffe0448                DMA13_IRQHandler
                0x1ffe0448                FTM4_Ch2_Ch3_IRQHandler
                0x1ffe0448                FTM0_Ch0_Ch1_IRQHandler
                0x1ffe0448                FTM4_Ch4_Ch5_IRQHandler
                0x1ffe0448                FTM5_Ovf_Reload_IRQHandler
                0x1ffe0448                FTM3_Fault_IRQHandler
                0x1ffe0448                RCM_IRQHandler
                0x1ffe0448                DMA3_IRQHandler
                0x1ffe0448                Reserved100_IRQHandler
                0x1ffe0448                DMA0_IRQHandler
                0x1ffe0448                CAN1_ORed_IRQHandler
                0x1ffe0448                SAI0_Rx_IRQHandler
                0x1ffe0448                DMA15_IRQHandler
                0x1ffe0448                SCG_IRQHandler
                0x1ffe0448                PDB1_IRQHandler
                0x1ffe0448                CAN2_ORed_16_31_MB_IRQHandler
                0x1ffe0448                CAN0_Error_IRQHandler
                0x1ffe0448                LPI2C0_Master_IRQHandler
                0x1ffe0448                ENET_WAKE_IRQHandler
                0x1ffe0448                DMA4_IRQHandler
                0x1ffe0448                FTM1_Fault_IRQHandler
                0x1ffe0448                Reserved106_IRQHandler
                0x1ffe0448                ENET_ERR_IRQHandler
                0x1ffe0448                DMA_Error_IRQHandler
                0x1ffe0448                LVD_LVW_IRQHandler
                0x1ffe0448                ENET_STOP_IRQHandler
                0x1ffe0448                ENET_RX_IRQHandler
                0x1ffe0448                LPIT0_Ch2_IRQHandler
                0x1ffe0448                PORTA_IRQHandler
                0x1ffe0448                FTM5_Ch6_Ch7_IRQHandler
                0x1ffe0448                CAN1_ORed_16_31_MB_IRQHandler
                0x1ffe0448                MCM_IRQHandler
                0x1ffe0448                LPSPI2_IRQHandler
                0x1ffe0448                DMA12_IRQHandler
                0x1ffe0448                FTM7_Ovf_Reload_IRQHandler
                0x1ffe0448                FTM3_Ch4_Ch5_IRQHandler
                0x1ffe0448                CAN0_ORed_0_15_MB_IRQHandler
                0x1ffe0448                PORTE_IRQHandler
                0x1ffe0448                LPUART0_RxTx_IRQHandler
                0x1ffe0448                FTM6_Ch0_Ch1_IRQHandler
                0x1ffe0448                LPTMR0_IRQHandler
                0x1ffe0448                BusFault_Handler
                0x1ffe0448                FTM1_Ovf_Reload_IRQHandler
                0x1ffe0448                DMA8_IRQHandler
                0x1ffe0448                DMA10_IRQHandler
                0x1ffe0448                CAN0_Wake_Up_IRQHandler
                0x1ffe0448                QSPI_IRQHandler
                0x1ffe0448                CMP0_IRQHandler
                0x1ffe0448                Reserved52_IRQHandler
                0x1ffe0448                PORTC_IRQHandler
                0x1ffe0448                DMA6_IRQHandler
                0x1ffe0448                FTM1_Ch0_Ch1_IRQHandler
                0x1ffe0448                FLEXIO_IRQHandler
                0x1ffe0448                SAI1_Tx_IRQHandler
                0x1ffe0448                DMA1_IRQHandler
                0x1ffe0448                Reserved113_IRQHandler
 *fill*         0x1ffe044c       0x34 
 .text          0x1ffe0480       0xdc c:/program files (x86)/gnu arm embedded toolchain/10 2021.10/bin/../lib/gcc/arm-none-eabi/10.3.1/../../../../arm-none-eabi/lib/thumb/v7e-m/nofp\libc.a(lib_a-strlen.o)
                0x1ffe0480                strlen
 .text          0x1ffe055c       0x8c D:\RTOS_PROJEKT\erica\workspace\test_compile\erika\lib\libee.a(ee_cortex_m_asm.S.o)
                0x1ffe055c                osEE_hal_save_ctx_and_restore_ctx
                0x1ffe0578                osEE_hal_restore_ctx
                0x1ffe0598                osEE_hal_ready2stacked
                0x1ffe05a4                osEE_hal_save_ctx_and_ready2stacked
                0x1ffe05c0                osEE_hal_terminate_ctx
                0x1ffe05c8                osEE_cortex_m_restore_ctx
 .text          0x1ffe05e8       0x60 D:\RTOS_PROJEKT\erica\workspace\test_compile\erika\lib\libee.a(ee_cortex_m_irq_asm.S.o)
                0x1ffe05e8                osEE_set_switch_context_pri
                0x1ffe0604                osEE_cortex_m_trigger_pend_sv
                0x1ffe0610                PendSV_Handler
                0x1ffe062c                osEE_cortex_m_thread_end
                0x1ffe0630                SVC_Handler
 *(.text*)
 .text.StartupHook
                0x1ffe0648        0xa obj/code.c.o
                0x1ffe0648                StartupHook
 .text.serial_print
                0x1ffe0652       0x1c obj/code.c.o
                0x1ffe0652                serial_print
 *fill*         0x1ffe066e        0x2 
 .text.TimerISR
                0x1ffe0670       0x4c obj/code.c.o
                0x1ffe0670                TimerISR
 .text.idle_hook
                0x1ffe06bc       0x74 obj/code.c.o
                0x1ffe06bc                idle_hook
 .text.main     0x1ffe0730       0x10 obj/code.c.o
                0x1ffe0730                main
 .text.FuncTask1
                0x1ffe0740       0xa0 obj/code.c.o
                0x1ffe0740                FuncTask1
 .text.FuncTask2
                0x1ffe07e0       0x6c obj/code.c.o
                0x1ffe07e0                FuncTask2
 .text.FuncTask3
                0x1ffe084c       0x2c obj/code.c.o
                0x1ffe084c                FuncTask3
 .text.FuncTask4
                0x1ffe0878       0x20 obj/code.c.o
                0x1ffe0878                FuncTask4
 .text.FuncTask5
                0x1ffe0898       0x1c obj/code.c.o
                0x1ffe0898                FuncTask5
 .text.DemoHAL_MainFunction
                0x1ffe08b4        0x2 obj/hal.c.o
                0x1ffe08b4                DemoHAL_MainFunction
 *fill*         0x1ffe08b6        0x2 
 .text.DemoHAL_LedInit
                0x1ffe08b8       0x14 obj/hal.c.o
                0x1ffe08b8                DemoHAL_LedInit
 .text.DemoHAL_Init
                0x1ffe08cc       0x30 obj/hal.c.o
                0x1ffe08cc                DemoHAL_Init
 .text.DemoHAL_LedOn
                0x1ffe08fc       0x38 obj/hal.c.o
                0x1ffe08fc                DemoHAL_LedOn
 .text.DemoHAL_LedToggle
                0x1ffe0934       0x38 obj/hal.c.o
                0x1ffe0934                DemoHAL_LedToggle
 .text.DemoHAL_TimerInit
                0x1ffe096c       0x38 obj/hal.c.o
                0x1ffe096c                DemoHAL_TimerInit
 .text.DemoHAL_TimerAck
                0x1ffe09a4        0xe obj/hal.c.o
                0x1ffe09a4                DemoHAL_TimerAck
 .text.DemoHAL_SerialWrite
                0x1ffe09b2        0x2 obj/hal.c.o
                0x1ffe09b2                DemoHAL_SerialWrite
 .text.CLOCK_SYS_SetPccConfiguration
                0x1ffe09b4       0x84 D:\RTOS_PROJEKT\erica\workspace\test_compile\erika\lib\libs32sdk.a(clock_S32K1xx.c.o)
 .text.CLOCK_SYS_SetSimConfiguration
                0x1ffe0a38      0x24c D:\RTOS_PROJEKT\erica\workspace\test_compile\erika\lib\libs32sdk.a(clock_S32K1xx.c.o)
 .text.CLOCK_SYS_SetPmcConfiguration
                0x1ffe0c84       0x40 D:\RTOS_PROJEKT\erica\workspace\test_compile\erika\lib\libs32sdk.a(clock_S32K1xx.c.o)
 .text.CLOCK_SYS_GetDefaultConfiguration
                0x1ffe0cc4      0x13c D:\RTOS_PROJEKT\erica\workspace\test_compile\erika\lib\libs32sdk.a(clock_S32K1xx.c.o)
 .text.CLOCK_SYS_CheckPCCClock
                0x1ffe0e00       0x54 D:\RTOS_PROJEKT\erica\workspace\test_compile\erika\lib\libs32sdk.a(clock_S32K1xx.c.o)
 .text.SIM_CheckPeripheralClockGate
                0x1ffe0e54       0x7c D:\RTOS_PROJEKT\erica\workspace\test_compile\erika\lib\libs32sdk.a(clock_S32K1xx.c.o)
 .text.CLOCK_SYS_GetCurrentRunMode
                0x1ffe0ed0       0x28 D:\RTOS_PROJEKT\erica\workspace\test_compile\erika\lib\libs32sdk.a(clock_S32K1xx.c.o)
 .text.CLOCK_SYS_GetSysOscFreq
                0x1ffe0ef8       0x1c D:\RTOS_PROJEKT\erica\workspace\test_compile\erika\lib\libs32sdk.a(clock_S32K1xx.c.o)
 .text.CLOCK_SYS_ConfigureSOSC
                0x1ffe0f14      0x12c D:\RTOS_PROJEKT\erica\workspace\test_compile\erika\lib\libs32sdk.a(clock_S32K1xx.c.o)
 .text.CLOCK_SYS_GetSircFreq
                0x1ffe1040       0x24 D:\RTOS_PROJEKT\erica\workspace\test_compile\erika\lib\libs32sdk.a(clock_S32K1xx.c.o)
 .text.CLOCK_SYS_ConfigureSIRC
                0x1ffe1064       0xc0 D:\RTOS_PROJEKT\erica\workspace\test_compile\erika\lib\libs32sdk.a(clock_S32K1xx.c.o)
 .text.CLOCK_SYS_GetFircFreq
                0x1ffe1124       0x20 D:\RTOS_PROJEKT\erica\workspace\test_compile\erika\lib\libs32sdk.a(clock_S32K1xx.c.o)
 .text.CLOCK_SYS_ConfigureFIRC
                0x1ffe1144       0xac D:\RTOS_PROJEKT\erica\workspace\test_compile\erika\lib\libs32sdk.a(clock_S32K1xx.c.o)
 .text.CLOCK_SYS_GetSysPllFreq
                0x1ffe11f0       0x40 D:\RTOS_PROJEKT\erica\workspace\test_compile\erika\lib\libs32sdk.a(clock_S32K1xx.c.o)
 .text.CLOCK_SYS_ConfigureSPLL
                0x1ffe1230      0x114 D:\RTOS_PROJEKT\erica\workspace\test_compile\erika\lib\libs32sdk.a(clock_S32K1xx.c.o)
 .text.CLOCK_SYS_GetSrcFreq
                0x1ffe1344       0x2e D:\RTOS_PROJEKT\erica\workspace\test_compile\erika\lib\libs32sdk.a(clock_S32K1xx.c.o)
 *fill*         0x1ffe1372        0x2 
 .text.CLOCK_SYS_SetSystemClockConfig
                0x1ffe1374      0x1a8 D:\RTOS_PROJEKT\erica\workspace\test_compile\erika\lib\libs32sdk.a(clock_S32K1xx.c.o)
 .text.CLOCK_SYS_TransitionSystemClock
                0x1ffe151c       0x34 D:\RTOS_PROJEKT\erica\workspace\test_compile\erika\lib\libs32sdk.a(clock_S32K1xx.c.o)
 .text.CLOCK_SYS_ConfigureTemporarySystemClock
                0x1ffe1550       0x4c D:\RTOS_PROJEKT\erica\workspace\test_compile\erika\lib\libs32sdk.a(clock_S32K1xx.c.o)
 .text.CLOCK_SYS_ConfigureModulesFromScg
                0x1ffe159c      0x13c D:\RTOS_PROJEKT\erica\workspace\test_compile\erika\lib\libs32sdk.a(clock_S32K1xx.c.o)
 .text.CLOCK_SYS_SetScgConfiguration
                0x1ffe16d8       0x7c D:\RTOS_PROJEKT\erica\workspace\test_compile\erika\lib\libs32sdk.a(clock_S32K1xx.c.o)
 .text.CLOCK_SYS_GetSystemClockFreq
                0x1ffe1754       0x78 D:\RTOS_PROJEKT\erica\workspace\test_compile\erika\lib\libs32sdk.a(clock_S32K1xx.c.o)
 .text.CLOCK_SYS_GetQspiIpgClk
                0x1ffe17cc       0x34 D:\RTOS_PROJEKT\erica\workspace\test_compile\erika\lib\libs32sdk.a(clock_S32K1xx.c.o)
 .text.CLOCK_SYS_GetScgClkOutFreq
                0x1ffe1800       0x44 D:\RTOS_PROJEKT\erica\workspace\test_compile\erika\lib\libs32sdk.a(clock_S32K1xx.c.o)
 .text.CLOCK_SYS_GetSysAsyncFreq
                0x1ffe1844       0xd0 D:\RTOS_PROJEKT\erica\workspace\test_compile\erika\lib\libs32sdk.a(clock_S32K1xx.c.o)
 .text.CLOCK_SYS_GetSimRtcClkFreq
                0x1ffe1914       0x4c D:\RTOS_PROJEKT\erica\workspace\test_compile\erika\lib\libs32sdk.a(clock_S32K1xx.c.o)
 .text.CLOCK_SYS_GetQSPIInternalReferenceClock
                0x1ffe1960       0x40 D:\RTOS_PROJEKT\erica\workspace\test_compile\erika\lib\libs32sdk.a(clock_S32K1xx.c.o)
 .text.CLOCK_SYS_GetQspiSfifClkHyp
                0x1ffe19a0        0xa D:\RTOS_PROJEKT\erica\workspace\test_compile\erika\lib\libs32sdk.a(clock_S32K1xx.c.o)
 *fill*         0x1ffe19aa        0x2 
 .text.CLOCK_SYS_GetQspiIpgClkSfif
                0x1ffe19ac       0x18 D:\RTOS_PROJEKT\erica\workspace\test_compile\erika\lib\libs32sdk.a(clock_S32K1xx.c.o)
 .text.CLOCK_SYS_GetQspiIpgClk2Xsfif
                0x1ffe19c4       0x18 D:\RTOS_PROJEKT\erica\workspace\test_compile\erika\lib\libs32sdk.a(clock_S32K1xx.c.o)
 .text.CLOCK_SYS_GetLpoFreq
                0x1ffe19dc       0x48 D:\RTOS_PROJEKT\erica\workspace\test_compile\erika\lib\libs32sdk.a(clock_S32K1xx.c.o)
 .text.CLOCK_SYS_GetSimClkOutFreq
                0x1ffe1a24       0xa8 D:\RTOS_PROJEKT\erica\workspace\test_compile\erika\lib\libs32sdk.a(clock_S32K1xx.c.o)
 .text.CLOCK_SYS_GetScgClockFreq
                0x1ffe1acc      0x104 D:\RTOS_PROJEKT\erica\workspace\test_compile\erika\lib\libs32sdk.a(clock_S32K1xx.c.o)
 .text.CLOCK_SYS_GetOtherSimClockFreq
                0x1ffe1bd0       0xf4 D:\RTOS_PROJEKT\erica\workspace\test_compile\erika\lib\libs32sdk.a(clock_S32K1xx.c.o)
 .text.CLOCK_SYS_GetSimClockFreq
                0x1ffe1cc4      0x13c D:\RTOS_PROJEKT\erica\workspace\test_compile\erika\lib\libs32sdk.a(clock_S32K1xx.c.o)
 .text.CLOCK_SYS_GetFtmOptionFreq
                0x1ffe1e00       0x58 D:\RTOS_PROJEKT\erica\workspace\test_compile\erika\lib\libs32sdk.a(clock_S32K1xx.c.o)
 .text.CLOCK_SYS_GetPeripheralClock
                0x1ffe1e58       0x98 D:\RTOS_PROJEKT\erica\workspace\test_compile\erika\lib\libs32sdk.a(clock_S32K1xx.c.o)
 .text.CLOCK_SYS_GetPccClockFreq
                0x1ffe1ef0       0xb4 D:\RTOS_PROJEKT\erica\workspace\test_compile\erika\lib\libs32sdk.a(clock_S32K1xx.c.o)
 .text.CLOCK_DRV_Init
                0x1ffe1fa4       0x3c D:\RTOS_PROJEKT\erica\workspace\test_compile\erika\lib\libs32sdk.a(clock_S32K1xx.c.o)
                0x1ffe1fa4                CLOCK_DRV_Init
 .text.CLOCK_DRV_GetFreq
                0x1ffe1fe0       0x24 D:\RTOS_PROJEKT\erica\workspace\test_compile\erika\lib\libs32sdk.a(clock_S32K1xx.c.o)
                0x1ffe1fe0                CLOCK_DRV_GetFreq
 .text.CLOCK_SYS_Init
                0x1ffe2004       0x18 D:\RTOS_PROJEKT\erica\workspace\test_compile\erika\lib\libs32sdk.a(clock_S32K1xx.c.o)
                0x1ffe2004                CLOCK_SYS_Init
 .text.CLOCK_SYS_GetFreq
                0x1ffe201c        0x8 D:\RTOS_PROJEKT\erica\workspace\test_compile\erika\lib\libs32sdk.a(clock_S32K1xx.c.o)
                0x1ffe201c                CLOCK_SYS_GetFreq
 .text.CLOCK_SYS_SetConfiguration
                0x1ffe2024        0x8 D:\RTOS_PROJEKT\erica\workspace\test_compile\erika\lib\libs32sdk.a(clock_S32K1xx.c.o)
                0x1ffe2024                CLOCK_SYS_SetConfiguration
 .text.CLOCK_SYS_UpdateConfiguration
                0x1ffe202c      0x104 D:\RTOS_PROJEKT\erica\workspace\test_compile\erika\lib\libs32sdk.a(clock_S32K1xx.c.o)
                0x1ffe202c                CLOCK_SYS_UpdateConfiguration
 .text.FTM_DRV_SetSync
                0x1ffe2130      0x1b8 D:\RTOS_PROJEKT\erica\workspace\test_compile\erika\lib\libs32sdk.a(ftm_common.c.o)
                0x1ffe2130                FTM_DRV_SetSync
 .text.FTM_DRV_ClearStatusFlags
                0x1ffe22e8       0x90 D:\RTOS_PROJEKT\erica\workspace\test_compile\erika\lib\libs32sdk.a(ftm_common.c.o)
                0x1ffe22e8                FTM_DRV_ClearStatusFlags
 .text.FTM_DRV_GetFrequency
                0x1ffe2378       0x64 D:\RTOS_PROJEKT\erica\workspace\test_compile\erika\lib\libs32sdk.a(ftm_common.c.o)
                0x1ffe2378                FTM_DRV_GetFrequency
 .text.FTM_DRV_Init
                0x1ffe23dc       0xe8 D:\RTOS_PROJEKT\erica\workspace\test_compile\erika\lib\libs32sdk.a(ftm_common.c.o)
                0x1ffe23dc                FTM_DRV_Init
 .text.FTM_DRV_InitModule
                0x1ffe24c4       0x18 D:\RTOS_PROJEKT\erica\workspace\test_compile\erika\lib\libs32sdk.a(ftm_hw_access.c.o)
                0x1ffe24c4                FTM_DRV_InitModule
 .text.FTM_DRV_Reset
                0x1ffe24dc       0xa0 D:\RTOS_PROJEKT\erica\workspace\test_compile\erika\lib\libs32sdk.a(ftm_hw_access.c.o)
                0x1ffe24dc                FTM_DRV_Reset
 .text.FTM_DRV_InitCounter
                0x1ffe257c       0xa4 D:\RTOS_PROJEKT\erica\workspace\test_compile\erika\lib\libs32sdk.a(ftm_mc_driver.c.o)
                0x1ffe257c                FTM_DRV_InitCounter
 .text.FTM_DRV_CounterStart
                0x1ffe2620       0x2c D:\RTOS_PROJEKT\erica\workspace\test_compile\erika\lib\libs32sdk.a(ftm_mc_driver.c.o)
                0x1ffe2620                FTM_DRV_CounterStart
 .text.INT_SYS_EnableIRQ
                0x1ffe264c       0x18 D:\RTOS_PROJEKT\erica\workspace\test_compile\erika\lib\libs32sdk.a(interrupt_manager.c.o)
                0x1ffe264c                INT_SYS_EnableIRQ
 .text.INT_SYS_DisableIRQ
                0x1ffe2664       0x18 D:\RTOS_PROJEKT\erica\workspace\test_compile\erika\lib\libs32sdk.a(interrupt_manager.c.o)
                0x1ffe2664                INT_SYS_DisableIRQ
 .text.INT_SYS_EnableIRQGlobal
                0x1ffe267c       0x1c D:\RTOS_PROJEKT\erica\workspace\test_compile\erika\lib\libs32sdk.a(interrupt_manager.c.o)
                0x1ffe267c                INT_SYS_EnableIRQGlobal
 .text.INT_SYS_DisableIRQGlobal
                0x1ffe2698       0x10 D:\RTOS_PROJEKT\erica\workspace\test_compile\erika\lib\libs32sdk.a(interrupt_manager.c.o)
                0x1ffe2698                INT_SYS_DisableIRQGlobal
 .text.PINS_DRV_Init
                0x1ffe26a8       0x20 D:\RTOS_PROJEKT\erica\workspace\test_compile\erika\lib\libs32sdk.a(pins_driver.c.o)
                0x1ffe26a8                PINS_DRV_Init
 .text.PINS_DRV_SetPinsDirection
                0x1ffe26c8        0x4 D:\RTOS_PROJEKT\erica\workspace\test_compile\erika\lib\libs32sdk.a(pins_driver.c.o)
                0x1ffe26c8                PINS_DRV_SetPinsDirection
 .text.PINS_DRV_WritePin
                0x1ffe26cc       0x18 D:\RTOS_PROJEKT\erica\workspace\test_compile\erika\lib\libs32sdk.a(pins_driver.c.o)
                0x1ffe26cc                PINS_DRV_WritePin
 .text.PINS_DRV_TogglePins
                0x1ffe26e4        0x4 D:\RTOS_PROJEKT\erica\workspace\test_compile\erika\lib\libs32sdk.a(pins_driver.c.o)
                0x1ffe26e4                PINS_DRV_TogglePins
 .text.PINS_GetAdcInterleaveVal
                0x1ffe26e8       0x70 D:\RTOS_PROJEKT\erica\workspace\test_compile\erika\lib\libs32sdk.a(pins_port_hw_access.c.o)
 .text.PINS_Init
                0x1ffe2758      0x11c D:\RTOS_PROJEKT\erica\workspace\test_compile\erika\lib\libs32sdk.a(pins_port_hw_access.c.o)
                0x1ffe2758                PINS_Init
 .text.init_data_bss
                0x1ffe2874       0xc0 D:\RTOS_PROJEKT\erica\workspace\test_compile\erika\lib\libs32sdk.a(startup.c.o)
                0x1ffe2874                init_data_bss
 .text.SystemInit
                0x1ffe2934       0x30 D:\RTOS_PROJEKT\erica\workspace\test_compile\erika\lib\libs32sdk.a(system_S32K148.c.o)
                0x1ffe2934                SystemInit
 .text.osEE_cortex_m_system_timer_init
                0x1ffe2964       0x20 D:\RTOS_PROJEKT\erica\workspace\test_compile\erika\lib\libee.a(ee_cortex_m_system_timer.c.o)
                0x1ffe2964                osEE_cortex_m_system_timer_init
 .text.osEE_cortex_m_system_timer_handler
                0x1ffe2984       0x10 D:\RTOS_PROJEKT\erica\workspace\test_compile\erika\lib\libee.a(ee_cortex_m_system_timer.c.o)
                0x1ffe2984                osEE_cortex_m_system_timer_handler
 .text.WaitSem  0x1ffe2994       0x6c D:\RTOS_PROJEKT\erica\workspace\test_compile\erika\lib\libee.a(ee_oo_api_extension.c.o)
                0x1ffe2994                WaitSem
 .text.PostSem  0x1ffe2a00       0x4c D:\RTOS_PROJEKT\erica\workspace\test_compile\erika\lib\libee.a(ee_oo_api_extension.c.o)
                0x1ffe2a00                PostSem
 .text.osEE_shutdown_os
                0x1ffe2a4c        0xc D:\RTOS_PROJEKT\erica\workspace\test_compile\erika\lib\libee.a(ee_oo_api_osek.c.o)
 .text.osEE_suspend_all_interrupts
                0x1ffe2a58       0x24 D:\RTOS_PROJEKT\erica\workspace\test_compile\erika\lib\libee.a(ee_oo_api_osek.c.o)
 .text.DisableAllInterrupts
                0x1ffe2a7c       0x10 D:\RTOS_PROJEKT\erica\workspace\test_compile\erika\lib\libee.a(ee_oo_api_osek.c.o)
                0x1ffe2a7c                DisableAllInterrupts
 .text.SuspendAllInterrupts
                0x1ffe2a8c       0x10 D:\RTOS_PROJEKT\erica\workspace\test_compile\erika\lib\libee.a(ee_oo_api_osek.c.o)
                0x1ffe2a8c                SuspendAllInterrupts
 .text.ResumeAllInterrupts
                0x1ffe2a9c       0x1c D:\RTOS_PROJEKT\erica\workspace\test_compile\erika\lib\libee.a(ee_oo_api_osek.c.o)
                0x1ffe2a9c                ResumeAllInterrupts
 .text.StartOS  0x1ffe2ab8       0xd0 D:\RTOS_PROJEKT\erica\workspace\test_compile\erika\lib\libee.a(ee_oo_api_osek.c.o)
                0x1ffe2ab8                StartOS
 .text.ActivateTask
                0x1ffe2b88       0x58 D:\RTOS_PROJEKT\erica\workspace\test_compile\erika\lib\libee.a(ee_oo_api_osek.c.o)
                0x1ffe2b88                ActivateTask
 .text.osEE_scheduler_task_not_terminated
                0x1ffe2be0       0x44 D:\RTOS_PROJEKT\erica\workspace\test_compile\erika\lib\libee.a(ee_oo_sched_entry_points.c.o)
 .text.osEE_scheduler_task_wrapper_restore
                0x1ffe2c24        0x8 D:\RTOS_PROJEKT\erica\workspace\test_compile\erika\lib\libee.a(ee_oo_sched_entry_points.c.o)
                0x1ffe2c24                osEE_scheduler_task_wrapper_restore
 .text.osEE_scheduler_task_wrapper_run
                0x1ffe2c2c       0x36 D:\RTOS_PROJEKT\erica\workspace\test_compile\erika\lib\libee.a(ee_oo_sched_entry_points.c.o)
                0x1ffe2c2c                osEE_scheduler_task_wrapper_run
 *fill*         0x1ffe2c62        0x2 
 .text.osEE_idle_hook_wrapper
                0x1ffe2c64       0x4c D:\RTOS_PROJEKT\erica\workspace\test_compile\erika\lib\libee.a(ee_oo_sched_entry_points.c.o)
                0x1ffe2c64                osEE_idle_hook_wrapper
 .text.osEE_scheduler_stk_next
                0x1ffe2cb0       0x1c D:\RTOS_PROJEKT\erica\workspace\test_compile\erika\lib\libee.a(ee_oo_scheduler.c.o)
 .text.osEE_scheduler_core_rq_preempt_stk
                0x1ffe2ccc       0x4c D:\RTOS_PROJEKT\erica\workspace\test_compile\erika\lib\libee.a(ee_oo_scheduler.c.o)
                0x1ffe2ccc                osEE_scheduler_core_rq_preempt_stk
 .text.osEE_sn_priority_insert
                0x1ffe2d18       0x44 D:\RTOS_PROJEKT\erica\workspace\test_compile\erika\lib\libee.a(ee_oo_scheduler.c.o)
                0x1ffe2d18                osEE_sn_priority_insert
 .text.osEE_scheduler_rq_insert
                0x1ffe2d5c        0xc D:\RTOS_PROJEKT\erica\workspace\test_compile\erika\lib\libee.a(ee_oo_scheduler.c.o)
                0x1ffe2d5c                osEE_scheduler_rq_insert
 .text.osEE_scheduler_core_pop_running
                0x1ffe2d68       0x24 D:\RTOS_PROJEKT\erica\workspace\test_compile\erika\lib\libee.a(ee_oo_scheduler.c.o)
                0x1ffe2d68                osEE_scheduler_core_pop_running
 .text.osEE_task_activated
                0x1ffe2d8c       0x16 D:\RTOS_PROJEKT\erica\workspace\test_compile\erika\lib\libee.a(ee_oo_kernel.c.o)
                0x1ffe2d8c                osEE_task_activated
 .text.osEE_task_end
                0x1ffe2da2       0x1a D:\RTOS_PROJEKT\erica\workspace\test_compile\erika\lib\libee.a(ee_oo_kernel.c.o)
                0x1ffe2da2                osEE_task_end
 .text.osEE_activate_isr2
                0x1ffe2dbc       0x20 D:\RTOS_PROJEKT\erica\workspace\test_compile\erika\lib\libee.a(ee_oo_kernel.c.o)
                0x1ffe2dbc                osEE_activate_isr2
 .text.osEE_scheduler_task_insert_rq
                0x1ffe2ddc       0x24 D:\RTOS_PROJEKT\erica\workspace\test_compile\erika\lib\libee.a(ee_oo_sched_partitioned.c.o)
 .text.osEE_scheduler_task_activated
                0x1ffe2e00       0x50 D:\RTOS_PROJEKT\erica\workspace\test_compile\erika\lib\libee.a(ee_oo_sched_partitioned.c.o)
                0x1ffe2e00                osEE_scheduler_task_activated
 .text.osEE_scheduler_task_block_current
                0x1ffe2e50       0x24 D:\RTOS_PROJEKT\erica\workspace\test_compile\erika\lib\libee.a(ee_oo_sched_partitioned.c.o)
                0x1ffe2e50                osEE_scheduler_task_block_current
 .text.osEE_scheduler_task_unblocked
                0x1ffe2e74       0x38 D:\RTOS_PROJEKT\erica\workspace\test_compile\erika\lib\libee.a(ee_oo_sched_partitioned.c.o)
                0x1ffe2e74                osEE_scheduler_task_unblocked
 .text.osEE_scheduler_task_terminated
                0x1ffe2eac       0x84 D:\RTOS_PROJEKT\erica\workspace\test_compile\erika\lib\libee.a(ee_oo_sched_partitioned.c.o)
                0x1ffe2eac                osEE_scheduler_task_terminated
 .text.osEE_scheduler_task_preemption_point
                0x1ffe2f30       0x20 D:\RTOS_PROJEKT\erica\workspace\test_compile\erika\lib\libee.a(ee_oo_sched_partitioned.c.o)
                0x1ffe2f30                osEE_scheduler_task_preemption_point
 .text.osEE_scheduler_task_set_running
                0x1ffe2f50       0x58 D:\RTOS_PROJEKT\erica\workspace\test_compile\erika\lib\libee.a(ee_oo_sched_partitioned.c.o)
                0x1ffe2f50                osEE_scheduler_task_set_running
 .text.osEE_counter_increment
                0x1ffe2fa8       0x54 D:\RTOS_PROJEKT\erica\workspace\test_compile\erika\lib\libee.a(ee_oo_counter.c.o)
                0x1ffe2fa8                osEE_counter_increment
 .text.osEE_change_context_from_running
                0x1ffe2ffc       0x22 D:\RTOS_PROJEKT\erica\workspace\test_compile\erika\lib\libee.a(ee_std_change_context.c.o)
                0x1ffe2ffc                osEE_change_context_from_running
 .text.osEE_change_context_from_task_end
                0x1ffe301e       0x1c D:\RTOS_PROJEKT\erica\workspace\test_compile\erika\lib\libee.a(ee_std_change_context.c.o)
                0x1ffe301e                osEE_change_context_from_task_end
 .text.osEE_idle_task_terminate
                0x1ffe303a       0x1c D:\RTOS_PROJEKT\erica\workspace\test_compile\erika\lib\libee.a(ee_std_change_context.c.o)
                0x1ffe303a                osEE_idle_task_terminate
 .text.osEE_cortex_m_system_init
                0x1ffe3056        0xc D:\RTOS_PROJEKT\erica\workspace\test_compile\erika\lib\libee.a(ee_cortex_m_system.c.o)
                0x1ffe3056                osEE_cortex_m_system_init
 *fill*         0x1ffe3062        0x2 
 .text.osEE_cortex_m_scheduler_task_end
                0x1ffe3064       0x5c D:\RTOS_PROJEKT\erica\workspace\test_compile\erika\lib\libee.a(ee_cortex_m_change_context.c.o)
                0x1ffe3064                osEE_cortex_m_scheduler_task_end
 .text.osEE_cortex_m_mcu_system_init
                0x1ffe30c0       0x2a D:\RTOS_PROJEKT\erica\workspace\test_compile\erika\lib\libee.a(ee_s32k1xx_intvect.c.o)
                0x1ffe30c0                osEE_cortex_m_mcu_system_init
 .text.FTM0_Ovf_Reload_IRQHandler
                0x1ffe30ea        0xa D:\RTOS_PROJEKT\erica\workspace\test_compile\erika\lib\libee.a(ee_s32k1xx_intvect.c.o)
                0x1ffe30ea                FTM0_Ovf_Reload_IRQHandler
 .text.osEE_cortex_m_change_context_from_task_end
                0x1ffe30f4       0x44 D:\RTOS_PROJEKT\erica\workspace\test_compile\erika\lib\libee.a(ee_cortex_m_irqstub.c.o)
                0x1ffe30f4                osEE_cortex_m_change_context_from_task_end
 .text.osEE_cortex_m_isr2_stub
                0x1ffe3138       0x30 D:\RTOS_PROJEKT\erica\workspace\test_compile\erika\lib\libee.a(ee_cortex_m_irqstub.c.o)
                0x1ffe3138                osEE_cortex_m_isr2_stub
 *(.rodata)
 *(.rodata*)
 .rodata.TimerISR.str1.4
                0x1ffe3168        0x6 obj/code.c.o
 *fill*         0x1ffe316e        0x2 
 .rodata.idle_hook.str1.4
                0x1ffe3170       0x23 obj/code.c.o
 *fill*         0x1ffe3193        0x1 
 .rodata.FuncTask1.str1.4
                0x1ffe3194       0x48 obj/code.c.o
                                 0x50 (size before relaxing)
 .rodata.FuncTask2.str1.4
                0x1ffe31dc       0x24 obj/code.c.o
 .rodata.FuncTask3.str1.4
                0x1ffe3200        0x8 obj/code.c.o
 .rodata.FuncTask4.str1.4
                0x1ffe3208        0x8 obj/code.c.o
 .rodata.FuncTask5.str1.4
                0x1ffe3210        0x8 obj/code.c.o
 .rodata.osEE_autostart_tdb_array
                0x1ffe3218        0x8 obj/ee_applcfg.c.o
 .rodata.osEE_cdb_var
                0x1ffe3220       0x18 obj/ee_applcfg.c.o
                0x1ffe3220                osEE_cdb_var
 .rodata.osEE_counter_db_array
                0x1ffe3238        0xc obj/ee_applcfg.c.o
 .rodata.osEE_counter_db_ptr_array
                0x1ffe3244        0x4 obj/ee_applcfg.c.o
 .rodata.osEE_kdb_var
                0x1ffe3248       0x14 obj/ee_applcfg.c.o
                0x1ffe3248                osEE_kdb_var
 .rodata.osEE_sdb_array
                0x1ffe325c       0x18 obj/ee_applcfg.c.o
 .rodata.osEE_tdb_array
                0x1ffe3274       0xe0 obj/ee_applcfg.c.o
 .rodata.osEE_tdb_ptr_array
                0x1ffe3354       0x20 obj/ee_applcfg.c.o
 .rodata.osEE_tdb_ptr_autostart_OSDEFAULTAPPMODE
                0x1ffe3374        0x8 obj/ee_applcfg.c.o
 .rodata.clockMan_InitConfig
                0x1ffe337c       0x98 obj/hal.c.o
                0x1ffe337c                clockMan_InitConfig
 .rodata.flexTimer1_InitConfig
                0x1ffe3414       0x12 obj/hal.c.o
                0x1ffe3414                flexTimer1_InitConfig
 *fill*         0x1ffe3426        0x2 
 .rodata.g_clockManCallbacksArr
                0x1ffe3428        0x4 obj/hal.c.o
                0x1ffe3428                g_clockManCallbacksArr
 .rodata.g_clockManConfigsArr
                0x1ffe342c        0x4 obj/hal.c.o
                0x1ffe342c                g_clockManConfigsArr
 .rodata.g_pin_mux_InitConfigArr
                0x1ffe3430       0x78 obj/hal.c.o
                0x1ffe3430                g_pin_mux_InitConfigArr
 .rodata.peripheralClockConfig
                0x1ffe34a8        0xf obj/hal.c.o
                0x1ffe34a8                peripheralClockConfig
 *fill*         0x1ffe34b7        0x1 
 .rodata.clockNameMappings
                0x1ffe34b8       0xb8 D:\RTOS_PROJEKT\erica\workspace\test_compile\erika\lib\libs32sdk.a(clock_S32K1xx.c.o)
                0x1ffe34b8                clockNameMappings
 .rodata.maxSysClksInHSRUN.4
                0x1ffe3570       0x54 D:\RTOS_PROJEKT\erica\workspace\test_compile\erika\lib\libs32sdk.a(clock_S32K1xx.c.o)
 .rodata.maxSysClksInRUN.6
                0x1ffe35c4       0x54 D:\RTOS_PROJEKT\erica\workspace\test_compile\erika\lib\libs32sdk.a(clock_S32K1xx.c.o)
 .rodata.maxSysClksInVLPR.5
                0x1ffe3618       0x54 D:\RTOS_PROJEKT\erica\workspace\test_compile\erika\lib\libs32sdk.a(clock_S32K1xx.c.o)
 .rodata.peripheralFeaturesList
                0x1ffe366c       0x5c D:\RTOS_PROJEKT\erica\workspace\test_compile\erika\lib\libs32sdk.a(clock_S32K1xx.c.o)
                0x1ffe366c                peripheralFeaturesList
 .rodata.g_ftmBase
                0x1ffe36c8       0x20 D:\RTOS_PROJEKT\erica\workspace\test_compile\erika\lib\libs32sdk.a(ftm_common.c.o)
                0x1ffe36c8                g_ftmBase
 .rodata.g_ftmExtClockSel
                0x1ffe36e8        0x8 D:\RTOS_PROJEKT\erica\workspace\test_compile\erika\lib\libs32sdk.a(ftm_common.c.o)
 .rodata.g_ftmOverflowIrqId
                0x1ffe36f0       0x10 D:\RTOS_PROJEKT\erica\workspace\test_compile\erika\lib\libs32sdk.a(ftm_common.c.o)
                0x1ffe36f0                g_ftmOverflowIrqId
 *(.init)
 .init          0x1ffe3700        0x4 c:/program files (x86)/gnu arm embedded toolchain/10 2021.10/bin/../lib/gcc/arm-none-eabi/10.3.1/thumb/v7e-m/nofp/crti.o
                0x1ffe3700                _init
 *(.fini)
 .fini          0x1ffe3704        0x4 c:/program files (x86)/gnu arm embedded toolchain/10 2021.10/bin/../lib/gcc/arm-none-eabi/10.3.1/thumb/v7e-m/nofp/crti.o
                0x1ffe3704                _fini
 *(.eh_frame)
                0x1ffe3708                . = ALIGN (0x4)

.glue_7         0x1ffe3708        0x0
 .glue_7        0x1ffe3708        0x0 linker stubs

.glue_7t        0x1ffe3708        0x0
 .glue_7t       0x1ffe3708        0x0 linker stubs

.vfp11_veneer   0x1ffe3708        0x0
 .vfp11_veneer  0x1ffe3708        0x0 linker stubs

.v4_bx          0x1ffe3708        0x0
 .v4_bx         0x1ffe3708        0x0 linker stubs

.iplt           0x1ffe3708        0x0
 .iplt          0x1ffe3708        0x0 obj/code.c.o

.rel.dyn        0x1ffe3708        0x0
 .rel.iplt      0x1ffe3708        0x0 obj/code.c.o

.ARM            0x1ffe3708        0x0
                0x1ffe3708                __exidx_start = .
 *(.ARM.exidx*)
                0x1ffe3708                __exidx_end = .

.code_ram       0x1ffe3708        0x0
                0x1ffe3708                . = ALIGN (0x4)
                0x1ffe3708                __CODE_RAM = .
                0x1ffe3708                __code_ram_start__ = .
 *(.code_ram)
                0x1ffe3708                __CODE_ROM = .
                0x1ffe3708                __CODE_END = .
                0x1ffe3708                __code_ram_end__ = .
                0x1ffe3708                . = ALIGN (0x4)
                0x1ffe3708                __etext = .
                0x1ffe3708                __DATA_ROM = .
                0x1ffe3708                __DATA_END = __DATA_ROM

.customSectionBlock
                0x20000000        0x0
                0x20000000                __customSection_start__ = .
 *(.customSection)
                0x20000000                __customSection_end__ = .
                0x20000000                __CUSTOM_ROM = .
                0x20000000                __CUSTOM_END = .

.data           0x20000000      0x1bc
                0x20000000                . = ALIGN (0x4)
                0x20000000                __DATA_RAM = .
                0x20000000                __data_start__ = .
 *(.data)
 *(.data*)
 .data.osEE_ccb_var
                0x20000000       0x20 obj/ee_applcfg.c.o
                0x20000000                osEE_ccb_var
 .data.osEE_scb_array
                0x20000020        0xc obj/ee_applcfg.c.o
 .data.osEE_sn_array
                0x2000002c       0x38 obj/ee_applcfg.c.o
 .data.osEE_tcb_array
                0x20000064       0x80 obj/ee_applcfg.c.o
 .data.flexTimer1_TimerConfig
                0x200000e4        0x6 obj/hal.c.o
                0x200000e4                flexTimer1_TimerConfig
 *fill*         0x200000ea        0x2 
 .data.peripheralClockConfig.10
                0x200000ec       0xcd D:\RTOS_PROJEKT\erica\workspace\test_compile\erika\lib\libs32sdk.a(clock_S32K1xx.c.o)
                0x200001bc                . = ALIGN (0x4)
 *fill*         0x200001b9        0x3 
                0x200001bc                __data_end__ = .

.igot.plt       0x200001bc        0x0
 .igot.plt      0x200001bc        0x0 obj/code.c.o

.bss            0x200001c0      0x508
                0x200001c0                . = ALIGN (0x4)
                0x200001c0                __BSS_START = .
                0x200001c0                __bss_start__ = .
 *(.bss)
 *(.bss*)
 .bss.idle_cnt  0x200001c0        0x4 obj/code.c.o
                0x200001c0                idle_cnt
 .bss.isr2_armed
                0x200001c4        0x4 obj/code.c.o
                0x200001c4                isr2_armed
 .bss.isr2_fired
                0x200001c8        0x4 obj/code.c.o
                0x200001c8                isr2_fired
 .bss.main_sp   0x200001cc        0x4 obj/code.c.o
                0x200001cc                main_sp
 .bss.task1_ended
                0x200001d0        0x4 obj/code.c.o
                0x200001d0                task1_ended
 .bss.task1_fired
                0x200001d4        0x4 obj/code.c.o
                0x200001d4                task1_fired
 .bss.task1_sp  0x200001d8        0x4 obj/code.c.o
                0x200001d8                task1_sp
 .bss.task2_ended
                0x200001dc        0x4 obj/code.c.o
                0x200001dc                task2_ended
 .bss.task2_fired
                0x200001e0        0x4 obj/code.c.o
                0x200001e0                task2_fired
 .bss.task2_sp  0x200001e4        0x4 obj/code.c.o
                0x200001e4                task2_sp
 .bss.task3_ended
                0x200001e8        0x4 obj/code.c.o
                0x200001e8                task3_ended
 .bss.task3_fired
                0x200001ec        0x4 obj/code.c.o
                0x200001ec                task3_fired
 .bss.task4_fired
                0x200001f0        0x4 obj/code.c.o
                0x200001f0                task4_fired
 .bss.task5_fired
                0x200001f4        0x4 obj/code.c.o
                0x200001f4                task5_fired
 .bss.V         0x200001f8        0x8 obj/ee_applcfg.c.o
                0x200001f8                V
 .bss.osEE_counter_cb_array
                0x20000200        0x8 obj/ee_applcfg.c.o
 .bss.osEE_kcb_var
                0x20000208        0x4 obj/ee_applcfg.c.o
                0x20000208                osEE_kcb_var
 *fill*         0x2000020c        0x4 
 .bss.osEE_task_stack_1
                0x20000210      0x204 obj/ee_applcfg.c.o
 *fill*         0x20000414        0x4 
 .bss.osEE_task_stack_2
                0x20000418      0x204 obj/ee_applcfg.c.o
 .bss.ftmStateStruct
                0x2000061c       0x64 obj/hal.c.o
                0x2000061c                ftmStateStruct
 .bss.g_RtcClkInFreq
                0x20000680        0x4 D:\RTOS_PROJEKT\erica\workspace\test_compile\erika\lib\libs32sdk.a(clock_S32K1xx.c.o)
                0x20000680                g_RtcClkInFreq
 .bss.g_TClkFreq
                0x20000684        0xc D:\RTOS_PROJEKT\erica\workspace\test_compile\erika\lib\libs32sdk.a(clock_S32K1xx.c.o)
                0x20000684                g_TClkFreq
 .bss.g_clockState
                0x20000690       0x10 D:\RTOS_PROJEKT\erica\workspace\test_compile\erika\lib\libs32sdk.a(clock_S32K1xx.c.o)
 .bss.g_xtal0ClkFreq
                0x200006a0        0x4 D:\RTOS_PROJEKT\erica\workspace\test_compile\erika\lib\libs32sdk.a(clock_S32K1xx.c.o)
                0x200006a0                g_xtal0ClkFreq
 .bss.ftmStatePtr
                0x200006a4       0x20 D:\RTOS_PROJEKT\erica\workspace\test_compile\erika\lib\libs32sdk.a(ftm_common.c.o)
                0x200006a4                ftmStatePtr
 .bss.g_interruptDisableCount
                0x200006c4        0x4 D:\RTOS_PROJEKT\erica\workspace\test_compile\erika\lib\libs32sdk.a(interrupt_manager.c.o)
 *(COMMON)
                0x200006c8                . = ALIGN (0x4)
                0x200006c8                __bss_end__ = .
                0x200006c8                __BSS_END = .

.heap           0x200006c8      0x400
                0x200006c8                . = ALIGN (0x8)
                0x200006c8                __end__ = .
                0x200006c8                __heap_start__ = .
                [!provide]                PROVIDE (end = .)
                [!provide]                PROVIDE (_end = .)
                [!provide]                PROVIDE (__end = .)
                0x200006c8                __HeapBase = .
                0x20000ac8                . = (. + HEAP_SIZE)
 *fill*         0x200006c8      0x400 
                0x20000ac8                __HeapLimit = .
                0x20000ac8                __heap_limit = .
                0x20000ac8                __heap_end__ = .
                0x2001f000                __StackTop = (ORIGIN (m_data) + LENGTH (m_data))
                0x2001ec00                __StackLimit = (__StackTop - STACK_SIZE)
                0x2001f000                PROVIDE (__stack = __StackTop)

.stack          0x2001ec00      0x400
                0x2001ec00                . = ALIGN (0x8)
                0x2001ec00                __stack_start__ = .
                0x2001f000                . = (. + STACK_SIZE)
 *fill*         0x2001ec00      0x400 
                0x2001f000                __stack_end__ = .

.ARM.attributes
                0x00000000       0x2a
 *(.ARM.attributes)
 .ARM.attributes
                0x00000000       0x1e c:/program files (x86)/gnu arm embedded toolchain/10 2021.10/bin/../lib/gcc/arm-none-eabi/10.3.1/thumb/v7e-m/nofp/crti.o
 .ARM.attributes
                0x0000001e       0x2e obj/code.c.o
 .ARM.attributes
                0x0000004c       0x2e obj/ee_applcfg.c.o
 .ARM.attributes
                0x0000007a       0x2e obj/hal.c.o
 .ARM.attributes
                0x000000a8       0x1b obj/platform/devices/S32K148/startup/gcc/startup_S32K148.S.o
 .ARM.attributes
                0x000000c3       0x1c c:/program files (x86)/gnu arm embedded toolchain/10 2021.10/bin/../lib/gcc/arm-none-eabi/10.3.1/../../../../arm-none-eabi/lib/thumb/v7e-m/nofp\libc.a(lib_a-strlen.o)
 .ARM.attributes
                0x000000df       0x2e D:\RTOS_PROJEKT\erica\workspace\test_compile\erika\lib\libs32sdk.a(clock_S32K1xx.c.o)
 .ARM.attributes
                0x0000010d       0x2e D:\RTOS_PROJEKT\erica\workspace\test_compile\erika\lib\libs32sdk.a(ftm_common.c.o)
 .ARM.attributes
                0x0000013b       0x2e D:\RTOS_PROJEKT\erica\workspace\test_compile\erika\lib\libs32sdk.a(ftm_hw_access.c.o)
 .ARM.attributes
                0x00000169       0x2e D:\RTOS_PROJEKT\erica\workspace\test_compile\erika\lib\libs32sdk.a(ftm_mc_driver.c.o)
 .ARM.attributes
                0x00000197       0x2e D:\RTOS_PROJEKT\erica\workspace\test_compile\erika\lib\libs32sdk.a(interrupt_manager.c.o)
 .ARM.attributes
                0x000001c5       0x2e D:\RTOS_PROJEKT\erica\workspace\test_compile\erika\lib\libs32sdk.a(pins_driver.c.o)
 .ARM.attributes
                0x000001f3       0x2e D:\RTOS_PROJEKT\erica\workspace\test_compile\erika\lib\libs32sdk.a(pins_port_hw_access.c.o)
 .ARM.attributes
                0x00000221       0x2e D:\RTOS_PROJEKT\erica\workspace\test_compile\erika\lib\libs32sdk.a(startup.c.o)
 .ARM.attributes
                0x0000024f       0x2e D:\RTOS_PROJEKT\erica\workspace\test_compile\erika\lib\libs32sdk.a(system_S32K148.c.o)
 .ARM.attributes
                0x0000027d       0x2e D:\RTOS_PROJEKT\erica\workspace\test_compile\erika\lib\libee.a(ee_cortex_m_system_timer.c.o)
 .ARM.attributes
                0x000002ab       0x2e D:\RTOS_PROJEKT\erica\workspace\test_compile\erika\lib\libee.a(ee_oo_api_extension.c.o)
 .ARM.attributes
                0x000002d9       0x2e D:\RTOS_PROJEKT\erica\workspace\test_compile\erika\lib\libee.a(ee_oo_api_osek.c.o)
 .ARM.attributes
                0x00000307       0x2e D:\RTOS_PROJEKT\erica\workspace\test_compile\erika\lib\libee.a(ee_oo_sched_entry_points.c.o)
 .ARM.attributes
                0x00000335       0x2e D:\RTOS_PROJEKT\erica\workspace\test_compile\erika\lib\libee.a(ee_oo_scheduler.c.o)
 .ARM.attributes
                0x00000363       0x2e D:\RTOS_PROJEKT\erica\workspace\test_compile\erika\lib\libee.a(ee_oo_kernel.c.o)
 .ARM.attributes
                0x00000391       0x2e D:\RTOS_PROJEKT\erica\workspace\test_compile\erika\lib\libee.a(ee_oo_sched_partitioned.c.o)
 .ARM.attributes
                0x000003bf       0x2e D:\RTOS_PROJEKT\erica\workspace\test_compile\erika\lib\libee.a(ee_oo_counter.c.o)
 .ARM.attributes
                0x000003ed       0x2e D:\RTOS_PROJEKT\erica\workspace\test_compile\erika\lib\libee.a(ee_std_change_context.c.o)
 .ARM.attributes
                0x0000041b       0x21 D:\RTOS_PROJEKT\erica\workspace\test_compile\erika\lib\libee.a(ee_cortex_m_asm.S.o)
 .ARM.attributes
                0x0000043c       0x2e D:\RTOS_PROJEKT\erica\workspace\test_compile\erika\lib\libee.a(ee_cortex_m_system.c.o)
 .ARM.attributes
                0x0000046a       0x2e D:\RTOS_PROJEKT\erica\workspace\test_compile\erika\lib\libee.a(ee_cortex_m_change_context.c.o)
 .ARM.attributes
                0x00000498       0x2e D:\RTOS_PROJEKT\erica\workspace\test_compile\erika\lib\libee.a(ee_s32k1xx_intvect.c.o)
 .ARM.attributes
                0x000004c6       0x21 D:\RTOS_PROJEKT\erica\workspace\test_compile\erika\lib\libee.a(ee_cortex_m_irq_asm.S.o)
 .ARM.attributes
                0x000004e7       0x2e D:\RTOS_PROJEKT\erica\workspace\test_compile\erika\lib\libee.a(ee_cortex_m_irqstub.c.o)
                0x00000001                ASSERT ((__StackLimit >= __HeapLimit), region m_data overflowed with stack and heap)

/DISCARD/
 *(.FlashConfig)
OUTPUT(erika3app.elf elf32-littlearm)
LOAD linker stubs

.debug_info     0x00000000    0x1bf6f
 .debug_info    0x00000000      0x928 obj/code.c.o
 .debug_info    0x00000928      0xbd3 obj/ee_applcfg.c.o
 .debug_info    0x000014fb     0x2231 obj/hal.c.o
 .debug_info    0x0000372c       0x26 obj/platform/devices/S32K148/startup/gcc/startup_S32K148.S.o
 .debug_info    0x00003752     0x7085 D:\RTOS_PROJEKT\erica\workspace\test_compile\erika\lib\libs32sdk.a(clock_S32K1xx.c.o)
 .debug_info    0x0000a7d7     0x33d9 D:\RTOS_PROJEKT\erica\workspace\test_compile\erika\lib\libs32sdk.a(ftm_common.c.o)
 .debug_info    0x0000dbb0      0x51a D:\RTOS_PROJEKT\erica\workspace\test_compile\erika\lib\libs32sdk.a(ftm_hw_access.c.o)
 .debug_info    0x0000e0ca      0xcb1 D:\RTOS_PROJEKT\erica\workspace\test_compile\erika\lib\libs32sdk.a(ftm_mc_driver.c.o)
 .debug_info    0x0000ed7b      0xa8d D:\RTOS_PROJEKT\erica\workspace\test_compile\erika\lib\libs32sdk.a(interrupt_manager.c.o)
 .debug_info    0x0000f808     0x15ef D:\RTOS_PROJEKT\erica\workspace\test_compile\erika\lib\libs32sdk.a(pins_driver.c.o)
 .debug_info    0x00010df7      0x95e D:\RTOS_PROJEKT\erica\workspace\test_compile\erika\lib\libs32sdk.a(pins_port_hw_access.c.o)
 .debug_info    0x00011755      0x26c D:\RTOS_PROJEKT\erica\workspace\test_compile\erika\lib\libs32sdk.a(startup.c.o)
 .debug_info    0x000119c1      0x6bc D:\RTOS_PROJEKT\erica\workspace\test_compile\erika\lib\libs32sdk.a(system_S32K148.c.o)
 .debug_info    0x0001207d      0x9f5 D:\RTOS_PROJEKT\erica\workspace\test_compile\erika\lib\libee.a(ee_cortex_m_system_timer.c.o)
 .debug_info    0x00012a72      0xd54 D:\RTOS_PROJEKT\erica\workspace\test_compile\erika\lib\libee.a(ee_oo_api_extension.c.o)
 .debug_info    0x000137c6     0x2702 D:\RTOS_PROJEKT\erica\workspace\test_compile\erika\lib\libee.a(ee_oo_api_osek.c.o)
 .debug_info    0x00015ec8      0xe73 D:\RTOS_PROJEKT\erica\workspace\test_compile\erika\lib\libee.a(ee_oo_sched_entry_points.c.o)
 .debug_info    0x00016d3b      0xce9 D:\RTOS_PROJEKT\erica\workspace\test_compile\erika\lib\libee.a(ee_oo_scheduler.c.o)
 .debug_info    0x00017a24      0x8f2 D:\RTOS_PROJEKT\erica\workspace\test_compile\erika\lib\libee.a(ee_oo_kernel.c.o)
 .debug_info    0x00018316     0x1295 D:\RTOS_PROJEKT\erica\workspace\test_compile\erika\lib\libee.a(ee_oo_sched_partitioned.c.o)
 .debug_info    0x000195ab      0xcc8 D:\RTOS_PROJEKT\erica\workspace\test_compile\erika\lib\libee.a(ee_oo_counter.c.o)
 .debug_info    0x0001a273      0x61a D:\RTOS_PROJEKT\erica\workspace\test_compile\erika\lib\libee.a(ee_std_change_context.c.o)
 .debug_info    0x0001a88d       0x26 D:\RTOS_PROJEKT\erica\workspace\test_compile\erika\lib\libee.a(ee_cortex_m_asm.S.o)
 .debug_info    0x0001a8b3       0xad D:\RTOS_PROJEKT\erica\workspace\test_compile\erika\lib\libee.a(ee_cortex_m_system.c.o)
 .debug_info    0x0001a960      0xa80 D:\RTOS_PROJEKT\erica\workspace\test_compile\erika\lib\libee.a(ee_cortex_m_change_context.c.o)
 .debug_info    0x0001b3e0       0xc9 D:\RTOS_PROJEKT\erica\workspace\test_compile\erika\lib\libee.a(ee_s32k1xx_intvect.c.o)
 .debug_info    0x0001b4a9       0x26 D:\RTOS_PROJEKT\erica\workspace\test_compile\erika\lib\libee.a(ee_cortex_m_irq_asm.S.o)
 .debug_info    0x0001b4cf      0xaa0 D:\RTOS_PROJEKT\erica\workspace\test_compile\erika\lib\libee.a(ee_cortex_m_irqstub.c.o)

.debug_abbrev   0x00000000     0x3bb9
 .debug_abbrev  0x00000000      0x23f obj/code.c.o
 .debug_abbrev  0x0000023f      0x1c3 obj/ee_applcfg.c.o
 .debug_abbrev  0x00000402      0x263 obj/hal.c.o
 .debug_abbrev  0x00000665       0x14 obj/platform/devices/S32K148/startup/gcc/startup_S32K148.S.o
 .debug_abbrev  0x00000679      0x422 D:\RTOS_PROJEKT\erica\workspace\test_compile\erika\lib\libs32sdk.a(clock_S32K1xx.c.o)
 .debug_abbrev  0x00000a9b      0x3cd D:\RTOS_PROJEKT\erica\workspace\test_compile\erika\lib\libs32sdk.a(ftm_common.c.o)
 .debug_abbrev  0x00000e68      0x1c7 D:\RTOS_PROJEKT\erica\workspace\test_compile\erika\lib\libs32sdk.a(ftm_hw_access.c.o)
 .debug_abbrev  0x0000102f      0x251 D:\RTOS_PROJEKT\erica\workspace\test_compile\erika\lib\libs32sdk.a(ftm_mc_driver.c.o)
 .debug_abbrev  0x00001280      0x218 D:\RTOS_PROJEKT\erica\workspace\test_compile\erika\lib\libs32sdk.a(interrupt_manager.c.o)
 .debug_abbrev  0x00001498      0x346 D:\RTOS_PROJEKT\erica\workspace\test_compile\erika\lib\libs32sdk.a(pins_driver.c.o)
 .debug_abbrev  0x000017de      0x223 D:\RTOS_PROJEKT\erica\workspace\test_compile\erika\lib\libs32sdk.a(pins_port_hw_access.c.o)
 .debug_abbrev  0x00001a01       0xf6 D:\RTOS_PROJEKT\erica\workspace\test_compile\erika\lib\libs32sdk.a(startup.c.o)
 .debug_abbrev  0x00001af7      0x150 D:\RTOS_PROJEKT\erica\workspace\test_compile\erika\lib\libs32sdk.a(system_S32K148.c.o)
 .debug_abbrev  0x00001c47      0x203 D:\RTOS_PROJEKT\erica\workspace\test_compile\erika\lib\libee.a(ee_cortex_m_system_timer.c.o)
 .debug_abbrev  0x00001e4a      0x328 D:\RTOS_PROJEKT\erica\workspace\test_compile\erika\lib\libee.a(ee_oo_api_extension.c.o)
 .debug_abbrev  0x00002172      0x4d1 D:\RTOS_PROJEKT\erica\workspace\test_compile\erika\lib\libee.a(ee_oo_api_osek.c.o)
 .debug_abbrev  0x00002643      0x3e0 D:\RTOS_PROJEKT\erica\workspace\test_compile\erika\lib\libee.a(ee_oo_sched_entry_points.c.o)
 .debug_abbrev  0x00002a23      0x24c D:\RTOS_PROJEKT\erica\workspace\test_compile\erika\lib\libee.a(ee_oo_scheduler.c.o)
 .debug_abbrev  0x00002c6f      0x210 D:\RTOS_PROJEKT\erica\workspace\test_compile\erika\lib\libee.a(ee_oo_kernel.c.o)
 .debug_abbrev  0x00002e7f      0x337 D:\RTOS_PROJEKT\erica\workspace\test_compile\erika\lib\libee.a(ee_oo_sched_partitioned.c.o)
 .debug_abbrev  0x000031b6      0x2ac D:\RTOS_PROJEKT\erica\workspace\test_compile\erika\lib\libee.a(ee_oo_counter.c.o)
 .debug_abbrev  0x00003462      0x16b D:\RTOS_PROJEKT\erica\workspace\test_compile\erika\lib\libee.a(ee_std_change_context.c.o)
 .debug_abbrev  0x000035cd       0x14 D:\RTOS_PROJEKT\erica\workspace\test_compile\erika\lib\libee.a(ee_cortex_m_asm.S.o)
 .debug_abbrev  0x000035e1       0x64 D:\RTOS_PROJEKT\erica\workspace\test_compile\erika\lib\libee.a(ee_cortex_m_system.c.o)
 .debug_abbrev  0x00003645      0x1fd D:\RTOS_PROJEKT\erica\workspace\test_compile\erika\lib\libee.a(ee_cortex_m_change_context.c.o)
 .debug_abbrev  0x00003842       0x99 D:\RTOS_PROJEKT\erica\workspace\test_compile\erika\lib\libee.a(ee_s32k1xx_intvect.c.o)
 .debug_abbrev  0x000038db       0x14 D:\RTOS_PROJEKT\erica\workspace\test_compile\erika\lib\libee.a(ee_cortex_m_irq_asm.S.o)
 .debug_abbrev  0x000038ef      0x2ca D:\RTOS_PROJEKT\erica\workspace\test_compile\erika\lib\libee.a(ee_cortex_m_irqstub.c.o)

.debug_loc      0x00000000     0xcabd
 .debug_loc     0x00000000      0x138 obj/code.c.o
 .debug_loc     0x00000138      0x395 obj/hal.c.o
 .debug_loc     0x000004cd     0x5d14 D:\RTOS_PROJEKT\erica\workspace\test_compile\erika\lib\libs32sdk.a(clock_S32K1xx.c.o)
 .debug_loc     0x000061e1     0x1b56 D:\RTOS_PROJEKT\erica\workspace\test_compile\erika\lib\libs32sdk.a(ftm_common.c.o)
 .debug_loc     0x00007d37      0x1e0 D:\RTOS_PROJEKT\erica\workspace\test_compile\erika\lib\libs32sdk.a(ftm_hw_access.c.o)
 .debug_loc     0x00007f17      0x394 D:\RTOS_PROJEKT\erica\workspace\test_compile\erika\lib\libs32sdk.a(ftm_mc_driver.c.o)
 .debug_loc     0x000082ab      0x288 D:\RTOS_PROJEKT\erica\workspace\test_compile\erika\lib\libs32sdk.a(interrupt_manager.c.o)
 .debug_loc     0x00008533      0x86a D:\RTOS_PROJEKT\erica\workspace\test_compile\erika\lib\libs32sdk.a(pins_driver.c.o)
 .debug_loc     0x00008d9d      0x697 D:\RTOS_PROJEKT\erica\workspace\test_compile\erika\lib\libs32sdk.a(pins_port_hw_access.c.o)
 .debug_loc     0x00009434      0x179 D:\RTOS_PROJEKT\erica\workspace\test_compile\erika\lib\libs32sdk.a(startup.c.o)
 .debug_loc     0x000095ad      0x123 D:\RTOS_PROJEKT\erica\workspace\test_compile\erika\lib\libs32sdk.a(system_S32K148.c.o)
 .debug_loc     0x000096d0       0x1a D:\RTOS_PROJEKT\erica\workspace\test_compile\erika\lib\libee.a(ee_cortex_m_system_timer.c.o)
 .debug_loc     0x000096ea      0x2c6 D:\RTOS_PROJEKT\erica\workspace\test_compile\erika\lib\libee.a(ee_oo_api_extension.c.o)
 .debug_loc     0x000099b0     0x148c D:\RTOS_PROJEKT\erica\workspace\test_compile\erika\lib\libee.a(ee_oo_api_osek.c.o)
 .debug_loc     0x0000ae3c      0x1bc D:\RTOS_PROJEKT\erica\workspace\test_compile\erika\lib\libee.a(ee_oo_sched_entry_points.c.o)
 .debug_loc     0x0000aff8      0x6b3 D:\RTOS_PROJEKT\erica\workspace\test_compile\erika\lib\libee.a(ee_oo_scheduler.c.o)
 .debug_loc     0x0000b6ab      0x166 D:\RTOS_PROJEKT\erica\workspace\test_compile\erika\lib\libee.a(ee_oo_kernel.c.o)
 .debug_loc     0x0000b811      0x85e D:\RTOS_PROJEKT\erica\workspace\test_compile\erika\lib\libee.a(ee_oo_sched_partitioned.c.o)
 .debug_loc     0x0000c06f      0x578 D:\RTOS_PROJEKT\erica\workspace\test_compile\erika\lib\libee.a(ee_oo_counter.c.o)
 .debug_loc     0x0000c5e7      0x25e D:\RTOS_PROJEKT\erica\workspace\test_compile\erika\lib\libee.a(ee_std_change_context.c.o)
 .debug_loc     0x0000c845       0xb5 D:\RTOS_PROJEKT\erica\workspace\test_compile\erika\lib\libee.a(ee_cortex_m_change_context.c.o)
 .debug_loc     0x0000c8fa      0x1c3 D:\RTOS_PROJEKT\erica\workspace\test_compile\erika\lib\libee.a(ee_cortex_m_irqstub.c.o)

.debug_aranges  0x00000000      0xa08
 .debug_aranges
                0x00000000       0x70 obj/code.c.o
 .debug_aranges
                0x00000070       0x18 obj/ee_applcfg.c.o
 .debug_aranges
                0x00000088       0xa8 obj/hal.c.o
 .debug_aranges
                0x00000130       0x20 obj/platform/devices/S32K148/startup/gcc/startup_S32K148.S.o
 .debug_aranges
                0x00000150      0x210 D:\RTOS_PROJEKT\erica\workspace\test_compile\erika\lib\libs32sdk.a(clock_S32K1xx.c.o)
 .debug_aranges
                0x00000360       0xc8 D:\RTOS_PROJEKT\erica\workspace\test_compile\erika\lib\libs32sdk.a(ftm_common.c.o)
 .debug_aranges
                0x00000428       0x38 D:\RTOS_PROJEKT\erica\workspace\test_compile\erika\lib\libs32sdk.a(ftm_hw_access.c.o)
 .debug_aranges
                0x00000460       0x40 D:\RTOS_PROJEKT\erica\workspace\test_compile\erika\lib\libs32sdk.a(ftm_mc_driver.c.o)
 .debug_aranges
                0x000004a0       0x70 D:\RTOS_PROJEKT\erica\workspace\test_compile\erika\lib\libs32sdk.a(interrupt_manager.c.o)
 .debug_aranges
                0x00000510       0xe0 D:\RTOS_PROJEKT\erica\workspace\test_compile\erika\lib\libs32sdk.a(pins_driver.c.o)
 .debug_aranges
                0x000005f0       0x40 D:\RTOS_PROJEKT\erica\workspace\test_compile\erika\lib\libs32sdk.a(pins_port_hw_access.c.o)
 .debug_aranges
                0x00000630       0x20 D:\RTOS_PROJEKT\erica\workspace\test_compile\erika\lib\libs32sdk.a(startup.c.o)
 .debug_aranges
                0x00000650       0x30 D:\RTOS_PROJEKT\erica\workspace\test_compile\erika\lib\libs32sdk.a(system_S32K148.c.o)
 .debug_aranges
                0x00000680       0x38 D:\RTOS_PROJEKT\erica\workspace\test_compile\erika\lib\libee.a(ee_cortex_m_system_timer.c.o)
 .debug_aranges
                0x000006b8       0x28 D:\RTOS_PROJEKT\erica\workspace\test_compile\erika\lib\libee.a(ee_oo_api_extension.c.o)
 .debug_aranges
                0x000006e0       0xe0 D:\RTOS_PROJEKT\erica\workspace\test_compile\erika\lib\libee.a(ee_oo_api_osek.c.o)
 .debug_aranges
                0x000007c0       0x38 D:\RTOS_PROJEKT\erica\workspace\test_compile\erika\lib\libee.a(ee_oo_sched_entry_points.c.o)
 .debug_aranges
                0x000007f8       0x40 D:\RTOS_PROJEKT\erica\workspace\test_compile\erika\lib\libee.a(ee_oo_scheduler.c.o)
 .debug_aranges
                0x00000838       0x38 D:\RTOS_PROJEKT\erica\workspace\test_compile\erika\lib\libee.a(ee_oo_kernel.c.o)
 .debug_aranges
                0x00000870       0x58 D:\RTOS_PROJEKT\erica\workspace\test_compile\erika\lib\libee.a(ee_oo_sched_partitioned.c.o)
 .debug_aranges
                0x000008c8       0x38 D:\RTOS_PROJEKT\erica\workspace\test_compile\erika\lib\libee.a(ee_oo_counter.c.o)
 .debug_aranges
                0x00000900       0x30 D:\RTOS_PROJEKT\erica\workspace\test_compile\erika\lib\libee.a(ee_std_change_context.c.o)
 .debug_aranges
                0x00000930       0x20 D:\RTOS_PROJEKT\erica\workspace\test_compile\erika\lib\libee.a(ee_cortex_m_asm.S.o)
 .debug_aranges
                0x00000950       0x20 D:\RTOS_PROJEKT\erica\workspace\test_compile\erika\lib\libee.a(ee_cortex_m_system.c.o)
 .debug_aranges
                0x00000970       0x20 D:\RTOS_PROJEKT\erica\workspace\test_compile\erika\lib\libee.a(ee_cortex_m_change_context.c.o)
 .debug_aranges
                0x00000990       0x28 D:\RTOS_PROJEKT\erica\workspace\test_compile\erika\lib\libee.a(ee_s32k1xx_intvect.c.o)
 .debug_aranges
                0x000009b8       0x20 D:\RTOS_PROJEKT\erica\workspace\test_compile\erika\lib\libee.a(ee_cortex_m_irq_asm.S.o)
 .debug_aranges
                0x000009d8       0x30 D:\RTOS_PROJEKT\erica\workspace\test_compile\erika\lib\libee.a(ee_cortex_m_irqstub.c.o)

.debug_ranges   0x00000000     0x10c8
 .debug_ranges  0x00000000       0x60 obj/code.c.o
 .debug_ranges  0x00000060       0x98 obj/hal.c.o
 .debug_ranges  0x000000f8      0x3b0 D:\RTOS_PROJEKT\erica\workspace\test_compile\erika\lib\libs32sdk.a(clock_S32K1xx.c.o)
 .debug_ranges  0x000004a8      0x100 D:\RTOS_PROJEKT\erica\workspace\test_compile\erika\lib\libs32sdk.a(ftm_common.c.o)
 .debug_ranges  0x000005a8       0x28 D:\RTOS_PROJEKT\erica\workspace\test_compile\erika\lib\libs32sdk.a(ftm_hw_access.c.o)
 .debug_ranges  0x000005d0       0x30 D:\RTOS_PROJEKT\erica\workspace\test_compile\erika\lib\libs32sdk.a(ftm_mc_driver.c.o)
 .debug_ranges  0x00000600       0x90 D:\RTOS_PROJEKT\erica\workspace\test_compile\erika\lib\libs32sdk.a(interrupt_manager.c.o)
 .debug_ranges  0x00000690       0xe8 D:\RTOS_PROJEKT\erica\workspace\test_compile\erika\lib\libs32sdk.a(pins_driver.c.o)
 .debug_ranges  0x00000778       0x30 D:\RTOS_PROJEKT\erica\workspace\test_compile\erika\lib\libs32sdk.a(pins_port_hw_access.c.o)
 .debug_ranges  0x000007a8       0x10 D:\RTOS_PROJEKT\erica\workspace\test_compile\erika\lib\libs32sdk.a(startup.c.o)
 .debug_ranges  0x000007b8       0x20 D:\RTOS_PROJEKT\erica\workspace\test_compile\erika\lib\libs32sdk.a(system_S32K148.c.o)
 .debug_ranges  0x000007d8       0x28 D:\RTOS_PROJEKT\erica\workspace\test_compile\erika\lib\libee.a(ee_cortex_m_system_timer.c.o)
 .debug_ranges  0x00000800       0xe8 D:\RTOS_PROJEKT\erica\workspace\test_compile\erika\lib\libee.a(ee_oo_api_extension.c.o)
 .debug_ranges  0x000008e8      0x4f8 D:\RTOS_PROJEKT\erica\workspace\test_compile\erika\lib\libee.a(ee_oo_api_osek.c.o)
 .debug_ranges  0x00000de0       0x70 D:\RTOS_PROJEKT\erica\workspace\test_compile\erika\lib\libee.a(ee_oo_sched_entry_points.c.o)
 .debug_ranges  0x00000e50       0x80 D:\RTOS_PROJEKT\erica\workspace\test_compile\erika\lib\libee.a(ee_oo_scheduler.c.o)
 .debug_ranges  0x00000ed0       0x40 D:\RTOS_PROJEKT\erica\workspace\test_compile\erika\lib\libee.a(ee_oo_kernel.c.o)
 .debug_ranges  0x00000f10       0xa8 D:\RTOS_PROJEKT\erica\workspace\test_compile\erika\lib\libee.a(ee_oo_sched_partitioned.c.o)
 .debug_ranges  0x00000fb8       0x98 D:\RTOS_PROJEKT\erica\workspace\test_compile\erika\lib\libee.a(ee_oo_counter.c.o)
 .debug_ranges  0x00001050       0x20 D:\RTOS_PROJEKT\erica\workspace\test_compile\erika\lib\libee.a(ee_std_change_context.c.o)
 .debug_ranges  0x00001070       0x10 D:\RTOS_PROJEKT\erica\workspace\test_compile\erika\lib\libee.a(ee_cortex_m_system.c.o)
 .debug_ranges  0x00001080       0x10 D:\RTOS_PROJEKT\erica\workspace\test_compile\erika\lib\libee.a(ee_cortex_m_change_context.c.o)
 .debug_ranges  0x00001090       0x18 D:\RTOS_PROJEKT\erica\workspace\test_compile\erika\lib\libee.a(ee_s32k1xx_intvect.c.o)
 .debug_ranges  0x000010a8       0x20 D:\RTOS_PROJEKT\erica\workspace\test_compile\erika\lib\libee.a(ee_cortex_m_irqstub.c.o)

.debug_line     0x00000000     0xb8b1
 .debug_line    0x00000000      0x541 obj/code.c.o
 .debug_line    0x00000541      0x1c9 obj/ee_applcfg.c.o
 .debug_line    0x0000070a      0x535 obj/hal.c.o
 .debug_line    0x00000c3f       0x9a obj/platform/devices/S32K148/startup/gcc/startup_S32K148.S.o
 .debug_line    0x00000cd9     0x3c36 D:\RTOS_PROJEKT\erica\workspace\test_compile\erika\lib\libs32sdk.a(clock_S32K1xx.c.o)
 .debug_line    0x0000490f     0x126b D:\RTOS_PROJEKT\erica\workspace\test_compile\erika\lib\libs32sdk.a(ftm_common.c.o)
 .debug_line    0x00005b7a      0x3d4 D:\RTOS_PROJEKT\erica\workspace\test_compile\erika\lib\libs32sdk.a(ftm_hw_access.c.o)
 .debug_line    0x00005f4e      0x443 D:\RTOS_PROJEKT\erica\workspace\test_compile\erika\lib\libs32sdk.a(ftm_mc_driver.c.o)
 .debug_line    0x00006391      0x3ea D:\RTOS_PROJEKT\erica\workspace\test_compile\erika\lib\libs32sdk.a(interrupt_manager.c.o)
 .debug_line    0x0000677b      0x700 D:\RTOS_PROJEKT\erica\workspace\test_compile\erika\lib\libs32sdk.a(pins_driver.c.o)
 .debug_line    0x00006e7b      0x503 D:\RTOS_PROJEKT\erica\workspace\test_compile\erika\lib\libs32sdk.a(pins_port_hw_access.c.o)
 .debug_line    0x0000737e      0x1cf D:\RTOS_PROJEKT\erica\workspace\test_compile\erika\lib\libs32sdk.a(startup.c.o)
 .debug_line    0x0000754d      0x244 D:\RTOS_PROJEKT\erica\workspace\test_compile\erika\lib\libs32sdk.a(system_S32K148.c.o)
 .debug_line    0x00007791      0x2df D:\RTOS_PROJEKT\erica\workspace\test_compile\erika\lib\libee.a(ee_cortex_m_system_timer.c.o)
 .debug_line    0x00007a70      0x3e8 D:\RTOS_PROJEKT\erica\workspace\test_compile\erika\lib\libee.a(ee_oo_api_extension.c.o)
 .debug_line    0x00007e58     0x171f D:\RTOS_PROJEKT\erica\workspace\test_compile\erika\lib\libee.a(ee_oo_api_osek.c.o)
 .debug_line    0x00009577      0x41c D:\RTOS_PROJEKT\erica\workspace\test_compile\erika\lib\libee.a(ee_oo_sched_entry_points.c.o)
 .debug_line    0x00009993      0x478 D:\RTOS_PROJEKT\erica\workspace\test_compile\erika\lib\libee.a(ee_oo_scheduler.c.o)
 .debug_line    0x00009e0b      0x2e5 D:\RTOS_PROJEKT\erica\workspace\test_compile\erika\lib\libee.a(ee_oo_kernel.c.o)
 .debug_line    0x0000a0f0      0x76c D:\RTOS_PROJEKT\erica\workspace\test_compile\erika\lib\libee.a(ee_oo_sched_partitioned.c.o)
 .debug_line    0x0000a85c      0x4b0 D:\RTOS_PROJEKT\erica\workspace\test_compile\erika\lib\libee.a(ee_oo_counter.c.o)
 .debug_line    0x0000ad0c      0x29a D:\RTOS_PROJEKT\erica\workspace\test_compile\erika\lib\libee.a(ee_std_change_context.c.o)
 .debug_line    0x0000afa6       0x90 D:\RTOS_PROJEKT\erica\workspace\test_compile\erika\lib\libee.a(ee_cortex_m_asm.S.o)
 .debug_line    0x0000b036       0x89 D:\RTOS_PROJEKT\erica\workspace\test_compile\erika\lib\libee.a(ee_cortex_m_system.c.o)
 .debug_line    0x0000b0bf      0x295 D:\RTOS_PROJEKT\erica\workspace\test_compile\erika\lib\libee.a(ee_cortex_m_change_context.c.o)
 .debug_line    0x0000b354      0x196 D:\RTOS_PROJEKT\erica\workspace\test_compile\erika\lib\libee.a(ee_s32k1xx_intvect.c.o)
 .debug_line    0x0000b4ea       0xb2 D:\RTOS_PROJEKT\erica\workspace\test_compile\erika\lib\libee.a(ee_cortex_m_irq_asm.S.o)
 .debug_line    0x0000b59c      0x315 D:\RTOS_PROJEKT\erica\workspace\test_compile\erika\lib\libee.a(ee_cortex_m_irqstub.c.o)

.debug_str      0x00000000     0x8cf2
 .debug_str     0x00000000      0x4b9 obj/code.c.o
                                0x54f (size before relaxing)
 .debug_str     0x000004b9      0x8cf obj/ee_applcfg.c.o
                                0xb47 (size before relaxing)
 .debug_str     0x00000d88     0x2a4b obj/hal.c.o
                               0x2d9e (size before relaxing)
 .debug_str     0x000037d3       0x88 obj/platform/devices/S32K148/startup/gcc/startup_S32K148.S.o
 .debug_str     0x0000385b     0x1e60 D:\RTOS_PROJEKT\erica\workspace\test_compile\erika\lib\libs32sdk.a(clock_S32K1xx.c.o)
                               0x3db7 (size before relaxing)
 .debug_str     0x000056bb     0x1462 D:\RTOS_PROJEKT\erica\workspace\test_compile\erika\lib\libs32sdk.a(ftm_common.c.o)
                               0x2a80 (size before relaxing)
 .debug_str     0x00006b1d       0xb2 D:\RTOS_PROJEKT\erica\workspace\test_compile\erika\lib\libs32sdk.a(ftm_hw_access.c.o)
                                0x476 (size before relaxing)
 .debug_str     0x00006bcf       0xe0 D:\RTOS_PROJEKT\erica\workspace\test_compile\erika\lib\libs32sdk.a(ftm_mc_driver.c.o)
                                0xf81 (size before relaxing)
 .debug_str     0x00006caf      0x240 D:\RTOS_PROJEKT\erica\workspace\test_compile\erika\lib\libs32sdk.a(interrupt_manager.c.o)
                                0xd02 (size before relaxing)
 .debug_str     0x00006eef      0x545 D:\RTOS_PROJEKT\erica\workspace\test_compile\erika\lib\libs32sdk.a(pins_driver.c.o)
                               0x13da (size before relaxing)
 .debug_str     0x00007434      0x1a8 D:\RTOS_PROJEKT\erica\workspace\test_compile\erika\lib\libs32sdk.a(pins_port_hw_access.c.o)
                                0x8c2 (size before relaxing)
 .debug_str     0x000075dc      0x14d D:\RTOS_PROJEKT\erica\workspace\test_compile\erika\lib\libs32sdk.a(startup.c.o)
                                0x331 (size before relaxing)
 .debug_str     0x00007729       0xf7 D:\RTOS_PROJEKT\erica\workspace\test_compile\erika\lib\libs32sdk.a(system_S32K148.c.o)
                                0x40f (size before relaxing)
 .debug_str     0x00007820      0x1a3 D:\RTOS_PROJEKT\erica\workspace\test_compile\erika\lib\libee.a(ee_cortex_m_system_timer.c.o)
                                0xb1d (size before relaxing)
 .debug_str     0x000079c3      0x1bc D:\RTOS_PROJEKT\erica\workspace\test_compile\erika\lib\libee.a(ee_oo_api_extension.c.o)
                                0xbee (size before relaxing)
 .debug_str     0x00007b7f      0x75d D:\RTOS_PROJEKT\erica\workspace\test_compile\erika\lib\libee.a(ee_oo_api_osek.c.o)
                               0x143c (size before relaxing)
 .debug_str     0x000082dc      0x11b D:\RTOS_PROJEKT\erica\workspace\test_compile\erika\lib\libee.a(ee_oo_sched_entry_points.c.o)
                                0xf19 (size before relaxing)
 .debug_str     0x000083f7      0x17b D:\RTOS_PROJEKT\erica\workspace\test_compile\erika\lib\libee.a(ee_oo_scheduler.c.o)
                                0xb72 (size before relaxing)
 .debug_str     0x00008572       0xaa D:\RTOS_PROJEKT\erica\workspace\test_compile\erika\lib\libee.a(ee_oo_kernel.c.o)
                                0x925 (size before relaxing)
 .debug_str     0x0000861c      0x18e D:\RTOS_PROJEKT\erica\workspace\test_compile\erika\lib\libee.a(ee_oo_sched_partitioned.c.o)
                                0xd7d (size before relaxing)
 .debug_str     0x000087aa      0x145 D:\RTOS_PROJEKT\erica\workspace\test_compile\erika\lib\libee.a(ee_oo_counter.c.o)
                                0xb27 (size before relaxing)
 .debug_str     0x000088ef       0xd1 D:\RTOS_PROJEKT\erica\workspace\test_compile\erika\lib\libee.a(ee_std_change_context.c.o)
                                0x5a0 (size before relaxing)
 .debug_str     0x000089c0       0x7c D:\RTOS_PROJEKT\erica\workspace\test_compile\erika\lib\libee.a(ee_cortex_m_asm.S.o)
                                 0x8a (size before relaxing)
 .debug_str     0x00008a3c       0x86 D:\RTOS_PROJEKT\erica\workspace\test_compile\erika\lib\libee.a(ee_cortex_m_system.c.o)
                                0x241 (size before relaxing)
 .debug_str     0x00008ac2       0xc7 D:\RTOS_PROJEKT\erica\workspace\test_compile\erika\lib\libee.a(ee_cortex_m_change_context.c.o)
                                0xb17 (size before relaxing)
 .debug_str     0x00008b89       0x7f D:\RTOS_PROJEKT\erica\workspace\test_compile\erika\lib\libee.a(ee_s32k1xx_intvect.c.o)
                                0x250 (size before relaxing)
 .debug_str     0x00008c08       0x4d D:\RTOS_PROJEKT\erica\workspace\test_compile\erika\lib\libee.a(ee_cortex_m_irq_asm.S.o)
                                 0x8e (size before relaxing)
 .debug_str     0x00008c55       0x9d D:\RTOS_PROJEKT\erica\workspace\test_compile\erika\lib\libee.a(ee_cortex_m_irqstub.c.o)
                                0xaf8 (size before relaxing)

.comment        0x00000000       0x49
 .comment       0x00000000       0x49 obj/code.c.o
                                 0x4a (size before relaxing)
 .comment       0x00000049       0x4a obj/ee_applcfg.c.o
 .comment       0x00000049       0x4a obj/hal.c.o
 .comment       0x00000049       0x4a D:\RTOS_PROJEKT\erica\workspace\test_compile\erika\lib\libs32sdk.a(clock_S32K1xx.c.o)
 .comment       0x00000049       0x4a D:\RTOS_PROJEKT\erica\workspace\test_compile\erika\lib\libs32sdk.a(ftm_common.c.o)
 .comment       0x00000049       0x4a D:\RTOS_PROJEKT\erica\workspace\test_compile\erika\lib\libs32sdk.a(ftm_hw_access.c.o)
 .comment       0x00000049       0x4a D:\RTOS_PROJEKT\erica\workspace\test_compile\erika\lib\libs32sdk.a(ftm_mc_driver.c.o)
 .comment       0x00000049       0x4a D:\RTOS_PROJEKT\erica\workspace\test_compile\erika\lib\libs32sdk.a(interrupt_manager.c.o)
 .comment       0x00000049       0x4a D:\RTOS_PROJEKT\erica\workspace\test_compile\erika\lib\libs32sdk.a(pins_driver.c.o)
 .comment       0x00000049       0x4a D:\RTOS_PROJEKT\erica\workspace\test_compile\erika\lib\libs32sdk.a(pins_port_hw_access.c.o)
 .comment       0x00000049       0x4a D:\RTOS_PROJEKT\erica\workspace\test_compile\erika\lib\libs32sdk.a(startup.c.o)
 .comment       0x00000049       0x4a D:\RTOS_PROJEKT\erica\workspace\test_compile\erika\lib\libs32sdk.a(system_S32K148.c.o)
 .comment       0x00000049       0x4a D:\RTOS_PROJEKT\erica\workspace\test_compile\erika\lib\libee.a(ee_cortex_m_system_timer.c.o)
 .comment       0x00000049       0x4a D:\RTOS_PROJEKT\erica\workspace\test_compile\erika\lib\libee.a(ee_oo_api_extension.c.o)
 .comment       0x00000049       0x4a D:\RTOS_PROJEKT\erica\workspace\test_compile\erika\lib\libee.a(ee_oo_api_osek.c.o)
 .comment       0x00000049       0x4a D:\RTOS_PROJEKT\erica\workspace\test_compile\erika\lib\libee.a(ee_oo_sched_entry_points.c.o)
 .comment       0x00000049       0x4a D:\RTOS_PROJEKT\erica\workspace\test_compile\erika\lib\libee.a(ee_oo_scheduler.c.o)
 .comment       0x00000049       0x4a D:\RTOS_PROJEKT\erica\workspace\test_compile\erika\lib\libee.a(ee_oo_kernel.c.o)
 .comment       0x00000049       0x4a D:\RTOS_PROJEKT\erica\workspace\test_compile\erika\lib\libee.a(ee_oo_sched_partitioned.c.o)
 .comment       0x00000049       0x4a D:\RTOS_PROJEKT\erica\workspace\test_compile\erika\lib\libee.a(ee_oo_counter.c.o)
 .comment       0x00000049       0x4a D:\RTOS_PROJEKT\erica\workspace\test_compile\erika\lib\libee.a(ee_std_change_context.c.o)
 .comment       0x00000049       0x4a D:\RTOS_PROJEKT\erica\workspace\test_compile\erika\lib\libee.a(ee_cortex_m_system.c.o)
 .comment       0x00000049       0x4a D:\RTOS_PROJEKT\erica\workspace\test_compile\erika\lib\libee.a(ee_cortex_m_change_context.c.o)
 .comment       0x00000049       0x4a D:\RTOS_PROJEKT\erica\workspace\test_compile\erika\lib\libee.a(ee_s32k1xx_intvect.c.o)
 .comment       0x00000049       0x4a D:\RTOS_PROJEKT\erica\workspace\test_compile\erika\lib\libee.a(ee_cortex_m_irqstub.c.o)

.debug_frame    0x00000000     0x1608
 .debug_frame   0x00000000      0x124 obj/code.c.o
 .debug_frame   0x00000124      0x190 obj/hal.c.o
 .debug_frame   0x000002b4      0x670 D:\RTOS_PROJEKT\erica\workspace\test_compile\erika\lib\libs32sdk.a(clock_S32K1xx.c.o)
 .debug_frame   0x00000924      0x1c4 D:\RTOS_PROJEKT\erica\workspace\test_compile\erika\lib\libs32sdk.a(ftm_common.c.o)
 .debug_frame   0x00000ae8       0x5c D:\RTOS_PROJEKT\erica\workspace\test_compile\erika\lib\libs32sdk.a(ftm_hw_access.c.o)
 .debug_frame   0x00000b44       0x70 D:\RTOS_PROJEKT\erica\workspace\test_compile\erika\lib\libs32sdk.a(ftm_mc_driver.c.o)
 .debug_frame   0x00000bb4       0xcc D:\RTOS_PROJEKT\erica\workspace\test_compile\erika\lib\libs32sdk.a(interrupt_manager.c.o)
 .debug_frame   0x00000c80      0x1c4 D:\RTOS_PROJEKT\erica\workspace\test_compile\erika\lib\libs32sdk.a(pins_driver.c.o)
 .debug_frame   0x00000e44       0x78 D:\RTOS_PROJEKT\erica\workspace\test_compile\erika\lib\libs32sdk.a(pins_port_hw_access.c.o)
 .debug_frame   0x00000ebc       0x20 D:\RTOS_PROJEKT\erica\workspace\test_compile\erika\lib\libs32sdk.a(startup.c.o)
 .debug_frame   0x00000edc       0x40 D:\RTOS_PROJEKT\erica\workspace\test_compile\erika\lib\libs32sdk.a(system_S32K148.c.o)
 .debug_frame   0x00000f1c       0x58 D:\RTOS_PROJEKT\erica\workspace\test_compile\erika\lib\libee.a(ee_cortex_m_system_timer.c.o)
 .debug_frame   0x00000f74       0x50 D:\RTOS_PROJEKT\erica\workspace\test_compile\erika\lib\libee.a(ee_oo_api_extension.c.o)
 .debug_frame   0x00000fc4      0x244 D:\RTOS_PROJEKT\erica\workspace\test_compile\erika\lib\libee.a(ee_oo_api_osek.c.o)
 .debug_frame   0x00001208       0x6c D:\RTOS_PROJEKT\erica\workspace\test_compile\erika\lib\libee.a(ee_oo_sched_entry_points.c.o)
 .debug_frame   0x00001274       0x94 D:\RTOS_PROJEKT\erica\workspace\test_compile\erika\lib\libee.a(ee_oo_scheduler.c.o)
 .debug_frame   0x00001308       0x58 D:\RTOS_PROJEKT\erica\workspace\test_compile\erika\lib\libee.a(ee_oo_kernel.c.o)
 .debug_frame   0x00001360       0xe8 D:\RTOS_PROJEKT\erica\workspace\test_compile\erika\lib\libee.a(ee_oo_sched_partitioned.c.o)
 .debug_frame   0x00001448       0x7c D:\RTOS_PROJEKT\erica\workspace\test_compile\erika\lib\libee.a(ee_oo_counter.c.o)
 .debug_frame   0x000014c4       0x58 D:\RTOS_PROJEKT\erica\workspace\test_compile\erika\lib\libee.a(ee_std_change_context.c.o)
 .debug_frame   0x0000151c       0x28 D:\RTOS_PROJEKT\erica\workspace\test_compile\erika\lib\libee.a(ee_cortex_m_system.c.o)
 .debug_frame   0x00001544       0x30 D:\RTOS_PROJEKT\erica\workspace\test_compile\erika\lib\libee.a(ee_cortex_m_change_context.c.o)
 .debug_frame   0x00001574       0x38 D:\RTOS_PROJEKT\erica\workspace\test_compile\erika\lib\libee.a(ee_s32k1xx_intvect.c.o)
 .debug_frame   0x000015ac       0x5c D:\RTOS_PROJEKT\erica\workspace\test_compile\erika\lib\libee.a(ee_cortex_m_irqstub.c.o)
